Archive member included to satisfy reference by file (symbol)

../../components/newlib/newlib-3.1.0/armca5/libc.a(lib_a-memcpy-stub.o)
                              components/ql-application/init/CMakeFiles/SLOGGERS6V001_APP.dir/ql_init.c.obj (memcpy)
../../components/newlib/newlib-3.1.0/armca5/libc.a(lib_a-memset.o)
                              components/ql-application/init/CMakeFiles/SLOGGERS6V001_APP.dir/ql_init.c.obj (memset)
../../components/newlib/newlib-3.1.0/armca5/libc.a(lib_a-sprintf.o)
                              components/ql-application/init/CMakeFiles/SLOGGERS6V001_APP.dir/ql_init.c.obj (sprintf)
../../components/newlib/newlib-3.1.0/armca5/libc.a(lib_a-strcat.o)
                              components/ql-application/init/CMakeFiles/SLOGGERS6V001_APP.dir/ql_init.c.obj (strcat)
../../components/newlib/newlib-3.1.0/armca5/libc.a(lib_a-strcmp.o)
                              components/ql-application/init/CMakeFiles/SLOGGERS6V001_APP.dir/ql_init.c.obj (strcmp)
../../components/newlib/newlib-3.1.0/armca5/libc.a(lib_a-strcpy.o)
                              components/ql-application/init/CMakeFiles/SLOGGERS6V001_APP.dir/ql_init.c.obj (strcpy)
../../components/newlib/newlib-3.1.0/armca5/libc.a(lib_a-strlen.o)
                              components/ql-application/init/CMakeFiles/SLOGGERS6V001_APP.dir/ql_init.c.obj (strlen)
../../components/newlib/newlib-3.1.0/armca5/libc.a(lib_a-svfprintf.o)
                              ../../components/newlib/newlib-3.1.0/armca5/libc.a(lib_a-sprintf.o) (_svfprintf_r)
../../components/newlib/newlib-3.1.0/armca5/libc.a(lib_a-dtoa.o)
                              ../../components/newlib/newlib-3.1.0/armca5/libc.a(lib_a-svfprintf.o) (_dtoa_r)
../../components/newlib/newlib-3.1.0/armca5/libc.a(lib_a-localeconv.o)
                              ../../components/newlib/newlib-3.1.0/armca5/libc.a(lib_a-svfprintf.o) (_localeconv_r)
../../components/newlib/newlib-3.1.0/armca5/libc.a(lib_a-locale.o)
                              ../../components/newlib/newlib-3.1.0/armca5/libc.a(lib_a-localeconv.o) (__global_locale)
../../components/newlib/newlib-3.1.0/armca5/libc.a(lib_a-mbtowc_r.o)
                              ../../components/newlib/newlib-3.1.0/armca5/libc.a(lib_a-locale.o) (__ascii_mbtowc)
../../components/newlib/newlib-3.1.0/armca5/libc.a(lib_a-memchr.o)
                              ../../components/newlib/newlib-3.1.0/armca5/libc.a(lib_a-svfprintf.o) (memchr)
../../components/newlib/newlib-3.1.0/armca5/libc.a(lib_a-mprec.o)
                              ../../components/newlib/newlib-3.1.0/armca5/libc.a(lib_a-dtoa.o) (_Balloc)
../../components/newlib/newlib-3.1.0/armca5/libc.a(lib_a-s_frexp.o)
                              ../../components/newlib/newlib-3.1.0/armca5/libc.a(lib_a-svfprintf.o) (frexp)
../../components/newlib/newlib-3.1.0/armca5/libc.a(lib_a-strncpy.o)
                              ../../components/newlib/newlib-3.1.0/armca5/libc.a(lib_a-svfprintf.o) (strncpy)
../../components/newlib/newlib-3.1.0/armca5/libc.a(lib_a-svfiprintf.o)
                              ../../components/newlib/newlib-3.1.0/armca5/libc.a(lib_a-svfprintf.o) (__ssprint_r)
../../components/newlib/newlib-3.1.0/armca5/libc.a(lib_a-wctomb_r.o)
                              ../../components/newlib/newlib-3.1.0/armca5/libc.a(lib_a-locale.o) (__ascii_wctomb)
../../components/newlib/newlib-3.1.0/armca5/libc.a(lib_a-ctype_.o)
                              ../../components/newlib/newlib-3.1.0/armca5/libc.a(lib_a-locale.o) (_ctype_)
../../components/newlib/newlib-3.1.0/armca5/libc.a(lib_a-memmove.o)
                              ../../components/newlib/newlib-3.1.0/armca5/libc.a(lib_a-svfiprintf.o) (memmove)
../../prebuilts/win32/gcc-arm-none-eabi/gcc-arm-none-eabi-9.2.1/bin/../lib/gcc/arm-none-eabi/9.2.1/thumb/v7+fp/hard/libgcc.a(_udivsi3.o)
                              ../../components/newlib/newlib-3.1.0/armca5/libc.a(lib_a-dtoa.o) (__aeabi_uidiv)
../../prebuilts/win32/gcc-arm-none-eabi/gcc-arm-none-eabi-9.2.1/bin/../lib/gcc/arm-none-eabi/9.2.1/thumb/v7+fp/hard/libgcc.a(_divsi3.o)
                              ../../components/newlib/newlib-3.1.0/armca5/libc.a(lib_a-svfprintf.o) (__aeabi_idivmod)
../../prebuilts/win32/gcc-arm-none-eabi/gcc-arm-none-eabi-9.2.1/bin/../lib/gcc/arm-none-eabi/9.2.1/thumb/v7+fp/hard/libgcc.a(_dvmd_tls.o)
                              ../../prebuilts/win32/gcc-arm-none-eabi/gcc-arm-none-eabi-9.2.1/bin/../lib/gcc/arm-none-eabi/9.2.1/thumb/v7+fp/hard/libgcc.a(_udivsi3.o) (__aeabi_idiv0)
../../prebuilts/win32/gcc-arm-none-eabi/gcc-arm-none-eabi-9.2.1/bin/../lib/gcc/arm-none-eabi/9.2.1/thumb/v7+fp/hard/libgcc.a(_aeabi_uldivmod.o)
                              ../../components/newlib/newlib-3.1.0/armca5/libc.a(lib_a-svfprintf.o) (__aeabi_uldivmod)
../../prebuilts/win32/gcc-arm-none-eabi/gcc-arm-none-eabi-9.2.1/bin/../lib/gcc/arm-none-eabi/9.2.1/thumb/v7+fp/hard/libgcc.a(_udivmoddi4.o)
[...]
Memory Configuration

Name             Origin             Length             Attributes
flash            0x601ae100         0x00050f00         xr
ram              0x807f0000         0x00010000         xrw
*default*        0x00000000         0xffffffff

Linker script and memory map

LOAD lib/core_stub.o
LOAD components/ql-application/init/CMakeFiles/SLOGGERS6V001_APP.dir/ql_init.c.obj
LOAD ../../components/newlib/newlib-3.1.0/armca5/libc.a
LOAD ../../components/newlib/newlib-3.1.0/armca5/libm.a
LOAD ../../prebuilts/win32/gcc-arm-none-eabi/gcc-arm-none-eabi-9.2.1/bin/../lib/gcc/arm-none-eabi/9.2.1/thumb/v7+fp/hard/libgcc.a
LOAD lib/libql_app_nw.a
LOAD lib/libql_app_peripheral.a
LOAD lib/libql_app_osi.a
LOAD lib/libql_app_dev.a
LOAD lib/libql_app_sim.a
LOAD lib/libql_app_power.a
LOAD lib/libql_app_usb.a
LOAD lib/libql_app_ftp.a
LOAD lib/libql_app_http.a
LOAD lib/libql_app_mqtt.a
LOAD lib/libql_app_ssl.a
LOAD lib/libql_app_ping.a
LOAD lib/libql_app_ntp.a
LOAD lib/libql_app_lbs.a
LOAD lib/libql_app_socket.a
LOAD lib/libql_app_wifi_scan.a
LOAD lib/libql_app_lcd.a
LOAD lib/libql_app_lvgl.a
LOAD lib/libql_app_camera.a
LOAD lib/libql_app_file.a
LOAD lib/libql_app_sms.a
LOAD lib/libql_app_spi.a
LOAD lib/libql_app_spi_nor_flash.a
LOAD lib/libql_app_spi6_ext_nor_flash.a
LOAD lib/libql_app_spi_nand_flash.a
LOAD lib/libql_app_decoder.a
LOAD ../../components/newlib/armca5/libql_api_decoder.a
LOAD ../../components/newlib/newlib-3.1.0/armca5/libm.a
LOAD lib/libql_app_img_at.a
LOAD lib/libql_app_rtc.a
LOAD lib/libql_ali_linkSDK.a
LOAD lib/libql_qcloud_iot.a
LOAD lib/libql_app_virt_at.a
LOAD lib/libql_app_http_fota.a
LOAD lib/libql_app_ftp_fota.a
LOAD lib/libql_app_i2c.a
LOAD lib/libql_app_mxml.a
LOAD lib/libql_app_hilinksdk.a
LOAD lib/libql_app_hilinksdk.a
LOAD lib/ql_hilinksdk.a
START GROUP
LOAD ..\..\components\newlib\newlib-3.1.0\armca5\libc.a
LOAD ..\..\components\newlib\newlib-3.1.0\armca5\libm.a
LOAD ..\..\prebuilts\win32\gcc-arm-none-eabi\gcc-arm-none-eabi-9.2.1\lib\gcc\arm-none-eabi\9.2.1\thumb\v7+fp\hard\libgcc.a
LOAD ..\..\components\ql-application\HiLinkSDK\lib\tl8251\lib\debug\libhilinkbtsdk.a
LOAD ..\..\components\ql-application\HiLinkSDK\lib\WiFi\ota\debug\libhilinkota.a
LOAD ..\..\components\ql-application\HiLinkSDK\lib\WiFi\softap\debug\libhilinkdevicesdk.a
END GROUP
LOAD ../../components/newlib/newlib-3.1.0/armca5/libm.a
LOAD lib/libql_app_peripheral.a
LOAD lib/liblvgl.a
LOAD lib/libql_app_hilinksdk.a
LOAD ../../components/newlib/armca5/libql_newlib.a
LOAD ../../components/newlib/newlib-3.1.0/armca5/libc.a
LOAD ../../components/newlib/newlib-3.1.0/armca5/libm.a
LOAD ../../prebuilts/win32/gcc-arm-none-eabi/gcc-arm-none-eabi-9.2.1/bin/../lib/gcc/arm-none-eabi/9.2.1/thumb/v7+fp/hard/libgcc.a
                0x00000000                PROVIDE (appimg_get_param = 0x0)
                0x00000000                PROVIDE (appimg_set_param = 0x0)
                0x601ae100                . = ORIGIN (flash)
                0x601ae100                __flash_start = .

.imageheader    0x601ae100       0x80
                0x601ae100        0x4 LONG 0x41505032
                0x601ae104        0x4 LONG 0x0
                0x601ae108        0x4 LONG 0x0
 *(.rodata.core_stub.header)
 .rodata.core_stub.header
                0x601ae10c       0x14 lib/core_stub.o
                0x601ae10c                gAppImageCoreHeader
                0x601ae120        0x4 LONG 0x2
                0x601ae124        0x4 LONG 0x80 (__corestub_load_start - __flash_start)
                0x601ae128        0x4 LONG 0x100 (__corestub_end - __corestub_start)
                0x601ae12c        0x4 LONG 0x807f0000 __corestub_start
                0x601ae130        0x4 LONG 0x4
                0x601ae134        0x4 LONG 0x300 (__text_load_start - __flash_start)
                0x601ae138        0x4 LONG 0x8018 (__text_end - __text_start)
                0x601ae13c        0x4 LONG 0x601ae400 __text_start
                0x601ae140        0x4 LONG 0x4
                0x601ae144        0x4 LONG 0x8340 (__init_array_load_start - __flash_start)
                0x601ae148        0x4 LONG 0x0 (__init_array_end - __init_array_start)
                0x601ae14c        0x4 LONG 0x601b6440 __init_array_start
                0x601ae150        0x4 LONG 0x1
                0x601ae154        0x4 LONG 0x180 (__data_load_start - __flash_start)
                0x601ae158        0x4 LONG 0x17a (__data_end - __data_start)
                0x601ae15c        0x4 LONG 0x807f0100 __data_start
                0x601ae160        0x4 LONG 0x3
                0x601ae164        0x4 LONG 0x0
                0x601ae168        0x4 LONG 0x980 (__bss_end - __bss_start)
                0x601ae16c        0x4 LONG 0x807f0280 __bss_start
                0x601ae170        0x4 LONG 0x0
                0x601ae174        0x4 LONG 0x0
                0x601ae178        0x4 LONG 0x0
                0x601ae17c        0x4 LONG 0x0
                0x00000001                ASSERT ((SIZEOF (.imageheader) == 0x80), invalid app image header)
                0x807f0000                . = ORIGIN (ram)
                0x807f0000                __ram_start = .

.corestub       0x807f0000      0x100 load address 0x601ae180
                0x807f0000                __corestub_start = .
 *(.text.core_stub.*)
 .text.core_stub.__getreent
                0x807f0000        0x8 lib/core_stub.o
                0x807f0000                __getreent
 .text.core_stub.calloc
                0x807f0008        0x8 lib/core_stub.o
                0x807f0008                calloc
 .text.core_stub.free
                0x807f0010        0x8 lib/core_stub.o
                0x807f0010                free
 .text.core_stub.lwip_inet_ntop
                0x807f0018        0x8 lib/core_stub.o
                0x807f0018                lwip_inet_ntop
 .text.core_stub.malloc
                0x807f0020        0x8 lib/core_stub.o
                0x807f0020                malloc
 .text.core_stub.osiTracePrintf
                0x807f0028        0x8 lib/core_stub.o
                0x807f0028                osiTracePrintf
 .text.core_stub.ql_bind_sim_and_profile
                0x807f0030        0x8 lib/core_stub.o
                0x807f0030                ql_bind_sim_and_profile
 .text.core_stub.ql_dev_cfg_wdt
                0x807f0038        0x8 lib/core_stub.o
                0x807f0038                ql_dev_cfg_wdt
 .text.core_stub.ql_dev_get_imei
                0x807f0040        0x8 lib/core_stub.o
                0x807f0040                ql_dev_get_imei
 .text.core_stub.ql_get_data_call_info
                0x807f0048        0x8 lib/core_stub.o
                0x807f0048                ql_get_data_call_info
 .text.core_stub.ql_log_set_port
                0x807f0050        0x8 lib/core_stub.o
                0x807f0050                ql_log_set_port
 .text.core_stub.ql_mqtt_client_deinit
                0x807f0058        0x8 lib/core_stub.o
                0x807f0058                ql_mqtt_client_deinit
 .text.core_stub.ql_mqtt_client_init
                0x807f0060        0x8 lib/core_stub.o
                0x807f0060                ql_mqtt_client_init
 .text.core_stub.ql_mqtt_connect
                0x807f0068        0x8 lib/core_stub.o
                0x807f0068                ql_mqtt_connect
 .text.core_stub.ql_mqtt_publish
                0x807f0070        0x8 lib/core_stub.o
                0x807f0070                ql_mqtt_publish
 .text.core_stub.ql_mqtt_set_inpub_callback
                0x807f0078        0x8 lib/core_stub.o
                0x807f0078                ql_mqtt_set_inpub_callback
 .text.core_stub.ql_mqtt_sub_unsub
                0x807f0080        0x8 lib/core_stub.o
                0x807f0080                ql_mqtt_sub_unsub
 .text.core_stub.ql_network_register_wait
                0x807f0088        0x8 lib/core_stub.o
                0x807f0088                ql_network_register_wait
 .text.core_stub.ql_quec_trace_enable
                0x807f0090        0x8 lib/core_stub.o
                0x807f0090                ql_quec_trace_enable
 .text.core_stub.ql_rtos_semaphore_create
                0x807f0098        0x8 lib/core_stub.o
                0x807f0098                ql_rtos_semaphore_create
 .text.core_stub.ql_rtos_semaphore_release
                0x807f00a0        0x8 lib/core_stub.o
                0x807f00a0                ql_rtos_semaphore_release
 .text.core_stub.ql_rtos_semaphore_wait
                0x807f00a8        0x8 lib/core_stub.o
                0x807f00a8                ql_rtos_semaphore_wait
 .text.core_stub.ql_rtos_task_create
                0x807f00b0        0x8 lib/core_stub.o
                0x807f00b0                ql_rtos_task_create
 .text.core_stub.ql_rtos_task_sleep_ms
                0x807f00b8        0x8 lib/core_stub.o
                0x807f00b8                ql_rtos_task_sleep_ms
 .text.core_stub.ql_rtos_task_sleep_s
                0x807f00c0        0x8 lib/core_stub.o
                0x807f00c0                ql_rtos_task_sleep_s
 .text.core_stub.ql_set_data_call_asyn_mode
                0x807f00c8        0x8 lib/core_stub.o
                0x807f00c8                ql_set_data_call_asyn_mode
 .text.core_stub.ql_start_data_call
                0x807f00d0        0x8 lib/core_stub.o
                0x807f00d0                ql_start_data_call
 .text.core_stub.ql_stop_data_call
                0x807f00d8        0x8 lib/core_stub.o
                0x807f00d8                ql_stop_data_call
 .text.core_stub.ql_uart_open
                0x807f00e0        0x8 lib/core_stub.o
                0x807f00e0                ql_uart_open
 .text.core_stub.ql_uart_set_dcbconfig
                0x807f00e8        0x8 lib/core_stub.o
                0x807f00e8                ql_uart_set_dcbconfig
 .text.core_stub.ql_uart_write
                0x807f00f0        0x8 lib/core_stub.o
                0x807f00f0                ql_uart_write
 .text.core_stub.realloc
                0x807f00f8        0x8 lib/core_stub.o
                0x807f00f8                realloc
                0x807f0100                __corestub_end = .
                0x807f0100                . = ALIGN (0x20)
                0x601ae180                __corestub_load_start = LOADADDR (.corestub)

.data           0x807f0100      0x180 load address 0x601ae280
                0x807f0100                __data_start = .
 *(.data .data.* .gnu.linkonce.d.*)
 .data.__global_locale
                0x807f0100      0x16c ../../components/newlib/newlib-3.1.0/armca5/libc.a(lib_a-locale.o)
                0x807f0100                __global_locale
 .data.global_hooks
                0x807f026c        0xc ..\..\components\ql-application\HiLinkSDK\lib\tl8251\lib\debug\libhilinkbtsdk.a(cJSON.c.o)
 .data.numempty
                0x807f0278        0x2 ..\..\components\newlib\newlib-3.1.0\armca5\libc.a(lib_a-lnumeric.o)
                0x807f027a                __data_end = .
                0x807f0280                . = ALIGN (0x20)
 *fill*         0x807f027a        0x6 
                0x601ae280                __data_load_start = LOADADDR (.data)

.igot.plt       0x601ae400        0x0
 .igot.plt      0x601ae400        0x0 lib/core_stub.o

.bss            0x807f0280      0x980
                0x807f0280                __bss_start = .
 *(.bss .bss.* COMMON .scommon .sbss .sbss.* .sbss2 .sbss2.* .gnu.linkonce.b.*)
 .bss.mqtt_connected
                0x807f0280        0x4 components/ql-application/init/CMakeFiles/SLOGGERS6V001_APP.dir/ql_init.c.obj
 .bss.mqtt_semp
                0x807f0284        0x4 components/ql-application/init/CMakeFiles/SLOGGERS6V001_APP.dir/ql_init.c.obj
 .bss.mqtt_task
                0x807f0288        0x4 components/ql-application/init/CMakeFiles/SLOGGERS6V001_APP.dir/ql_init.c.obj
                0x807f0288                mqtt_task
 .bss.ql_main1  0x807f028c        0x4 components/ql-application/init/CMakeFiles/SLOGGERS6V001_APP.dir/ql_init.c.obj
                0x807f028c                ql_main1
 .bss.ql_main2  0x807f0290        0x4 components/ql-application/init/CMakeFiles/SLOGGERS6V001_APP.dir/ql_init.c.obj
                0x807f0290                ql_main2
 COMMON         0x807f0294      0x96c components/ql-application/init/CMakeFiles/SLOGGERS6V001_APP.dir/ql_init.c.obj
                0x807f0294                mqtt_cli
                0x807f0298                topic_cau_hinh
                0x807f02fc                topic_gui
                0x807f0360                topic_sensor
                0x807f03c4                message_sendMQTT
                0x807f07ac                len_message_sendMQTT
                0x807f07b0                m
                0x807f0b98                len
                0x807f0b9c                topic_nhan
                0x807f0c00                __bss_end = .
                0x807f0c00                . = ALIGN (0x20)
                0x601ae400                . = ((LOADADDR (.corestub) + SIZEOF (.corestub)) + SIZEOF (.data))

.text           0x601ae400     0x8020
                0x601ae400                __text_start = .
 *(.text .text.* .gnu.linkonce.t.* .rdata .rodata .rodata.* .gnu.linkonce.r.* .glue_7 .glue_7t .vfp11_veneer .v4_bx)
 .glue_7        0x601ae400        0x0 linker stubs
 .glue_7t       0x601ae400        0x0 linker stubs
 .vfp11_veneer  0x601ae400        0x0 linker stubs
 .v4_bx         0x601ae400        0x0 linker stubs
 .text.main1    0x601ae400        0xa components/ql-application/init/CMakeFiles/SLOGGERS6V001_APP.dir/ql_init.c.obj
 .text.main2    0x601ae40a        0xa components/ql-application/init/CMakeFiles/SLOGGERS6V001_APP.dir/ql_init.c.obj
 .rodata.uart_log_init.str1.1
                0x601ae414       0x11 components/ql-application/init/CMakeFiles/SLOGGERS6V001_APP.dir/ql_init.c.obj
 *fill*         0x601ae425        0x3 
 .text.uart_log_init
                0x601ae428       0x44 components/ql-application/init/CMakeFiles/SLOGGERS6V001_APP.dir/ql_init.c.obj
                0x601ae428                uart_log_init
 .rodata.log_print.str1.1
                0x601ae46c        0xa components/ql-application/init/CMakeFiles/SLOGGERS6V001_APP.dir/ql_init.c.obj
 *fill*         0x601ae476        0x2 
 .text.log_print
                0x601ae478       0x28 components/ql-application/init/CMakeFiles/SLOGGERS6V001_APP.dir/ql_init.c.obj
                0x601ae478                log_print
 .rodata.mqtt_app_thread.str1.1
                0x601ae4a0      0x363 components/ql-application/init/CMakeFiles/SLOGGERS6V001_APP.dir/ql_init.c.obj
                                0x367 (size before relaxing)
 *fill*         0x601ae803        0x5 
 .text.mqtt_app_thread
                0x601ae808      0x4e8 components/ql-application/init/CMakeFiles/SLOGGERS6V001_APP.dir/ql_init.c.obj
 .rodata.mqtt_requst_result_cb.str1.1
                0x601aecf0        0x8 components/ql-application/init/CMakeFiles/SLOGGERS6V001_APP.dir/ql_init.c.obj
 .text.mqtt_requst_result_cb
                0x601aecf8       0x2c components/ql-application/init/CMakeFiles/SLOGGERS6V001_APP.dir/ql_init.c.obj
 .rodata.mqtt_inpub_data_cb.str1.1
                0x601aed24       0x32 components/ql-application/init/CMakeFiles/SLOGGERS6V001_APP.dir/ql_init.c.obj
 *fill*         0x601aed56        0x2 
 .text.mqtt_inpub_data_cb
                0x601aed58       0x60 components/ql-application/init/CMakeFiles/SLOGGERS6V001_APP.dir/ql_init.c.obj
 .rodata.mqtt_state_exception_cb.str1.1
                0x601aedb8       0x21 components/ql-application/init/CMakeFiles/SLOGGERS6V001_APP.dir/ql_init.c.obj
 *fill*         0x601aedd9        0x3 
 .text.mqtt_state_exception_cb
                0x601aeddc       0x18 components/ql-application/init/CMakeFiles/SLOGGERS6V001_APP.dir/ql_init.c.obj
 .rodata.mqtt_connect_result_cb.str1.1
                0x601aedf4        0xb components/ql-application/init/CMakeFiles/SLOGGERS6V001_APP.dir/ql_init.c.obj
 *fill*         0x601aedff        0x1 
 .text.mqtt_connect_result_cb
                0x601aee00       0x38 components/ql-application/init/CMakeFiles/SLOGGERS6V001_APP.dir/ql_init.c.obj
 .rodata.appimg_enter.str1.1
                0x601aee38       0x4e components/ql-application/init/CMakeFiles/SLOGGERS6V001_APP.dir/ql_init.c.obj
 *fill*         0x601aee86        0x2 
 .text.appimg_enter
                0x601aee88       0xac components/ql-application/init/CMakeFiles/SLOGGERS6V001_APP.dir/ql_init.c.obj
                0x601aee88                appimg_enter
 .rodata.appimg_exit.str1.1
                0x601aef34       0x1d components/ql-application/init/CMakeFiles/SLOGGERS6V001_APP.dir/ql_init.c.obj
 *fill*         0x601aef51        0x3 
 .text.appimg_exit
                0x601aef54       0x1c components/ql-application/init/CMakeFiles/SLOGGERS6V001_APP.dir/ql_init.c.obj
                0x601aef54                appimg_exit
 .rodata.__FUNCTION__.16754
                0x601aef70        0xc components/ql-application/init/CMakeFiles/SLOGGERS6V001_APP.dir/ql_init.c.obj
 .text.memcpy   0x601aef7c       0xc8 ../../components/newlib/newlib-3.1.0/armca5/libc.a(lib_a-memcpy-stub.o)
                0x601aef7c                memcpy
 .text.memset   0x601af044       0xa8 ../../components/newlib/newlib-3.1.0/armca5/libc.a(lib_a-memset.o)
                0x601af044                memset
 .text.sprintf  0x601af0ec       0x40 ../../components/newlib/newlib-3.1.0/armca5/libc.a(lib_a-sprintf.o)
                0x601af0ec                sprintf
 .text.strcat   0x601af12c       0x40 ../../components/newlib/newlib-3.1.0/armca5/libc.a(lib_a-strcat.o)
                0x601af12c                strcat
 *fill*         0x601af16c       0x14 
 .text          0x601af180      0x2dc ../../components/newlib/newlib-3.1.0/armca5/libc.a(lib_a-strcmp.o)
                0x601af188                strcmp
 .text.strcpy   0x601af45c       0xc4 ../../components/newlib/newlib-3.1.0/armca5/libc.a(lib_a-strcpy.o)
                0x601af45c                strcpy
 *fill*         0x601af520       0x20 
 .text          0x601af540       0xdc ../../components/newlib/newlib-3.1.0/armca5/libc.a(lib_a-strlen.o)
                0x601af540                strlen
 .rodata._svfprintf_r.str1.1
                0x601af61c       0x3b ../../components/newlib/newlib-3.1.0/armca5/libc.a(lib_a-svfprintf.o)
 *fill*         0x601af657        0x1 
 .text._svfprintf_r
                0x601af658     0x1314 ../../components/newlib/newlib-3.1.0/armca5/libc.a(lib_a-svfprintf.o)
                0x601af658                _svfprintf_r
 .rodata.blanks.8611
                0x601b096c       0x10 ../../components/newlib/newlib-3.1.0/armca5/libc.a(lib_a-svfprintf.o)
 .rodata.zeroes.8612
                0x601b097c       0x10 ../../components/newlib/newlib-3.1.0/armca5/libc.a(lib_a-svfprintf.o)
 .text.quorem   0x601b098c      0x126 ../../components/newlib/newlib-3.1.0/armca5/libc.a(lib_a-dtoa.o)
 .rodata._dtoa_r.str1.1
                0x601b0ab2        0xd ../../components/newlib/newlib-3.1.0/armca5/libc.a(lib_a-dtoa.o)
                                  0xf (size before relaxing)
 *fill*         0x601b0abf        0x1 
 .text._dtoa_r  0x601b0ac0      0xa50 ../../components/newlib/newlib-3.1.0/armca5/libc.a(lib_a-dtoa.o)
                0x601b0ac0                _dtoa_r
 .text._localeconv_r
                0x601b1510        0x8 ../../components/newlib/newlib-3.1.0/armca5/libc.a(lib_a-localeconv.o)
                0x601b1510                _localeconv_r
 .rodata._setlocale_r.str1.1
                0x601b1518        0x8 ../../components/newlib/newlib-3.1.0/armca5/libc.a(lib_a-locale.o)
                                  0x9 (size before relaxing)
 .text.__locale_mb_cur_max
                0x601b1520        0xc ../../components/newlib/newlib-3.1.0/armca5/libc.a(lib_a-locale.o)
                0x601b1520                __locale_mb_cur_max
 .rodata.str1.1
                0x601b152c        0x2 ../../components/newlib/newlib-3.1.0/armca5/libc.a(lib_a-locale.o)
 .text.__ascii_mbtowc
                0x601b152e       0x24 ../../components/newlib/newlib-3.1.0/armca5/libc.a(lib_a-mbtowc_r.o)
                0x601b152e                __ascii_mbtowc
 *fill*         0x601b1552        0xe 
 .text          0x601b1560       0xe8 ../../components/newlib/newlib-3.1.0/armca5/libc.a(lib_a-memchr.o)
                0x601b1560                memchr
 .text._Balloc  0x601b1648       0x48 ../../components/newlib/newlib-3.1.0/armca5/libc.a(lib_a-mprec.o)
                0x601b1648                _Balloc
 .text._Bfree   0x601b1690       0x12 ../../components/newlib/newlib-3.1.0/armca5/libc.a(lib_a-mprec.o)
                0x601b1690                _Bfree
 .text.__multadd
                0x601b16a2       0x7c ../../components/newlib/newlib-3.1.0/armca5/libc.a(lib_a-mprec.o)
                0x601b16a2                __multadd
 *fill*         0x601b171e        0x2 
 .text.__s2b    0x601b1720       0x88 ../../components/newlib/newlib-3.1.0/armca5/libc.a(lib_a-mprec.o)
                0x601b1720                __s2b
 .text.__hi0bits
                0x601b17a8       0x40 ../../components/newlib/newlib-3.1.0/armca5/libc.a(lib_a-mprec.o)
                0x601b17a8                __hi0bits
 .text.__lo0bits
                0x601b17e8       0x5c ../../components/newlib/newlib-3.1.0/armca5/libc.a(lib_a-mprec.o)
                0x601b17e8                __lo0bits
 .text.__i2b    0x601b1844       0x12 ../../components/newlib/newlib-3.1.0/armca5/libc.a(lib_a-mprec.o)
                0x601b1844                __i2b
 .text.__multiply
                0x601b1856      0x136 ../../components/newlib/newlib-3.1.0/armca5/libc.a(lib_a-mprec.o)
                0x601b1856                __multiply
 .text.__pow5mult
                0x601b198c       0x80 ../../components/newlib/newlib-3.1.0/armca5/libc.a(lib_a-mprec.o)
                0x601b198c                __pow5mult
 .text.__lshift
                0x601b1a0c       0xbe ../../components/newlib/newlib-3.1.0/armca5/libc.a(lib_a-mprec.o)
                0x601b1a0c                __lshift
 .text.__mcmp   0x601b1aca       0x36 ../../components/newlib/newlib-3.1.0/armca5/libc.a(lib_a-mprec.o)
                0x601b1aca                __mcmp
 .text.__mdiff  0x601b1b00       0xec ../../components/newlib/newlib-3.1.0/armca5/libc.a(lib_a-mprec.o)
                0x601b1b00                __mdiff
 .text.__ulp    0x601b1bec       0x58 ../../components/newlib/newlib-3.1.0/armca5/libc.a(lib_a-mprec.o)
                0x601b1bec                __ulp
 .text.__b2d    0x601b1c44       0xa0 ../../components/newlib/newlib-3.1.0/armca5/libc.a(lib_a-mprec.o)
                0x601b1c44                __b2d
 .text.__d2b    0x601b1ce4       0xa4 ../../components/newlib/newlib-3.1.0/armca5/libc.a(lib_a-mprec.o)
                0x601b1ce4                __d2b
 .text.__ratio  0x601b1d88       0x64 ../../components/newlib/newlib-3.1.0/armca5/libc.a(lib_a-mprec.o)
                0x601b1d88                __ratio
 .text.__copybits
                0x601b1dec       0x46 ../../components/newlib/newlib-3.1.0/armca5/libc.a(lib_a-mprec.o)
                0x601b1dec                __copybits
 .text.__any_on
                0x601b1e32       0x42 ../../components/newlib/newlib-3.1.0/armca5/libc.a(lib_a-mprec.o)
                0x601b1e32                __any_on
 *fill*         0x601b1e74        0x4 
 .rodata.__mprec_bigtens
                0x601b1e78       0x28 ../../components/newlib/newlib-3.1.0/armca5/libc.a(lib_a-mprec.o)
                0x601b1e78                __mprec_bigtens
 .rodata.__mprec_tens
                0x601b1ea0       0xc8 ../../components/newlib/newlib-3.1.0/armca5/libc.a(lib_a-mprec.o)
                0x601b1ea0                __mprec_tens
 .rodata.p05.7384
                0x601b1f68        0xc ../../components/newlib/newlib-3.1.0/armca5/libc.a(lib_a-mprec.o)
 *fill*         0x601b1f74        0x4 
 .text.frexp    0x601b1f78       0x70 ../../components/newlib/newlib-3.1.0/armca5/libc.a(lib_a-s_frexp.o)
                0x601b1f78                frexp
 .text.strncpy  0x601b1fe8       0x74 ../../components/newlib/newlib-3.1.0/armca5/libc.a(lib_a-strncpy.o)
                0x601b1fe8                strncpy
 .text.__ssprint_r
                0x601b205c       0xea ../../components/newlib/newlib-3.1.0/armca5/libc.a(lib_a-svfiprintf.o)
                0x601b205c                __ssprint_r
 .text.__ascii_wctomb
                0x601b2146       0x1a ../../components/newlib/newlib-3.1.0/armca5/libc.a(lib_a-wctomb_r.o)
                0x601b2146                __ascii_wctomb
 .rodata._ctype_
                0x601b2160      0x101 ../../components/newlib/newlib-3.1.0/armca5/libc.a(lib_a-ctype_.o)
                0x601b2160                _ctype_
 *fill*         0x601b2261        0x3 
 .text.memmove  0x601b2264       0xd4 ../../components/newlib/newlib-3.1.0/armca5/libc.a(lib_a-memmove.o)
                0x601b2264                memmove
 .text          0x601b2338      0x278 ../../prebuilts/win32/gcc-arm-none-eabi/gcc-arm-none-eabi-9.2.1/bin/../lib/gcc/arm-none-eabi/9.2.1/thumb/v7+fp/hard/libgcc.a(_udivsi3.o)
                0x601b2338                __aeabi_uidiv
                0x601b2338                __udivsi3
                0x601b2594                __aeabi_uidivmod
 .text          0x601b25b0      0x2b0 ../../prebuilts/win32/gcc-arm-none-eabi/gcc-arm-none-eabi-9.2.1/bin/../lib/gcc/arm-none-eabi/9.2.1/thumb/v7+fp/hard/libgcc.a(_divsi3.o)
                0x601b25b0                __divsi3
                0x601b25b0                __aeabi_idiv
                0x601b2844                __aeabi_idivmod
 .text          0x601b2860        0x4 ../../prebuilts/win32/gcc-arm-none-eabi/gcc-arm-none-eabi-9.2.1/bin/../lib/gcc/arm-none-eabi/9.2.1/thumb/v7+fp/hard/libgcc.a(_dvmd_tls.o)
                0x601b2860                __aeabi_idiv0
                0x601b2860                __aeabi_ldiv0
 .text          0x601b2864       0x30 ../../prebuilts/win32/gcc-arm-none-eabi/gcc-arm-none-eabi-9.2.1/bin/../lib/gcc/arm-none-eabi/9.2.1/thumb/v7+fp/hard/libgcc.a(_aeabi_uldivmod.o)
                0x601b2864                __aeabi_uldivmod
 .text          0x601b2894      0x11c ../../prebuilts/win32/gcc-arm-none-eabi/gcc-arm-none-eabi-9.2.1/bin/../lib/gcc/arm-none-eabi/9.2.1/thumb/v7+fp/hard/libgcc.a(_udivmoddi4.o)
                0x601b2894                __udivmoddi4
 .text.update_offset
                0x601b29b0       0x18 ..\..\components\ql-application\HiLinkSDK\lib\tl8251\lib\debug\libhilinkbtsdk.a(cJSON.c.o)
 .text.ensure   0x601b29c8       0x82 ..\..\components\ql-application\HiLinkSDK\lib\tl8251\lib\debug\libhilinkbtsdk.a(cJSON.c.o)
 .text.add_item_to_array
                0x601b2a4a       0x2a ..\..\components\ql-application\HiLinkSDK\lib\tl8251\lib\debug\libhilinkbtsdk.a(cJSON.c.o)
 .rodata.print_string_ptr.str1.1
                0x601b2a74        0x9 ..\..\components\ql-application\HiLinkSDK\lib\tl8251\lib\debug\libhilinkbtsdk.a(cJSON.c.o)
 *fill*         0x601b2a7d        0x3 
 .text.print_string_ptr
                0x601b2a80      0x130 ..\..\components\ql-application\HiLinkSDK\lib\tl8251\lib\debug\libhilinkbtsdk.a(cJSON.c.o)
 .text.cJSON_strdup.constprop.0
                0x601b2bb0       0x2c ..\..\components\ql-application\HiLinkSDK\lib\tl8251\lib\debug\libhilinkbtsdk.a(cJSON.c.o)
 .text.add_item_to_object.constprop.0
                0x601b2bdc       0x54 ..\..\components\ql-application\HiLinkSDK\lib\tl8251\lib\debug\libhilinkbtsdk.a(cJSON.c.o)
 .text.cJSON_New_Item.isra.0
                0x601b2c30       0x18 ..\..\components\ql-application\HiLinkSDK\lib\tl8251\lib\debug\libhilinkbtsdk.a(cJSON.c.o)
 .rodata.print_value.str1.1
                0x601b2c48       0x22 ..\..\components\ql-application\HiLinkSDK\lib\tl8251\lib\debug\libhilinkbtsdk.a(cJSON.c.o)
 *fill*         0x601b2c6a        0x6 
 .text.print_value
                0x601b2c70      0x3a8 ..\..\components\ql-application\HiLinkSDK\lib\tl8251\lib\debug\libhilinkbtsdk.a(cJSON.c.o)
 .text.print.constprop.0
                0x601b3018       0x94 ..\..\components\ql-application\HiLinkSDK\lib\tl8251\lib\debug\libhilinkbtsdk.a(cJSON.c.o)
 .text.cJSON_Delete
                0x601b30ac       0x48 ..\..\components\ql-application\HiLinkSDK\lib\tl8251\lib\debug\libhilinkbtsdk.a(cJSON.c.o)
                0x601b30ac                cJSON_Delete
 .text.cJSON_Print
                0x601b30f4        0x6 ..\..\components\ql-application\HiLinkSDK\lib\tl8251\lib\debug\libhilinkbtsdk.a(cJSON.c.o)
                0x601b30f4                cJSON_Print
 *fill*         0x601b30fa        0x6 
 .text.cJSON_CreateNumber
                0x601b3100       0x6c ..\..\components\ql-application\HiLinkSDK\lib\tl8251\lib\debug\libhilinkbtsdk.a(cJSON.c.o)
                0x601b3100                cJSON_CreateNumber
 .text.cJSON_AddNumberToObject
                0x601b316c       0x28 ..\..\components\ql-application\HiLinkSDK\lib\tl8251\lib\debug\libhilinkbtsdk.a(cJSON.c.o)
                0x601b316c                cJSON_AddNumberToObject
 .text.cJSON_CreateObject
                0x601b3194       0x18 ..\..\components\ql-application\HiLinkSDK\lib\tl8251\lib\debug\libhilinkbtsdk.a(cJSON.c.o)
                0x601b3194                cJSON_CreateObject
 .text.cJSON_free
                0x601b31ac        0xc ..\..\components\ql-application\HiLinkSDK\lib\tl8251\lib\debug\libhilinkbtsdk.a(cJSON.c.o)
                0x601b31ac                cJSON_free
 .text.sscanf   0x601b31b8       0x50 ..\..\components\newlib\newlib-3.1.0\armca5\libc.a(lib_a-sscanf.o)
                0x601b31b8                sscanf
 .text.__seofread
                0x601b3208        0x4 ..\..\components\newlib\newlib-3.1.0\armca5\libc.a(lib_a-stdio.o)
                0x601b3208                __seofread
 .text.strncmp  0x601b320c       0x84 ..\..\components\newlib\newlib-3.1.0\armca5\libc.a(lib_a-strncmp.o)
                0x601b320c                strncmp
 .text.sulp     0x601b3290       0x34 ..\..\components\newlib\newlib-3.1.0\armca5\libc.a(lib_a-strtod.o)
 .rodata._strtod_l.str1.1
                0x601b32c4       0x22 ..\..\components\newlib\newlib-3.1.0\armca5\libc.a(lib_a-strtod.o)
                                  0xd (size before relaxing)
 *fill*         0x601b32c4        0x4 
 .text._strtod_l
                0x601b32c8      0xb8c ..\..\components\newlib\newlib-3.1.0\armca5\libc.a(lib_a-strtod.o)
                0x601b32c8                _strtod_l
 .text._strtod_r
                0x601b3e54        0xc ..\..\components\newlib\newlib-3.1.0\armca5\libc.a(lib_a-strtod.o)
                0x601b3e54                _strtod_r
 .rodata.fpi.7544
                0x601b3e60       0x14 ..\..\components\newlib\newlib-3.1.0\armca5\libc.a(lib_a-strtod.o)
 .rodata.fpinan.7580
                0x601b3e74       0x14 ..\..\components\newlib\newlib-3.1.0\armca5\libc.a(lib_a-strtod.o)
 .rodata.tinytens
                0x601b3e88       0x28 ..\..\components\newlib\newlib-3.1.0\armca5\libc.a(lib_a-strtod.o)
 .rodata.__ssvfscanf_r.str1.1
                0x601b3eb0        0x5 ..\..\components\newlib\newlib-3.1.0\armca5\libc.a(lib_a-svfscanf.o)
                                  0x6 (size before relaxing)
 *fill*         0x601b3eb5        0x3 
 .text.__ssvfscanf_r
                0x601b3eb8     0x12bc ..\..\components\newlib\newlib-3.1.0\armca5\libc.a(lib_a-svfscanf.o)
                0x601b3eb8                __ssvfscanf_r
 .rodata.basefix.8680
                0x601b5174       0x22 ..\..\components\newlib\newlib-3.1.0\armca5\libc.a(lib_a-svfscanf.o)
 .text.rshift   0x601b5196       0xa6 ..\..\components\newlib\newlib-3.1.0\armca5\libc.a(lib_a-gdtoa-gethex.o)
 .text.__hexdig_fun
                0x601b523c       0x2a ..\..\components\newlib\newlib-3.1.0\armca5\libc.a(lib_a-gdtoa-gethex.o)
                0x601b523c                __hexdig_fun
 *fill*         0x601b5266        0x2 
 .text.__gethex
                0x601b5268      0x454 ..\..\components\newlib\newlib-3.1.0\armca5\libc.a(lib_a-gdtoa-gethex.o)
                0x601b5268                __gethex
 .text.L_shift  0x601b56bc       0x24 ..\..\components\newlib\newlib-3.1.0\armca5\libc.a(lib_a-gdtoa-hexnan.o)
 .text.__match  0x601b56e0       0x28 ..\..\components\newlib\newlib-3.1.0\armca5\libc.a(lib_a-gdtoa-hexnan.o)
                0x601b56e0                __match
 .text.__hexnan
                0x601b5708      0x138 ..\..\components\newlib\newlib-3.1.0\armca5\libc.a(lib_a-gdtoa-hexnan.o)
                0x601b5708                __hexnan
 .text.iswspace
                0x601b5840        0x6 ..\..\components\newlib\newlib-3.1.0\armca5\libc.a(lib_a-iswspace.o)
                0x601b5840                iswspace
 .rodata.str1.1
                0x601b5846        0x3 ..\..\components\newlib\newlib-3.1.0\armca5\libc.a(lib_a-lnumeric.o)
 *fill*         0x601b5846        0x2 
 .rodata._C_numeric_locale
                0x601b5848        0xc ..\..\components\newlib\newlib-3.1.0\armca5\libc.a(lib_a-lnumeric.o)
                0x601b5848                _C_numeric_locale
 .rodata._mbrtowc_r.str1.1
                0x601b5854        0x1 ..\..\components\newlib\newlib-3.1.0\armca5\libc.a(lib_a-mbrtowc.o)
 .text._mbrtowc_r
                0x601b5854       0x34 ..\..\components\newlib\newlib-3.1.0\armca5\libc.a(lib_a-mbrtowc.o)
                0x601b5854                _mbrtowc_r
 .text.__sccl   0x601b5888       0x74 ..\..\components\newlib\newlib-3.1.0\armca5\libc.a(lib_a-sccl.o)
                0x601b5888                __sccl
 .text.nanf     0x601b58fc        0xc ..\..\components\newlib\newlib-3.1.0\armca5\libc.a(lib_a-sf_nan.o)
                0x601b58fc                nanf
 .text.nan      0x601b5908       0x10 ..\..\components\newlib\newlib-3.1.0\armca5\libc.a(lib_a-s_nan.o)
                0x601b5908                nan
 .text._strtoll_l.isra.0
                0x601b5918      0x12c ..\..\components\newlib\newlib-3.1.0\armca5\libc.a(lib_a-strtoll.o)
 .text._strtoll_r
                0x601b5a44        0x4 ..\..\components\newlib\newlib-3.1.0\armca5\libc.a(lib_a-strtoll.o)
                0x601b5a44                _strtoll_r
 .text._strtol_l.isra.0
                0x601b5a48       0xec ..\..\components\newlib\newlib-3.1.0\armca5\libc.a(lib_a-strtol.o)
 .text._strtol_r
                0x601b5b34        0x4 ..\..\components\newlib\newlib-3.1.0\armca5\libc.a(lib_a-strtol.o)
                0x601b5b34                _strtol_r
 .text._strtoull_l.isra.0
                0x601b5b38      0x134 ..\..\components\newlib\newlib-3.1.0\armca5\libc.a(lib_a-strtoull.o)
 .text._strtoull_r
                0x601b5c6c        0x4 ..\..\components\newlib\newlib-3.1.0\armca5\libc.a(lib_a-strtoull.o)
                0x601b5c6c                _strtoull_r
 .text._strtoul_l.isra.0
                0x601b5c70       0xf4 ..\..\components\newlib\newlib-3.1.0\armca5\libc.a(lib_a-strtoul.o)
 .text._strtoul_r
                0x601b5d64        0x4 ..\..\components\newlib\newlib-3.1.0\armca5\libc.a(lib_a-strtoul.o)
                0x601b5d64                _strtoul_r
 .text._sungetc_r
                0x601b5d68       0x7a ..\..\components\newlib\newlib-3.1.0\armca5\libc.a(lib_a-svfiscanf.o)
                0x601b5d68                _sungetc_r
 .text.__ssrefill_r
                0x601b5de2       0x3a ..\..\components\newlib\newlib-3.1.0\armca5\libc.a(lib_a-svfiscanf.o)
                0x601b5de2                __ssrefill_r
 .text._sfread_r
                0x601b5e1c       0x7a ..\..\components\newlib\newlib-3.1.0\armca5\libc.a(lib_a-svfiscanf.o)
                0x601b5e1c                _sfread_r
 .text.__submore
                0x601b5e96       0x70 ..\..\components\newlib\newlib-3.1.0\armca5\libc.a(lib_a-ungetc.o)
                0x601b5e96                __submore
 *fill*         0x601b5f06        0x2 
 .text.iswspace_l
                0x601b5f08       0x14 ..\..\components\newlib\newlib-3.1.0\armca5\libc.a(lib_a-iswspace_l.o)
                0x601b5f08                iswspace_l
 .text          0x601b5f1c      0x378 ..\..\prebuilts\win32\gcc-arm-none-eabi\gcc-arm-none-eabi-9.2.1\lib\gcc\arm-none-eabi\9.2.1\thumb\v7+fp\hard\libgcc.a(_arm_addsubdf3.o)
                0x601b5f1c                __aeabi_drsub
                0x601b5f24                __aeabi_dsub
                0x601b5f24                __subdf3
                0x601b5f28                __aeabi_dadd
                0x601b5f28                __adddf3
                0x601b61a0                __floatunsidf
                0x601b61a0                __aeabi_ui2d
                0x601b61c0                __floatsidf
                0x601b61c0                __aeabi_i2d
                0x601b61e4                __aeabi_f2d
                0x601b61e4                __extendsfdf2
                0x601b6228                __floatundidf
                0x601b6228                __aeabi_ul2d
                0x601b6238                __floatdidf
                0x601b6238                __aeabi_l2d
 .text          0x601b6294       0x30 ..\..\prebuilts\win32\gcc-arm-none-eabi\gcc-arm-none-eabi-9.2.1\lib\gcc\arm-none-eabi\9.2.1\thumb\v7+fp\hard\libgcc.a(_fixdfdi.o)
                0x601b6294                __fixdfdi
                0x601b6294                __aeabi_d2lz
 *fill*         0x601b62c4        0x4 
 .text          0x601b62c8       0x40 ..\..\prebuilts\win32\gcc-arm-none-eabi\gcc-arm-none-eabi-9.2.1\lib\gcc\arm-none-eabi\9.2.1\thumb\v7+fp\hard\libgcc.a(_fixunsdfdi.o)
                0x601b62c8                __fixunsdfdi
                0x601b62c8                __aeabi_d2ulz
 .text.__stub   0x601b6308      0x110 linker stubs
                0x601b6418                __text_end = .
                0x601b6420                . = ALIGN (0x20)
 *fill*         0x601b6418        0x8 
                0x601ae400                __text_load_start = LOADADDR (.text)

.iplt           0x601b6420        0x0
 .iplt          0x601b6420        0x0 lib/core_stub.o

.rel.dyn        0x601b6420        0x0
 .rel.iplt      0x601b6420        0x0 lib/core_stub.o

.ARM.exidx      0x601b6420        0x8
 .ARM.exidx     0x601b6420        0x8 ../../prebuilts/win32/gcc-arm-none-eabi/gcc-arm-none-eabi-9.2.1/bin/../lib/gcc/arm-none-eabi/9.2.1/thumb/v7+fp/hard/libgcc.a(_udivmoddi4.o)

.init_array     0x601b6440        0x0
                0x601b6440                __init_array_start = .
 *(.init_array*)
                0x601b6440                __init_array_end = .
                0x601b6440                . = ALIGN (0x20)
                0x601b6440                __init_array_load_start = LOADADDR (.init_array)
                0x601b6440                __flash_end = (ADDR (.init_array) + SIZEOF (.init_array))
                0x807f0c00                __ram_end = (ADDR (.bss) + SIZEOF (.bss))
                0x00000001                ASSERT ((__flash_end <= (ORIGIN (flash) + LENGTH (flash))), FLASH overflow)
                0x00000001                ASSERT ((__ram_end <= (ORIGIN (ram) + LENGTH (ram))), RAM overflow)

.comment        0x00000000       0xc6
 *(.comment)
 .comment       0x00000000       0x79 components/ql-application/init/CMakeFiles/SLOGGERS6V001_APP.dir/ql_init.c.obj
                                 0x7a (size before relaxing)
 .comment       0x00000079       0x7a ../../components/newlib/newlib-3.1.0/armca5/libc.a(lib_a-memcpy-stub.o)
 .comment       0x00000079       0x7a ../../components/newlib/newlib-3.1.0/armca5/libc.a(lib_a-memset.o)
 .comment       0x00000079       0x7a ../../components/newlib/newlib-3.1.0/armca5/libc.a(lib_a-sprintf.o)
 .comment       0x00000079       0x7a ../../components/newlib/newlib-3.1.0/armca5/libc.a(lib_a-strcat.o)
 .comment       0x00000079       0x7a ../../components/newlib/newlib-3.1.0/armca5/libc.a(lib_a-strcpy.o)
 .comment       0x00000079       0x7a ../../components/newlib/newlib-3.1.0/armca5/libc.a(lib_a-svfprintf.o)
 .comment       0x00000079       0x7a ../../components/newlib/newlib-3.1.0/armca5/libc.a(lib_a-dtoa.o)
 .comment       0x00000079       0x7a ../../components/newlib/newlib-3.1.0/armca5/libc.a(lib_a-localeconv.o)
 .comment       0x00000079       0x7a ../../components/newlib/newlib-3.1.0/armca5/libc.a(lib_a-locale.o)
 .comment       0x00000079       0x7a ../../components/newlib/newlib-3.1.0/armca5/libc.a(lib_a-mbtowc_r.o)
 .comment       0x00000079       0x7a ../../components/newlib/newlib-3.1.0/armca5/libc.a(lib_a-mprec.o)
 .comment       0x00000079       0x7a ../../components/newlib/newlib-3.1.0/armca5/libc.a(lib_a-s_frexp.o)
 .comment       0x00000079       0x7a ../../components/newlib/newlib-3.1.0/armca5/libc.a(lib_a-strncpy.o)
 .comment       0x00000079       0x7a ../../components/newlib/newlib-3.1.0/armca5/libc.a(lib_a-svfiprintf.o)
 .comment       0x00000079       0x7a ../../components/newlib/newlib-3.1.0/armca5/libc.a(lib_a-wctomb_r.o)
 .comment       0x00000079       0x7a ../../components/newlib/newlib-3.1.0/armca5/libc.a(lib_a-ctype_.o)
 .comment       0x00000079       0x7a ../../components/newlib/newlib-3.1.0/armca5/libc.a(lib_a-memmove.o)
 .comment       0x00000079       0x4d ..\..\components\ql-application\HiLinkSDK\lib\tl8251\lib\debug\libhilinkbtsdk.a(cJSON.c.o)
                                 0x4e (size before relaxing)
 .comment       0x000000c6       0x7a ..\..\components\newlib\newlib-3.1.0\armca5\libc.a(lib_a-sscanf.o)
 .comment       0x000000c6       0x7a ..\..\components\newlib\newlib-3.1.0\armca5\libc.a(lib_a-stdio.o)
 .comment       0x000000c6       0x7a ..\..\components\newlib\newlib-3.1.0\armca5\libc.a(lib_a-strncmp.o)
 .comment       0x000000c6       0x7a ..\..\components\newlib\newlib-3.1.0\armca5\libc.a(lib_a-strtod.o)
 .comment       0x000000c6       0x7a ..\..\components\newlib\newlib-3.1.0\armca5\libc.a(lib_a-svfscanf.o)
 .comment       0x000000c6       0x7a ..\..\components\newlib\newlib-3.1.0\armca5\libc.a(lib_a-gdtoa-gethex.o)
 .comment       0x000000c6       0x7a ..\..\components\newlib\newlib-3.1.0\armca5\libc.a(lib_a-gdtoa-hexnan.o)
 .comment       0x000000c6       0x7a ..\..\components\newlib\newlib-3.1.0\armca5\libc.a(lib_a-iswspace.o)
 .comment       0x000000c6       0x7a ..\..\components\newlib\newlib-3.1.0\armca5\libc.a(lib_a-lnumeric.o)
 .comment       0x000000c6       0x7a ..\..\components\newlib\newlib-3.1.0\armca5\libc.a(lib_a-mbrtowc.o)
 .comment       0x000000c6       0x7a ..\..\components\newlib\newlib-3.1.0\armca5\libc.a(lib_a-sccl.o)
 .comment       0x000000c6       0x7a ..\..\components\newlib\newlib-3.1.0\armca5\libc.a(lib_a-sf_nan.o)
 .comment       0x000000c6       0x7a ..\..\components\newlib\newlib-3.1.0\armca5\libc.a(lib_a-s_nan.o)
 .comment       0x000000c6       0x7a ..\..\components\newlib\newlib-3.1.0\armca5\libc.a(lib_a-strtoll.o)
 .comment       0x000000c6       0x7a ..\..\components\newlib\newlib-3.1.0\armca5\libc.a(lib_a-strtol.o)
 .comment       0x000000c6       0x7a ..\..\components\newlib\newlib-3.1.0\armca5\libc.a(lib_a-strtoull.o)
 .comment       0x000000c6       0x7a ..\..\components\newlib\newlib-3.1.0\armca5\libc.a(lib_a-strtoul.o)
 .comment       0x000000c6       0x7a ..\..\components\newlib\newlib-3.1.0\armca5\libc.a(lib_a-svfiscanf.o)
 .comment       0x000000c6       0x7a ..\..\components\newlib\newlib-3.1.0\armca5\libc.a(lib_a-ungetc.o)
 .comment       0x000000c6       0x7a ..\..\components\newlib\newlib-3.1.0\armca5\libc.a(lib_a-iswspace_l.o)

.ARM.attributes
                0x00000000       0x35
 .ARM.attributes
                0x00000000       0x25 lib/core_stub.o
 .ARM.attributes
                0x00000025       0x37 components/ql-application/init/CMakeFiles/SLOGGERS6V001_APP.dir/ql_init.c.obj
 .ARM.attributes
                0x0000005c       0x37 ../../components/newlib/newlib-3.1.0/armca5/libc.a(lib_a-memcpy-stub.o)
 .ARM.attributes
                0x00000093       0x37 ../../components/newlib/newlib-3.1.0/armca5/libc.a(lib_a-memset.o)
 .ARM.attributes
                0x000000ca       0x37 ../../components/newlib/newlib-3.1.0/armca5/libc.a(lib_a-sprintf.o)
 .ARM.attributes
                0x00000101       0x37 ../../components/newlib/newlib-3.1.0/armca5/libc.a(lib_a-strcat.o)
 .ARM.attributes
                0x00000138       0x25 ../../components/newlib/newlib-3.1.0/armca5/libc.a(lib_a-strcmp.o)
 .ARM.attributes
                0x0000015d       0x37 ../../components/newlib/newlib-3.1.0/armca5/libc.a(lib_a-strcpy.o)
 .ARM.attributes
                0x00000194       0x1d ../../components/newlib/newlib-3.1.0/armca5/libc.a(lib_a-strlen.o)
 .ARM.attributes
                0x000001b1       0x37 ../../components/newlib/newlib-3.1.0/armca5/libc.a(lib_a-svfprintf.o)
 .ARM.attributes
                0x000001e8       0x37 ../../components/newlib/newlib-3.1.0/armca5/libc.a(lib_a-dtoa.o)
 .ARM.attributes
                0x0000021f       0x37 ../../components/newlib/newlib-3.1.0/armca5/libc.a(lib_a-localeconv.o)
 .ARM.attributes
                0x00000256       0x37 ../../components/newlib/newlib-3.1.0/armca5/libc.a(lib_a-locale.o)
 .ARM.attributes
                0x0000028d       0x37 ../../components/newlib/newlib-3.1.0/armca5/libc.a(lib_a-mbtowc_r.o)
 .ARM.attributes
                0x000002c4       0x21 ../../components/newlib/newlib-3.1.0/armca5/libc.a(lib_a-memchr.o)
 .ARM.attributes
                0x000002e5       0x37 ../../components/newlib/newlib-3.1.0/armca5/libc.a(lib_a-mprec.o)
 .ARM.attributes
                0x0000031c       0x37 ../../components/newlib/newlib-3.1.0/armca5/libc.a(lib_a-s_frexp.o)
 .ARM.attributes
                0x00000353       0x37 ../../components/newlib/newlib-3.1.0/armca5/libc.a(lib_a-strncpy.o)
 .ARM.attributes
                0x0000038a       0x37 ../../components/newlib/newlib-3.1.0/armca5/libc.a(lib_a-svfiprintf.o)
 .ARM.attributes
                0x000003c1       0x37 ../../components/newlib/newlib-3.1.0/armca5/libc.a(lib_a-wctomb_r.o)
 .ARM.attributes
                0x000003f8       0x3d ../../components/newlib/newlib-3.1.0/armca5/libc.a(lib_a-ctype_.o)
 .ARM.attributes
                0x00000435       0x37 ../../components/newlib/newlib-3.1.0/armca5/libc.a(lib_a-memmove.o)
 .ARM.attributes
                0x0000046c       0x19 ../../prebuilts/win32/gcc-arm-none-eabi/gcc-arm-none-eabi-9.2.1/bin/../lib/gcc/arm-none-eabi/9.2.1/thumb/v7+fp/hard/libgcc.a(_udivsi3.o)
 .ARM.attributes
                0x00000485       0x19 ../../prebuilts/win32/gcc-arm-none-eabi/gcc-arm-none-eabi-9.2.1/bin/../lib/gcc/arm-none-eabi/9.2.1/thumb/v7+fp/hard/libgcc.a(_divsi3.o)
 .ARM.attributes
                0x0000049e       0x19 ../../prebuilts/win32/gcc-arm-none-eabi/gcc-arm-none-eabi-9.2.1/bin/../lib/gcc/arm-none-eabi/9.2.1/thumb/v7+fp/hard/libgcc.a(_dvmd_tls.o)
 .ARM.attributes
                0x000004b7       0x19 ../../prebuilts/win32/gcc-arm-none-eabi/gcc-arm-none-eabi-9.2.1/bin/../lib/gcc/arm-none-eabi/9.2.1/thumb/v7+fp/hard/libgcc.a(_aeabi_uldivmod.o)
 .ARM.attributes
                0x000004d0       0x2d ../../prebuilts/win32/gcc-arm-none-eabi/gcc-arm-none-eabi-9.2.1/bin/../lib/gcc/arm-none-eabi/9.2.1/thumb/v7+fp/hard/libgcc.a(_udivmoddi4.o)
 .ARM.attributes
                0x000004fd       0x37 ..\..\components\ql-application\HiLinkSDK\lib\tl8251\lib\debug\libhilinkbtsdk.a(cJSON.c.o)
 .ARM.attributes
                0x00000534       0x37 ..\..\components\newlib\newlib-3.1.0\armca5\libc.a(lib_a-sscanf.o)
 .ARM.attributes
                0x0000056b       0x37 ..\..\components\newlib\newlib-3.1.0\armca5\libc.a(lib_a-stdio.o)
 .ARM.attributes
                0x000005a2       0x37 ..\..\components\newlib\newlib-3.1.0\armca5\libc.a(lib_a-strncmp.o)
 .ARM.attributes
                0x000005d9       0x37 ..\..\components\newlib\newlib-3.1.0\armca5\libc.a(lib_a-strtod.o)
 .ARM.attributes
                0x00000610       0x37 ..\..\components\newlib\newlib-3.1.0\armca5\libc.a(lib_a-svfscanf.o)
 .ARM.attributes
                0x00000647       0x37 ..\..\components\newlib\newlib-3.1.0\armca5\libc.a(lib_a-gdtoa-gethex.o)
 .ARM.attributes
                0x0000067e       0x37 ..\..\components\newlib\newlib-3.1.0\armca5\libc.a(lib_a-gdtoa-hexnan.o)
 .ARM.attributes
                0x000006b5       0x37 ..\..\components\newlib\newlib-3.1.0\armca5\libc.a(lib_a-iswspace.o)
 .ARM.attributes
                0x000006ec       0x37 ..\..\components\newlib\newlib-3.1.0\armca5\libc.a(lib_a-lnumeric.o)
 .ARM.attributes
                0x00000723       0x37 ..\..\components\newlib\newlib-3.1.0\armca5\libc.a(lib_a-mbrtowc.o)
 .ARM.attributes
                0x0000075a       0x37 ..\..\components\newlib\newlib-3.1.0\armca5\libc.a(lib_a-sccl.o)
 .ARM.attributes
                0x00000791       0x37 ..\..\components\newlib\newlib-3.1.0\armca5\libc.a(lib_a-sf_nan.o)
 .ARM.attributes
                0x000007c8       0x37 ..\..\components\newlib\newlib-3.1.0\armca5\libc.a(lib_a-s_nan.o)
 .ARM.attributes
                0x000007ff       0x37 ..\..\components\newlib\newlib-3.1.0\armca5\libc.a(lib_a-strtoll.o)
 .ARM.attributes
                0x00000836       0x37 ..\..\components\newlib\newlib-3.1.0\armca5\libc.a(lib_a-strtol.o)
 .ARM.attributes
                0x0000086d       0x37 ..\..\components\newlib\newlib-3.1.0\armca5\libc.a(lib_a-strtoull.o)
 .ARM.attributes
                0x000008a4       0x37 ..\..\components\newlib\newlib-3.1.0\armca5\libc.a(lib_a-strtoul.o)
 .ARM.attributes
                0x000008db       0x37 ..\..\components\newlib\newlib-3.1.0\armca5\libc.a(lib_a-svfiscanf.o)
 .ARM.attributes
                0x00000912       0x37 ..\..\components\newlib\newlib-3.1.0\armca5\libc.a(lib_a-ungetc.o)
 .ARM.attributes
                0x00000949       0x37 ..\..\components\newlib\newlib-3.1.0\armca5\libc.a(lib_a-iswspace_l.o)
 .ARM.attributes
                0x00000980       0x19 ..\..\prebuilts\win32\gcc-arm-none-eabi\gcc-arm-none-eabi-9.2.1\lib\gcc\arm-none-eabi\9.2.1\thumb\v7+fp\hard\libgcc.a(_arm_addsubdf3.o)
 .ARM.attributes
                0x00000999       0x2d ..\..\prebuilts\win32\gcc-arm-none-eabi\gcc-arm-none-eabi-9.2.1\lib\gcc\arm-none-eabi\9.2.1\thumb\v7+fp\hard\libgcc.a(_fixdfdi.o)
 .ARM.attributes
                0x000009c6       0x2d ..\..\prebuilts\win32\gcc-arm-none-eabi\gcc-arm-none-eabi-9.2.1\lib\gcc\arm-none-eabi\9.2.1\thumb\v7+fp\hard\libgcc.a(_fixunsdfdi.o)

/DISCARD/
 *(.dynstr*)
 *(.dynamic*)
 *(.plt*)
 *(.interp*)
 *(.gnu*)
OUTPUT(hex\examples\SLOGGERS6V001_APP.elf elf32-littlearm)

.debug_info     0x00000000     0x79a1
 .debug_info    0x00000000     0x3484 components/ql-application/init/CMakeFiles/SLOGGERS6V001_APP.dir/ql_init.c.obj
 .debug_info    0x00003484     0x451d ..\..\components\ql-application\HiLinkSDK\lib\tl8251\lib\debug\libhilinkbtsdk.a(cJSON.c.o)

.debug_abbrev   0x00000000      0xa77
 .debug_abbrev  0x00000000      0x4e7 components/ql-application/init/CMakeFiles/SLOGGERS6V001_APP.dir/ql_init.c.obj
 .debug_abbrev  0x000004e7      0x590 ..\..\components\ql-application\HiLinkSDK\lib\tl8251\lib\debug\libhilinkbtsdk.a(cJSON.c.o)

.debug_loc      0x00000000     0x5264
 .debug_loc     0x00000000      0x5db components/ql-application/init/CMakeFiles/SLOGGERS6V001_APP.dir/ql_init.c.obj
 .debug_loc     0x000005db     0x4c89 ..\..\components\ql-application\HiLinkSDK\lib\tl8251\lib\debug\libhilinkbtsdk.a(cJSON.c.o)

.debug_aranges  0x00000000      0x378
 .debug_aranges
                0x00000000       0x68 components/ql-application/init/CMakeFiles/SLOGGERS6V001_APP.dir/ql_init.c.obj
 .debug_aranges
                0x00000068      0x310 ..\..\components\ql-application\HiLinkSDK\lib\tl8251\lib\debug\libhilinkbtsdk.a(cJSON.c.o)

.debug_ranges   0x00000000      0x6d8
 .debug_ranges  0x00000000       0xe0 components/ql-application/init/CMakeFiles/SLOGGERS6V001_APP.dir/ql_init.c.obj
 .debug_ranges  0x000000e0      0x5f8 ..\..\components\ql-application\HiLinkSDK\lib\tl8251\lib\debug\libhilinkbtsdk.a(cJSON.c.o)

.debug_line     0x00000000     0x370a
 .debug_line    0x00000000      0x8a8 components/ql-application/init/CMakeFiles/SLOGGERS6V001_APP.dir/ql_init.c.obj
 .debug_line    0x000008a8     0x2e62 ..\..\components\ql-application\HiLinkSDK\lib\tl8251\lib\debug\libhilinkbtsdk.a(cJSON.c.o)

.debug_str      0x00000000     0x3674
 .debug_str     0x00000000     0x28f1 components/ql-application/init/CMakeFiles/SLOGGERS6V001_APP.dir/ql_init.c.obj
                               0x2a4d (size before relaxing)
 .debug_str     0x000028f1      0xd83 ..\..\components\ql-application\HiLinkSDK\lib\tl8251\lib\debug\libhilinkbtsdk.a(cJSON.c.o)
                                0xfbe (size before relaxing)

.debug_frame    0x00000000      0xd8c
 .debug_frame   0x00000000      0x154 components/ql-application/init/CMakeFiles/SLOGGERS6V001_APP.dir/ql_init.c.obj
 .debug_frame   0x00000154       0x68 ../../components/newlib/newlib-3.1.0/armca5/libc.a(lib_a-strcmp.o)
 .debug_frame   0x000001bc       0x34 ../../components/newlib/newlib-3.1.0/armca5/libc.a(lib_a-memchr.o)
 .debug_frame   0x000001f0       0x20 ../../prebuilts/win32/gcc-arm-none-eabi/gcc-arm-none-eabi-9.2.1/bin/../lib/gcc/arm-none-eabi/9.2.1/thumb/v7+fp/hard/libgcc.a(_udivsi3.o)
 .debug_frame   0x00000210       0x20 ../../prebuilts/win32/gcc-arm-none-eabi/gcc-arm-none-eabi-9.2.1/bin/../lib/gcc/arm-none-eabi/9.2.1/thumb/v7+fp/hard/libgcc.a(_divsi3.o)
 .debug_frame   0x00000230       0x2c ../../prebuilts/win32/gcc-arm-none-eabi/gcc-arm-none-eabi-9.2.1/bin/../lib/gcc/arm-none-eabi/9.2.1/thumb/v7+fp/hard/libgcc.a(_aeabi_uldivmod.o)
 .debug_frame   0x0000025c       0x38 ../../prebuilts/win32/gcc-arm-none-eabi/gcc-arm-none-eabi-9.2.1/bin/../lib/gcc/arm-none-eabi/9.2.1/thumb/v7+fp/hard/libgcc.a(_udivmoddi4.o)
 .debug_frame   0x00000294      0x9fc ..\..\components\ql-application\HiLinkSDK\lib\tl8251\lib\debug\libhilinkbtsdk.a(cJSON.c.o)
 .debug_frame   0x00000c90       0xac ..\..\prebuilts\win32\gcc-arm-none-eabi\gcc-arm-none-eabi-9.2.1\lib\gcc\arm-none-eabi\9.2.1\thumb\v7+fp\hard\libgcc.a(_arm_addsubdf3.o)
 .debug_frame   0x00000d3c       0x30 ..\..\prebuilts\win32\gcc-arm-none-eabi\gcc-arm-none-eabi-9.2.1\lib\gcc\arm-none-eabi\9.2.1\thumb\v7+fp\hard\libgcc.a(_fixdfdi.o)
 .debug_frame   0x00000d6c       0x20 ..\..\prebuilts\win32\gcc-arm-none-eabi\gcc-arm-none-eabi-9.2.1\lib\gcc\arm-none-eabi\9.2.1\thumb\v7+fp\hard\libgcc.a(_fixunsdfdi.o)
