Archive member included to satisfy reference by file (symbol)

lib/libbootloader.a(boot_platform.c.obj)
                              (--whole-archive)
lib/libbootloader.a(boot_secure.c.obj)
                              (--whole-archive)
lib/libbootloader.a(boot_entry_v7a.S.obj)
                              (--whole-archive)
lib/libbootloader.a(boot_sffs_port.c.obj)
                              (--whole-archive)
lib/libbootloader.a(boot_delay.c.obj)
                              (--whole-archive)
lib/libbootloader.a(boot_mem.c.obj)
                              (--whole-archive)
lib/libbootloader.a(boot_spi_flash.c.obj)
                              (--whole-archive)
lib/libbootloader.a(boot_debuguart.c.obj)
                              (--whole-archive)
lib/libbootloader.a(boot_trace.c.obj)
                              (--whole-archive)
lib/libbootloader.a(boot_fdl.c.obj)
                              (--whole-archive)
lib/libbootloader.a(boot_vfs.c.obj)
                              (--whole-archive)
lib/libbootloader.a(boot_irq_gic.c.obj)
                              (--whole-archive)
lib/libbootloader.a(boot_timer.c.obj)
                              (--whole-archive)
lib/libbootloader.a(boot_ifc_uart.c.obj)
                              (--whole-archive)
lib/libbootloader.a(boot_uart_cmn.c.obj)
                              (--whole-archive)
lib/libbootloader.a(boot_userial.c.obj)
                              (--whole-archive)
lib/libbootloader.a(boot_mmu.c.obj)
                              (--whole-archive)
lib/libbootloader.a(boot_uimage.c.obj)
                              (--whole-archive)
lib/libbootloader.a(boot_unity.c.obj)
                              (--whole-archive)
lib/libbootloader.a(boot_override.c.obj)
                              (--whole-archive)
lib/libbootloader.a(boot_lcd.c.obj)
                              (--whole-archive)
lib/libbootloader.a(boot_efuse.c.obj)
                              (--whole-archive)
lib/libbootloader.a(boot_pdl.c.obj)
                              (--whole-archive)
lib/libbootloader.a(boot_pdl_uimage.c.obj)
                              (--whole-archive)
lib/libhal.a(hal_clock_init.c.obj)
                              lib/libbootloader.a(boot_unity.c.obj) (halRamInit)
lib/libhal.a(hal_rom_api.c.obj)
                              lib/libbootloader.a(boot_userial.c.obj) (halRomApiInit)
lib/libhal.a(hal_pmu.c.obj)   lib/libbootloader.a(boot_unity.c.obj) (halPmuExtFlashPowerOn)
lib/libhal.a(hal_wdt.c.obj)   lib/libbootloader.a(boot_platform.c.obj) (halSysWdtStop)
lib/libhal.a(hal_chip.c.obj)  lib/libbootloader.a(boot_ifc_uart.c.obj) (halCalcFracDivider)
lib/libhal.a(hal_chip_armv7a.c.obj)
                              lib/libbootloader.a(boot_spi_flash.c.obj) (osiDCacheInvalidate)
lib/libhal.a(hal_delay.c.obj)
                              lib/libbootloader.a(boot_platform.c.obj) (osiDelayUS)
lib/libhal.a(hal_efuse_cache.c.obj)
                              lib/libbootloader.a(boot_secure.c.obj) (halEfuseReadWrite)
lib/libhal.a(hal_spi_flash.c.obj)
                              lib/libbootloader.a(boot_spi_flash.c.obj) (halSpiFlashChipErase)
lib/libhal.a(hal_adi_bus.c.obj)
                              components/bootloader/CMakeFiles/boot.dir/8850/boot_start.c.obj (halAdiBusInit)
lib/libhal.a(hal_blue_screen.c.obj)
                              lib/libbootloader.a(boot_platform.c.obj) (halBlueScreenSaveContext)
lib/libhal.a(hal_hwspinlock.c.obj)
                              lib/libhal.a(hal_adi_bus.c.obj) (halHwspinlockAcquire)
lib/libhal.a(hal_efuse.c.obj)
                              lib/libhal.a(hal_efuse_cache.c.obj) (halEfuseOpen)
lib/libcalclib.a(simage.c.obj)
                              lib/libbootloader.a(boot_pdl_uimage.c.obj) (simageValid)
lib/libcalclib.a(crypto.c.obj)
                              lib/libbootloader.a(boot_secure.c.obj) (sha256Check)
lib/libcalclib.a(sm3.c.obj)   lib/libcalclib.a(crypto.c.obj) (SM3)
lib/libboot_calclib_crc.a(crc32.c.obj)
                              lib/libbootloader.a(boot_uimage.c.obj) (crc32Calc)
lib/libosi_lib.a(osi_log.c.obj)
                              lib/libhal.a(hal_spi_flash.c.obj) (osiTraceBasic)
../../components/newlib/newlib-3.1.0/armca5/libc.a(lib_a-impure.o)
                              components/bootloader/CMakeFiles/boot.dir/8850/boot_start.c.obj (_impure_ptr)
../../components/newlib/newlib-3.1.0/armca5/libc.a(lib_a-memcmp.o)
                              lib/libbootloader.a(boot_secure.c.obj) (memcmp)
../../components/newlib/newlib-3.1.0/armca5/libc.a(lib_a-memcpy-stub.o)
                              lib/libbootloader.a(boot_secure.c.obj) (memcpy)
../../components/newlib/newlib-3.1.0/armca5/libc.a(lib_a-memset.o)
                              lib/libbootloader.a(boot_fdl.c.obj) (memset)
../../components/newlib/newlib-3.1.0/armca5/libc.a(lib_a-strcat.o)
[...]
Memory Configuration

Name             Origin             Length             Attributes
syssram          0x00100000         0x00004000         xrw
aonsram          0x50800000         0x00014000         xrw
ram              0x80538000         0x002c8000         rw
*default*        0x00000000         0xffffffff

Linker script and memory map

LOAD components/bootloader/CMakeFiles/boot.dir/8850/boot_start.c.obj
LOAD lib/libbootloader.a
START GROUP
LOAD lib/libhal.a
LOAD lib/libcalclib.a
LOAD lib/libboot_calclib_crc.a
LOAD lib/libosi_lib.a
END GROUP
LOAD ../../components/newlib/newlib-3.1.0/armca5/libc.a
LOAD ../../prebuilts/win32/gcc-arm-none-eabi/gcc-arm-none-eabi-9.2.1/bin/../lib/gcc/arm-none-eabi/9.2.1/thumb/v7+fp/hard/libgcc.a
LOAD lib/libfupdate_core.a
LOAD lib/libboot_ex_ql.a
LOAD lib/libboot_ex_fat_rdonly.a
LOAD lib/libboot_ex_spi6nor.a
LOAD lib/libboot_ex_ql_pin.a
LOAD lib/libcalclib.a
LOAD lib/libhal.a
LOAD lib/libdriver.a
LOAD lib/libhal_prop.a
LOAD lib/libdriver_lcd.a
LOAD lib/liboql_core_boot_virt_func.a
LOAD lib/libdriver_camera.a
LOAD lib/libhal.a
LOAD lib/libdriver.a
LOAD lib/libhal_prop.a
LOAD lib/libdriver_lcd.a
LOAD lib/liboql_core_boot_virt_func.a
LOAD lib/libdriver_camera.a

.rom_data       0x00100000      0xc00
                0x00100000                __rom_data_start = .
                0x00100c00                . = (. + 0xc00)
 *fill*         0x00100000      0xc00 
                0x00100c00                __rom_data_end = .
                0x00100c00                . = ALIGN (0x20)

.simage         0x80538000      0x100
                0x80538000                __simage_start = .
                0x80538100                . = (. + 0x100)
 *fill*         0x80538000      0x100 
                0x80538100                __simage_end = .
                0x80538100                . = ALIGN (0x20)

.flash_start    0x80538100        0x0
                0x80538100                __flash_start = .

.text           0x80538100     0x1b80
                0x80538100                __text_start = .
 *(BOOT_ENTRY)
 BOOT_ENTRY     0x80538100      0x25c lib/libbootloader.a(boot_entry_v7a.S.obj)
                0x80538100                Vectors
                0x805382a4                bootEntry
                0x80538320                bootJumpImageEntry
 SORT_BY_NAME(*)(.sramboottext .sramboottext.*)
 SORT_BY_NAME(*)(.sramtext .sramtext.*)
 .sramtext      0x8053835c       0xae lib/libhal.a(hal_chip_armv7a.c.obj)
                0x8053835c                osiDCacheCleanInvalidateAll
                0x805383ec                vPortDisableInterrupts
                0x805383ec                uxPortEnterCritical
                0x805383ec                osiIrqSave
                0x805383ec                uxPortSetInterruptMaskFromISR
                0x805383ec                osiEnterCritical
                0x805383fc                osiExitCritical
                0x805383fc                osiIrqRestore
                0x805383fc                vPortExitCritical
                0x805383fc                vPortClearInterruptMaskFromISR
 SORT_BY_NAME(*)(.ramtext .ramtext.*)
 SORT_BY_NAME(*)(.text .text.* .gnu.linkonce.t.* .rdata .rodata .rodata.* .rodata1 .gnu.linkonce.r.*)
 *fill*         0x8053840a       0x36 
 .text          0x80538440       0xdc ../../components/newlib/newlib-3.1.0/armca5/libc.a(lib_a-strlen.o)
                0x80538440                strlen
 .text          0x8053851c       0x30 ../../prebuilts/win32/gcc-arm-none-eabi/gcc-arm-none-eabi-9.2.1/bin/../lib/gcc/arm-none-eabi/9.2.1/thumb/v7+fp/hard/libgcc.a(_aeabi_uldivmod.o)
                0x8053851c                __aeabi_uldivmod
 .text          0x8053854c        0x4 ../../prebuilts/win32/gcc-arm-none-eabi/gcc-arm-none-eabi-9.2.1/bin/../lib/gcc/arm-none-eabi/9.2.1/thumb/v7+fp/hard/libgcc.a(_dvmd_tls.o)
                0x8053854c                __aeabi_idiv0
                0x8053854c                __aeabi_ldiv0
 .text          0x80538550      0x11c ../../prebuilts/win32/gcc-arm-none-eabi/gcc-arm-none-eabi-9.2.1/bin/../lib/gcc/arm-none-eabi/9.2.1/thumb/v7+fp/hard/libgcc.a(_udivmoddi4.o)
                0x80538550                __udivmoddi4
 *fill*         0x8053866c        0x4 
 .text          0x80538670      0x278 ../../prebuilts/win32/gcc-arm-none-eabi/gcc-arm-none-eabi-9.2.1/bin/../lib/gcc/arm-none-eabi/9.2.1/thumb/v7+fp/hard/libgcc.a(_udivsi3.o)
                0x80538670                __aeabi_uidiv
                0x80538670                __udivsi3
                0x805388cc                __aeabi_uidivmod
 .text.bootStart
                0x805388e8      0x150 components/bootloader/CMakeFiles/boot.dir/8850/boot_start.c.obj
                0x805388e8                bootStart
 .text.unlikely.bootPanic
                0x80538a38        0x2 lib/libbootloader.a(boot_delay.c.obj)
                0x80538a38                osiPanic
                0x80538a38                bootPanic
 *fill*         0x80538a3a        0x2 
 .text.bootElapsedTimerStart
                0x80538a3c       0x10 lib/libbootloader.a(boot_delay.c.obj)
                0x80538a3c                osiElapsedTimerStart
                0x80538a3c                bootElapsedTimerStart
 .text.bootElapsedTimeUS
                0x80538a4c       0x14 lib/libbootloader.a(boot_delay.c.obj)
                0x80538a4c                bootElapsedTimeUS
                0x80538a4c                osiElapsedTimeUS
 .text.bootUartSetBaud
                0x80538a60      0x150 lib/libbootloader.a(boot_ifc_uart.c.obj)
                0x80538a60                bootUartSetBaud
 .text.bootUartOpen
                0x80538bb0       0xf4 lib/libbootloader.a(boot_ifc_uart.c.obj)
                0x80538bb0                bootUartOpen
 .text.bootUartWrite
                0x80538ca4       0x24 lib/libbootloader.a(boot_ifc_uart.c.obj)
                0x80538ca4                bootUartWrite
 .text.bootIrqHandler
                0x80538cc8       0x34 lib/libbootloader.a(boot_irq_gic.c.obj)
                0x80538cc8                bootIrqHandler
 .text.bootHeapInit
                0x80538cfc       0x4c lib/libbootloader.a(boot_mem.c.obj)
                0x80538cfc                bootHeapInit
 .text.bootHeapDefaultExtRam
                0x80538d48       0x10 lib/libbootloader.a(boot_mem.c.obj)
                0x80538d48                bootHeapDefaultExtRam
 .text.bootResetPinEnable
                0x80538d58       0x58 lib/libbootloader.a(boot_platform.c.obj)
                0x80538d58                bootResetPinEnable
 .text.bootBlueScreen
                0x80538db0        0xc lib/libbootloader.a(boot_platform.c.obj)
                0x80538db0                bootBlueScreen
 .text.bootTraceInit
                0x80538dbc       0x30 lib/libbootloader.a(boot_trace.c.obj)
                0x80538dbc                bootTraceInit
 .text.bootTraceBufPut
                0x80538dec       0x18 lib/libbootloader.a(boot_trace.c.obj)
                0x80538dec                bootTraceBufPut
                0x80538dec                osiTraceBufPut
 .text.bootTraceBufPutMulti
                0x80538e04       0x18 lib/libbootloader.a(boot_trace.c.obj)
                0x80538e04                bootTraceBufPutMulti
                0x80538e04                osiTraceBufPutMulti
 .text.osiTraceTick
                0x80538e1c       0x14 lib/libbootloader.a(boot_trace.c.obj)
                0x80538e1c                osiTraceTick
 .text.bootUartWriteAll
                0x80538e30       0x2a lib/libbootloader.a(boot_uart_cmn.c.obj)
                0x80538e30                bootUartWriteAll
 .text.prvUartWriteByte
                0x80538e5a       0x16 lib/libbootloader.a(boot_uart_cmn.c.obj)
 .text.prvUartSendHdlc
                0x80538e70       0x32 lib/libbootloader.a(boot_uart_cmn.c.obj)
 .text.bootUartWriteHdlc
                0x80538ea2       0x2e lib/libbootloader.a(boot_uart_cmn.c.obj)
                0x80538ea2                bootUartWriteHdlc
 .text.bootUartWriteMultiHdlc
                0x80538ed0       0x3c lib/libbootloader.a(boot_uart_cmn.c.obj)
                0x80538ed0                bootUartWriteMultiHdlc
 .text.simageJumpEntry
                0x80538f0c       0x12 lib/libcalclib.a(simage.c.obj)
                0x80538f0c                simageJumpEntry
 *fill*         0x80538f1e        0x2 
 .text.prvAdiRegInit
                0x80538f20       0x1c lib/libhal.a(hal_adi_bus.c.obj)
 .text.halAdiBusInit
                0x80538f3c        0x4 lib/libhal.a(hal_adi_bus.c.obj)
                0x80538f3c                halAdiBusInit
 .rodata.halAdiBusRead.str1.1
                0x80538f40       0x40 lib/libhal.a(hal_adi_bus.c.obj)
 .text.halAdiBusRead
                0x80538f80       0x78 lib/libhal.a(hal_adi_bus.c.obj)
                0x80538f80                halAdiBusRead
 .text.halAdiBusWrite
                0x80538ff8       0x28 lib/libhal.a(hal_adi_bus.c.obj)
                0x80538ff8                halAdiBusWrite
 .text.halAdiBusChange
                0x80539020       0xa4 lib/libhal.a(hal_adi_bus.c.obj)
                0x80539020                halAdiBusChange
 .rodata        0x805390c4        0x4 lib/libhal.a(hal_adi_bus.c.obj)
 .text.prvFillHex
                0x805390c8       0x48 lib/libhal.a(hal_blue_screen.c.obj)
 .text.halBlueScreenSaveContext
                0x80539110       0x5c lib/libhal.a(hal_blue_screen.c.obj)
                0x80539110                halBlueScreenSaveContext
 .rodata.hex.42854
                0x8053916c       0x10 lib/libhal.a(hal_blue_screen.c.obj)
 .text.halCalcFracDivider
                0x8053917c       0xd8 lib/libhal.a(hal_chip.c.obj)
                0x8053917c                halCalcFracDivider
 .text.osiICacheSyncAll
                0x80539254       0x94 lib/libhal.a(hal_chip_armv7a.c.obj)
                0x80539254                osiICacheSyncAll
 .text.halSaveBlueScreenReg
                0x805392e8      0x210 lib/libhal.a(hal_chip_armv7a.c.obj)
                0x805392e8                halSaveBlueScreenReg
 .text.halClockInit
                0x805394f8       0xf0 lib/libhal.a(hal_clock_init.c.obj)
                0x805394f8                halClockInit
 .text.halHwspinlockAcquire
                0x805395e8       0x3c lib/libhal.a(hal_hwspinlock.c.obj)
                0x805395e8                halHwspinlockAcquire
 .rodata.halHwspinlockRelease.str1.1
                0x80539624       0x19 lib/libhal.a(hal_hwspinlock.c.obj)
 *fill*         0x8053963d        0x3 
 .text.halHwspinlockRelease
                0x80539640       0x44 lib/libhal.a(hal_hwspinlock.c.obj)
                0x80539640                halHwspinlockRelease
 .text.halHwspinlockAcquireInCritical
                0x80539684       0x12 lib/libhal.a(hal_hwspinlock.c.obj)
                0x80539684                halHwspinlockAcquireInCritical
 *fill*         0x80539696        0x2 
 .text.halHwspinlockReleaseInCritical
                0x80539698       0x14 lib/libhal.a(hal_hwspinlock.c.obj)
                0x80539698                halHwspinlockReleaseInCritical
 .text.prvSetPadDriving.isra.0
                0x805396ac       0x16 lib/libhal_prop.a(hal_iomux.c.obj)
 .text.prvSetPadPull.isra.0
                0x805396c2       0x54 lib/libhal_prop.a(hal_iomux.c.obj)
 .text.prvSetPad
                0x80539716       0x3e lib/libhal_prop.a(hal_iomux.c.obj)
 .text.halIomuxSetFunction
                0x80539754       0x80 lib/libhal_prop.a(hal_iomux.c.obj)
                0x80539754                halIomuxSetFunction
 .rodata.gPadProp
                0x805397d4      0x330 lib/libhal_prop.a(hal_iomux.c.obj)
 .text.prvTraceBasic
                0x80539b04       0x9c lib/libosi_lib.a(osi_log.c.obj)
 .text.prvTraceIdBasic
                0x80539ba0       0x7c lib/libosi_lib.a(osi_log.c.obj)
 .text.osiTraceBasic
                0x80539c1c       0x24 lib/libosi_lib.a(osi_log.c.obj)
                0x80539c1c                osiTraceBasic
 .text.osiTraceIdBasic
                0x80539c40       0x24 lib/libosi_lib.a(osi_log.c.obj)
                0x80539c40                osiTraceIdBasic
                0x80539c64                __text_end = .
                0x80539c80                . = ALIGN (0x20)
 *fill*         0x80539c64       0x1c 

.data           0x80539c80      0x900
                0x80539c80                __data_start = .
 SORT_BY_NAME(*)(.sramdata .sramdata.*)
 SORT_BY_NAME(*)(.data .data.* .sdata .sdata.* .data1 .gnu.linkonce.d.*)
 .data._impure_ptr
                0x80539c80        0x4 ../../components/newlib/newlib-3.1.0/armca5/libc.a(lib_a-impure.o)
                0x80539c80                _impure_ptr
 *fill*         0x80539c84        0x4 
 .data.impure_data
                0x80539c88      0x428 ../../components/newlib/newlib-3.1.0/armca5/libc.a(lib_a-impure.o)
 .data.gBootUarts
                0x8053a0b0       0x30 lib/libbootloader.a(boot_ifc_uart.c.obj)
 .data.gBlueScreenInfo
                0x8053a0e0       0x5a lib/libhal.a(hal_blue_screen.c.obj)
                0x8053a0e0                gBlueScreenInfo
 .data.gFunProp
                0x8053a13a      0x434 lib/libhal_prop.a(hal_iomux.c.obj)
                0x8053a56e                __data_end = .
                0x8053a580                . = ALIGN (0x20)
 *fill*         0x8053a56e       0x12 

.rwkeep         0x8053a580        0x8
 .rwkeep        0x8053a580        0x8 lib/libhal.a(hal_chip_armv7a.c.obj)
                0x8053a580                gGdbRegAddress
                0x8053a584                gGdbCtxType

.flash_end      0x8053a588        0x0
                0x8053a588                __flash_end = .

.bss            0x8053a588      0x718
                0x8053a588                __bss_start = .
 *(.srambss .srambss.*)
 *(.bss .bss.* COMMON .scommon .sbss .sbss.* .sbss2 .sbss2.* .gnu.linkonce.b.*)
 .bss.gDefaultHeap
                0x8053a588        0x4 lib/libbootloader.a(boot_mem.c.obj)
 .bss.gExtRamHeap
                0x8053a58c        0xc lib/libbootloader.a(boot_mem.c.obj)
 .bss.gIramHeap
                0x8053a598        0xc lib/libbootloader.a(boot_mem.c.obj)
 .bss.gBootTraceUart
                0x8053a5a4        0x4 lib/libbootloader.a(boot_trace.c.obj)
 .bss.gBootIrqBody
                0x8053a5a8      0x408 lib/libbootloader.a(boot_irq_gic.c.obj)
                0x8053a5a8                gBootIrqBody
 COMMON         0x8053a9b0      0x290 lib/libhal.a(hal_chip_armv7a.c.obj)
                0x8053a9b0                gBlueScreenCp15
                0x8053aa84                gBlueScreenRegs
 .bss.gTraceEnabled
                0x8053ac40        0x1 lib/libosi_lib.a(osi_log.c.obj)
                0x8053ac40                gTraceEnabled
 *fill*         0x8053ac41        0x3 
 COMMON         0x8053ac44       0x54 lib/libosi_lib.a(osi_log.c.obj)
                0x8053ac44                v_tra_pubModuleControl
                0x8053ac48                v_tra_categoryControl
                0x8053ac4c                gTraceSequence
                0x8053ac50                v_tra_lteModuleControl
                0x8053ac54                sxs_IoCtx
                0x8053ac98                __bss_end = .
                0x8053aca0                . = ALIGN (0x20)
 *fill*         0x8053ac98        0x8 

.sys_stack      0x00100c00     0x1800
                0x00100c00                __sys_stack_start = .
                0x00102400                . = (. + 0x1800)
 *fill*         0x00100c00     0x1800 
                0x00102400                __sys_stack_end = .
                0x00102400                . = ALIGN (0x20)

.irq_stack      0x00102400      0x800
                0x00102400                __irq_stack_start = .
                0x00102c00                . = (. + 0x800)
 *fill*         0x00102400      0x800 
                0x00102c00                __irq_stack_end = .
                0x00102c00                . = ALIGN (0x20)

.blue_screen    0x00102c00      0x600
                0x00102c00                __blue_screen_start = .
                0x00103200                . = (. + 0x600)
 *fill*         0x00102c00      0x600 
                0x00103200                __blue_screen_end = .
                0x00103200                . = ALIGN (0x20)

.sram_heap      0x00103200      0xe00
                0x00103200                __sram_heap_start = .
                0x00104000                . = (ORIGIN (syssram) + LENGTH (syssram))
 *fill*         0x00103200      0xe00 
                0x00104000                __sram_heap_end = .
                0x00104000                . = ALIGN (0x20)

.mmu_ttbl1      0x8053aca0     0x4000
                0x8053aca0                __mmu_ttbl1_start = .
                0x8053eca0                . = (. + 0x4000)
 *fill*         0x8053aca0     0x4000 
                0x8053eca0                __mmu_ttbl1_end = .
                0x8053eca0                . = ALIGN (0x20)

.ram_heap       0x8053eca0   0x2c1360
                0x8053eca0                __ram_heap_start = .
                0x80800000                . = (ORIGIN (ram) + LENGTH (ram))
 *fill*         0x8053eca0   0x2c1360 
                0x80800000                __ram_heap_end = .
                0x80800000                . = ALIGN (0x20)

.comment        0x00000000       0x79
 *(.comment)
 .comment       0x00000000       0x79 components/bootloader/CMakeFiles/boot.dir/8850/boot_start.c.obj
                                 0x7a (size before relaxing)
 .comment       0x00000079       0x7a lib/libbootloader.a(boot_platform.c.obj)
 .comment       0x00000079       0x7a lib/libbootloader.a(boot_delay.c.obj)
 .comment       0x00000079       0x7a lib/libbootloader.a(boot_mem.c.obj)
 .comment       0x00000079       0x7a lib/libbootloader.a(boot_trace.c.obj)
 .comment       0x00000079       0x7a lib/libbootloader.a(boot_irq_gic.c.obj)
 .comment       0x00000079       0x7a lib/libbootloader.a(boot_ifc_uart.c.obj)
 .comment       0x00000079       0x7a lib/libbootloader.a(boot_uart_cmn.c.obj)
 .comment       0x00000079       0x7a lib/libhal.a(hal_clock_init.c.obj)
 .comment       0x00000079       0x7a lib/libhal.a(hal_chip.c.obj)
 .comment       0x00000079       0x7a lib/libhal.a(hal_chip_armv7a.c.obj)
 .comment       0x00000079       0x7a lib/libhal.a(hal_adi_bus.c.obj)
 .comment       0x00000079       0x7a lib/libhal.a(hal_blue_screen.c.obj)
 .comment       0x00000079       0x7a lib/libhal.a(hal_hwspinlock.c.obj)
 .comment       0x00000079       0x7a lib/libcalclib.a(simage.c.obj)
 .comment       0x00000079       0x7a lib/libosi_lib.a(osi_log.c.obj)
 .comment       0x00000079       0x7a ../../components/newlib/newlib-3.1.0/armca5/libc.a(lib_a-impure.o)
 .comment       0x00000079       0x7a lib/libhal_prop.a(hal_iomux.c.obj)

.ARM.attributes
                0x00000000       0x37
 *(.ARM.attributes)
 .ARM.attributes
                0x00000000       0x37 components/bootloader/CMakeFiles/boot.dir/8850/boot_start.c.obj
 .ARM.attributes
                0x00000037       0x37 lib/libbootloader.a(boot_platform.c.obj)
 .ARM.attributes
                0x0000006e       0x25 lib/libbootloader.a(boot_entry_v7a.S.obj)
 .ARM.attributes
                0x00000093       0x37 lib/libbootloader.a(boot_delay.c.obj)
 .ARM.attributes
                0x000000ca       0x37 lib/libbootloader.a(boot_mem.c.obj)
 .ARM.attributes
                0x00000101       0x37 lib/libbootloader.a(boot_trace.c.obj)
 .ARM.attributes
                0x00000138       0x37 lib/libbootloader.a(boot_irq_gic.c.obj)
 .ARM.attributes
                0x0000016f       0x37 lib/libbootloader.a(boot_ifc_uart.c.obj)
 .ARM.attributes
                0x000001a6       0x37 lib/libbootloader.a(boot_uart_cmn.c.obj)
 .ARM.attributes
                0x000001dd       0x37 lib/libhal.a(hal_clock_init.c.obj)
 .ARM.attributes
                0x00000214       0x37 lib/libhal.a(hal_chip.c.obj)
 .ARM.attributes
                0x0000024b       0x37 lib/libhal.a(hal_chip_armv7a.c.obj)
 .ARM.attributes
                0x00000282       0x37 lib/libhal.a(hal_adi_bus.c.obj)
 .ARM.attributes
                0x000002b9       0x37 lib/libhal.a(hal_blue_screen.c.obj)
 .ARM.attributes
                0x000002f0       0x37 lib/libhal.a(hal_hwspinlock.c.obj)
 .ARM.attributes
                0x00000327       0x37 lib/libcalclib.a(simage.c.obj)
 .ARM.attributes
                0x0000035e       0x37 lib/libosi_lib.a(osi_log.c.obj)
 .ARM.attributes
                0x00000395       0x3d ../../components/newlib/newlib-3.1.0/armca5/libc.a(lib_a-impure.o)
 .ARM.attributes
                0x000003d2       0x1d ../../components/newlib/newlib-3.1.0/armca5/libc.a(lib_a-strlen.o)
 .ARM.attributes
                0x000003ef       0x19 ../../prebuilts/win32/gcc-arm-none-eabi/gcc-arm-none-eabi-9.2.1/bin/../lib/gcc/arm-none-eabi/9.2.1/thumb/v7+fp/hard/libgcc.a(_udivsi3.o)
 .ARM.attributes
                0x00000408       0x19 ../../prebuilts/win32/gcc-arm-none-eabi/gcc-arm-none-eabi-9.2.1/bin/../lib/gcc/arm-none-eabi/9.2.1/thumb/v7+fp/hard/libgcc.a(_dvmd_tls.o)
 .ARM.attributes
                0x00000421       0x19 ../../prebuilts/win32/gcc-arm-none-eabi/gcc-arm-none-eabi-9.2.1/bin/../lib/gcc/arm-none-eabi/9.2.1/thumb/v7+fp/hard/libgcc.a(_aeabi_uldivmod.o)
 .ARM.attributes
                0x0000043a       0x2d ../../prebuilts/win32/gcc-arm-none-eabi/gcc-arm-none-eabi-9.2.1/bin/../lib/gcc/arm-none-eabi/9.2.1/thumb/v7+fp/hard/libgcc.a(_udivmoddi4.o)
 .ARM.attributes
                0x00000467       0x37 lib/libhal_prop.a(hal_iomux.c.obj)

.iplt           0x00000000        0x0
 *(.iplt)
 .iplt          0x00000000        0x0 components/bootloader/CMakeFiles/boot.dir/8850/boot_start.c.obj

.igot.plt       0x00000000        0x0
 *(.igot.plt)
 .igot.plt      0x00000000        0x0 components/bootloader/CMakeFiles/boot.dir/8850/boot_start.c.obj

.rel.dyn        0x00000000        0x0
 *(.rel.dyn)
 .rel.iplt      0x00000000        0x0 components/bootloader/CMakeFiles/boot.dir/8850/boot_start.c.obj

.glue_7         0x00000000        0x0
 *(.glue_7)
 .glue_7        0x00000000        0x0 linker stubs

.glue_7t        0x00000000        0x0
 *(.glue_7t)
 .glue_7t       0x00000000        0x0 linker stubs

.vfp11_veneer   0x00000000        0x0
 *(.vfp11_veneer)
 .vfp11_veneer  0x00000000        0x0 linker stubs

.v4_bx          0x00000000        0x0
 *(.v4_bx)
 .v4_bx         0x00000000        0x0 linker stubs

/DISCARD/
 *(.ARM.exidx*)
 *(.gnu.linkonce.armexidx*)
OUTPUT(hex\boot.elf elf32-littlearm)

.debug_info     0x00000000    0x20a7d
 .debug_info    0x00000000      0xe56 components/bootloader/CMakeFiles/boot.dir/8850/boot_start.c.obj
 .debug_info    0x00000e56     0x2d48 lib/libbootloader.a(boot_platform.c.obj)
 .debug_info    0x00003b9e       0x26 lib/libbootloader.a(boot_entry_v7a.S.obj)
 .debug_info    0x00003bc4      0x298 lib/libbootloader.a(boot_delay.c.obj)
 .debug_info    0x00003e5c      0xb63 lib/libbootloader.a(boot_mem.c.obj)
 .debug_info    0x000049bf      0x35f lib/libbootloader.a(boot_trace.c.obj)
 .debug_info    0x00004d1e     0x1526 lib/libbootloader.a(boot_irq_gic.c.obj)
 .debug_info    0x00006244     0x3152 lib/libbootloader.a(boot_ifc_uart.c.obj)
 .debug_info    0x00009396      0x434 lib/libbootloader.a(boot_uart_cmn.c.obj)
 .debug_info    0x000097ca     0x76cf lib/libhal.a(hal_clock_init.c.obj)
 .debug_info    0x00010e99     0x1209 lib/libhal.a(hal_chip.c.obj)
 .debug_info    0x000120a2     0x3557 lib/libhal.a(hal_chip_armv7a.c.obj)
 .debug_info    0x000155f9      0xc2c lib/libhal.a(hal_adi_bus.c.obj)
 .debug_info    0x00016225      0xfea lib/libhal.a(hal_blue_screen.c.obj)
 .debug_info    0x0001720f      0x47f lib/libhal.a(hal_hwspinlock.c.obj)
 .debug_info    0x0001768e     0x1cfd lib/libcalclib.a(simage.c.obj)
 .debug_info    0x0001938b     0x2fb8 lib/libosi_lib.a(osi_log.c.obj)
 .debug_info    0x0001c343     0x473a lib/libhal_prop.a(hal_iomux.c.obj)

.debug_abbrev   0x00000000     0x3a9a
 .debug_abbrev  0x00000000      0x2b3 components/bootloader/CMakeFiles/boot.dir/8850/boot_start.c.obj
 .debug_abbrev  0x000002b3      0x31c lib/libbootloader.a(boot_platform.c.obj)
 .debug_abbrev  0x000005cf       0x14 lib/libbootloader.a(boot_entry_v7a.S.obj)
 .debug_abbrev  0x000005e3      0x143 lib/libbootloader.a(boot_delay.c.obj)
 .debug_abbrev  0x00000726      0x32a lib/libbootloader.a(boot_mem.c.obj)
 .debug_abbrev  0x00000a50      0x17b lib/libbootloader.a(boot_trace.c.obj)
 .debug_abbrev  0x00000bcb      0x4b7 lib/libbootloader.a(boot_irq_gic.c.obj)
 .debug_abbrev  0x00001082      0x57b lib/libbootloader.a(boot_ifc_uart.c.obj)
 .debug_abbrev  0x000015fd      0x1f5 lib/libbootloader.a(boot_uart_cmn.c.obj)
 .debug_abbrev  0x000017f2      0x396 lib/libhal.a(hal_clock_init.c.obj)
 .debug_abbrev  0x00001b88      0x394 lib/libhal.a(hal_chip.c.obj)
 .debug_abbrev  0x00001f1c      0x438 lib/libhal.a(hal_chip_armv7a.c.obj)
 .debug_abbrev  0x00002354      0x328 lib/libhal.a(hal_adi_bus.c.obj)
 .debug_abbrev  0x0000267c      0x2d6 lib/libhal.a(hal_blue_screen.c.obj)
 .debug_abbrev  0x00002952      0x23a lib/libhal.a(hal_hwspinlock.c.obj)
 .debug_abbrev  0x00002b8c      0x496 lib/libcalclib.a(simage.c.obj)
 .debug_abbrev  0x00003022      0x4f9 lib/libosi_lib.a(osi_log.c.obj)
 .debug_abbrev  0x0000351b      0x57f lib/libhal_prop.a(hal_iomux.c.obj)

.debug_loc      0x00000000     0xbb38
 .debug_loc     0x00000000       0xc3 components/bootloader/CMakeFiles/boot.dir/8850/boot_start.c.obj
 .debug_loc     0x000000c3      0x22b lib/libbootloader.a(boot_platform.c.obj)
 .debug_loc     0x000002ee       0x4a lib/libbootloader.a(boot_delay.c.obj)
 .debug_loc     0x00000338      0xb14 lib/libbootloader.a(boot_mem.c.obj)
 .debug_loc     0x00000e4c      0x12f lib/libbootloader.a(boot_trace.c.obj)
 .debug_loc     0x00000f7b      0x3ae lib/libbootloader.a(boot_irq_gic.c.obj)
 .debug_loc     0x00001329      0x882 lib/libbootloader.a(boot_ifc_uart.c.obj)
 .debug_loc     0x00001bab      0x3b3 lib/libbootloader.a(boot_uart_cmn.c.obj)
 .debug_loc     0x00001f5e      0x46f lib/libhal.a(hal_clock_init.c.obj)
 .debug_loc     0x000023cd      0xc3d lib/libhal.a(hal_chip.c.obj)
 .debug_loc     0x0000300a     0x3b3e lib/libhal.a(hal_chip_armv7a.c.obj)
 .debug_loc     0x00006b48      0x423 lib/libhal.a(hal_adi_bus.c.obj)
 .debug_loc     0x00006f6b       0xb2 lib/libhal.a(hal_blue_screen.c.obj)
 .debug_loc     0x0000701d      0x1cb lib/libhal.a(hal_hwspinlock.c.obj)
 .debug_loc     0x000071e8      0xd75 lib/libcalclib.a(simage.c.obj)
 .debug_loc     0x00007f5d     0x247e lib/libosi_lib.a(osi_log.c.obj)
 .debug_loc     0x0000a3db     0x175d lib/libhal_prop.a(hal_iomux.c.obj)

.debug_aranges  0x00000000      0x7a8
 .debug_aranges
                0x00000000       0x20 components/bootloader/CMakeFiles/boot.dir/8850/boot_start.c.obj
 .debug_aranges
                0x00000020       0x60 lib/libbootloader.a(boot_platform.c.obj)
 .debug_aranges
                0x00000080       0x20 lib/libbootloader.a(boot_entry_v7a.S.obj)
 .debug_aranges
                0x000000a0       0x38 lib/libbootloader.a(boot_delay.c.obj)
 .debug_aranges
                0x000000d8       0x98 lib/libbootloader.a(boot_mem.c.obj)
 .debug_aranges
                0x00000170       0x38 lib/libbootloader.a(boot_trace.c.obj)
 .debug_aranges
                0x000001a8       0x58 lib/libbootloader.a(boot_irq_gic.c.obj)
 .debug_aranges
                0x00000200       0x98 lib/libbootloader.a(boot_ifc_uart.c.obj)
 .debug_aranges
                0x00000298       0x40 lib/libbootloader.a(boot_uart_cmn.c.obj)
 .debug_aranges
                0x000002d8       0x70 lib/libhal.a(hal_clock_init.c.obj)
 .debug_aranges
                0x00000348       0x70 lib/libhal.a(hal_chip.c.obj)
 .debug_aranges
                0x000003b8       0xa8 lib/libhal.a(hal_chip_armv7a.c.obj)
 .debug_aranges
                0x00000460       0x48 lib/libhal.a(hal_adi_bus.c.obj)
 .debug_aranges
                0x000004a8       0x30 lib/libhal.a(hal_blue_screen.c.obj)
 .debug_aranges
                0x000004d8       0x40 lib/libhal.a(hal_hwspinlock.c.obj)
 .debug_aranges
                0x00000518       0x78 lib/libcalclib.a(simage.c.obj)
 .debug_aranges
                0x00000590      0x138 lib/libosi_lib.a(osi_log.c.obj)
 .debug_aranges
                0x000006c8       0xe0 lib/libhal_prop.a(hal_iomux.c.obj)

.debug_ranges   0x00000000     0x1858
 .debug_ranges  0x00000000       0x30 components/bootloader/CMakeFiles/boot.dir/8850/boot_start.c.obj
 .debug_ranges  0x00000030       0x68 lib/libbootloader.a(boot_platform.c.obj)
 .debug_ranges  0x00000098       0x40 lib/libbootloader.a(boot_delay.c.obj)
 .debug_ranges  0x000000d8      0x1e0 lib/libbootloader.a(boot_mem.c.obj)
 .debug_ranges  0x000002b8       0x28 lib/libbootloader.a(boot_trace.c.obj)
 .debug_ranges  0x000002e0      0x1c8 lib/libbootloader.a(boot_irq_gic.c.obj)
 .debug_ranges  0x000004a8      0x180 lib/libbootloader.a(boot_ifc_uart.c.obj)
 .debug_ranges  0x00000628       0x60 lib/libbootloader.a(boot_uart_cmn.c.obj)
 .debug_ranges  0x00000688      0x170 lib/libhal.a(hal_clock_init.c.obj)
 .debug_ranges  0x000007f8      0x188 lib/libhal.a(hal_chip.c.obj)
 .debug_ranges  0x00000980      0x450 lib/libhal.a(hal_chip_armv7a.c.obj)
 .debug_ranges  0x00000dd0       0xc8 lib/libhal.a(hal_adi_bus.c.obj)
 .debug_ranges  0x00000e98       0x20 lib/libhal.a(hal_blue_screen.c.obj)
 .debug_ranges  0x00000eb8       0xa0 lib/libhal.a(hal_hwspinlock.c.obj)
 .debug_ranges  0x00000f58      0x108 lib/libcalclib.a(simage.c.obj)
 .debug_ranges  0x00001060      0x4a8 lib/libosi_lib.a(osi_log.c.obj)
 .debug_ranges  0x00001508      0x350 lib/libhal_prop.a(hal_iomux.c.obj)

.debug_line     0x00000000     0x8e1c
 .debug_line    0x00000000      0x47c components/bootloader/CMakeFiles/boot.dir/8850/boot_start.c.obj
 .debug_line    0x0000047c      0x578 lib/libbootloader.a(boot_platform.c.obj)
 .debug_line    0x000009f4      0x109 lib/libbootloader.a(boot_entry_v7a.S.obj)
 .debug_line    0x00000afd      0x25e lib/libbootloader.a(boot_delay.c.obj)
 .debug_line    0x00000d5b      0x65a lib/libbootloader.a(boot_mem.c.obj)
 .debug_line    0x000013b5      0x28b lib/libbootloader.a(boot_trace.c.obj)
 .debug_line    0x00001640      0x70d lib/libbootloader.a(boot_irq_gic.c.obj)
 .debug_line    0x00001d4d      0x865 lib/libbootloader.a(boot_ifc_uart.c.obj)
 .debug_line    0x000025b2      0x382 lib/libbootloader.a(boot_uart_cmn.c.obj)
 .debug_line    0x00002934      0xe2a lib/libhal.a(hal_clock_init.c.obj)
 .debug_line    0x0000375e      0x788 lib/libhal.a(hal_chip.c.obj)
 .debug_line    0x00003ee6     0x17a8 lib/libhal.a(hal_chip_armv7a.c.obj)
 .debug_line    0x0000568e      0x525 lib/libhal.a(hal_adi_bus.c.obj)
 .debug_line    0x00005bb3      0x2ea lib/libhal.a(hal_blue_screen.c.obj)
 .debug_line    0x00005e9d      0x300 lib/libhal.a(hal_hwspinlock.c.obj)
 .debug_line    0x0000619d      0x8ae lib/libcalclib.a(simage.c.obj)
 .debug_line    0x00006a4b     0x1545 lib/libosi_lib.a(osi_log.c.obj)
 .debug_line    0x00007f90      0xe8c lib/libhal_prop.a(hal_iomux.c.obj)

.debug_str      0x00000000     0xb224
 .debug_str     0x00000000      0x9a1 components/bootloader/CMakeFiles/boot.dir/8850/boot_start.c.obj
                                0xa63 (size before relaxing)
 .debug_str     0x000009a1     0x2353 lib/libbootloader.a(boot_platform.c.obj)
                               0x2629 (size before relaxing)
 .debug_str     0x00002cf4       0x3f lib/libbootloader.a(boot_entry_v7a.S.obj)
                                 0xac (size before relaxing)
 .debug_str     0x00002d33      0x19b lib/libbootloader.a(boot_delay.c.obj)
                                0x40d (size before relaxing)
 .debug_str     0x00002ece      0x23f lib/libbootloader.a(boot_mem.c.obj)
                                0x4df (size before relaxing)
 .debug_str     0x0000310d      0x13c lib/libbootloader.a(boot_trace.c.obj)
                                0x442 (size before relaxing)
 .debug_str     0x00003249      0x424 lib/libbootloader.a(boot_irq_gic.c.obj)
                                0xa71 (size before relaxing)
 .debug_str     0x0000366d     0x115f lib/libbootloader.a(boot_ifc_uart.c.obj)
                               0x2438 (size before relaxing)
 .debug_str     0x000047cc       0x68 lib/libbootloader.a(boot_uart_cmn.c.obj)
                                0x319 (size before relaxing)
 .debug_str     0x00004834     0x470e lib/libhal.a(hal_clock_init.c.obj)
                               0x6c0a (size before relaxing)
 .debug_str     0x00008f42      0x2da lib/libhal.a(hal_chip.c.obj)
                                0x953 (size before relaxing)
 .debug_str     0x0000921c      0x872 lib/libhal.a(hal_chip_armv7a.c.obj)
                                0xc16 (size before relaxing)
 .debug_str     0x00009a8e      0x560 lib/libhal.a(hal_adi_bus.c.obj)
                                0x858 (size before relaxing)
 .debug_str     0x00009fee       0x6c lib/libhal.a(hal_blue_screen.c.obj)
                                0x95f (size before relaxing)
 .debug_str     0x0000a05a       0xe5 lib/libhal.a(hal_hwspinlock.c.obj)
                                0x42d (size before relaxing)
 .debug_str     0x0000a13f      0x3ff lib/libcalclib.a(simage.c.obj)
                                0xc6a (size before relaxing)
 .debug_str     0x0000a53e      0x593 lib/libosi_lib.a(osi_log.c.obj)
                                0xcfc (size before relaxing)
 .debug_str     0x0000aad1      0x753 lib/libhal_prop.a(hal_iomux.c.obj)
                               0x3520 (size before relaxing)

.debug_frame    0x00000000     0x161c
 .debug_frame   0x00000000       0x28 components/bootloader/CMakeFiles/boot.dir/8850/boot_start.c.obj
 .debug_frame   0x00000028       0xf8 lib/libbootloader.a(boot_platform.c.obj)
 .debug_frame   0x00000120       0x50 lib/libbootloader.a(boot_delay.c.obj)
 .debug_frame   0x00000170      0x160 lib/libbootloader.a(boot_mem.c.obj)
 .debug_frame   0x000002d0       0x78 lib/libbootloader.a(boot_trace.c.obj)
 .debug_frame   0x00000348       0xbc lib/libbootloader.a(boot_irq_gic.c.obj)
 .debug_frame   0x00000404      0x168 lib/libbootloader.a(boot_ifc_uart.c.obj)
 .debug_frame   0x0000056c       0xa0 lib/libbootloader.a(boot_uart_cmn.c.obj)
 .debug_frame   0x0000060c      0x12c lib/libhal.a(hal_clock_init.c.obj)
 .debug_frame   0x00000738      0x148 lib/libhal.a(hal_chip.c.obj)
 .debug_frame   0x00000880      0x1d0 lib/libhal.a(hal_chip_armv7a.c.obj)
 .debug_frame   0x00000a50      0x104 lib/libhal.a(hal_adi_bus.c.obj)
 .debug_frame   0x00000b54       0x54 lib/libhal.a(hal_blue_screen.c.obj)
 .debug_frame   0x00000ba8       0x78 lib/libhal.a(hal_hwspinlock.c.obj)
 .debug_frame   0x00000c20      0x18c lib/libcalclib.a(simage.c.obj)
 .debug_frame   0x00000dac      0x570 lib/libosi_lib.a(osi_log.c.obj)
 .debug_frame   0x0000131c       0x20 ../../prebuilts/win32/gcc-arm-none-eabi/gcc-arm-none-eabi-9.2.1/bin/../lib/gcc/arm-none-eabi/9.2.1/thumb/v7+fp/hard/libgcc.a(_udivsi3.o)
 .debug_frame   0x0000133c       0x2c ../../prebuilts/win32/gcc-arm-none-eabi/gcc-arm-none-eabi-9.2.1/bin/../lib/gcc/arm-none-eabi/9.2.1/thumb/v7+fp/hard/libgcc.a(_aeabi_uldivmod.o)
 .debug_frame   0x00001368       0x38 ../../prebuilts/win32/gcc-arm-none-eabi/gcc-arm-none-eabi-9.2.1/bin/../lib/gcc/arm-none-eabi/9.2.1/thumb/v7+fp/hard/libgcc.a(_udivmoddi4.o)
 .debug_frame   0x000013a0      0x27c lib/libhal_prop.a(hal_iomux.c.obj)
