Archive member included to satisfy reference by file (symbol)

lib/libbootloader.a(boot_platform.c.obj)
                              (--whole-archive)
lib/libbootloader.a(boot_secure.c.obj)
                              (--whole-archive)
lib/libbootloader.a(boot_entry_v7a.S.obj)
                              (--whole-archive)
lib/libbootloader.a(boot_sffs_port.c.obj)
                              (--whole-archive)
lib/libbootloader.a(boot_delay.c.obj)
                              (--whole-archive)
lib/libbootloader.a(boot_mem.c.obj)
                              (--whole-archive)
lib/libbootloader.a(boot_spi_flash.c.obj)
                              (--whole-archive)
lib/libbootloader.a(boot_debuguart.c.obj)
                              (--whole-archive)
lib/libbootloader.a(boot_trace.c.obj)
                              (--whole-archive)
lib/libbootloader.a(boot_fdl.c.obj)
                              (--whole-archive)
lib/libbootloader.a(boot_vfs.c.obj)
                              (--whole-archive)
lib/libbootloader.a(boot_irq_gic.c.obj)
                              (--whole-archive)
lib/libbootloader.a(boot_timer.c.obj)
                              (--whole-archive)
lib/libbootloader.a(boot_ifc_uart.c.obj)
                              (--whole-archive)
lib/libbootloader.a(boot_uart_cmn.c.obj)
                              (--whole-archive)
lib/libbootloader.a(boot_userial.c.obj)
                              (--whole-archive)
lib/libbootloader.a(boot_mmu.c.obj)
                              (--whole-archive)
lib/libbootloader.a(boot_uimage.c.obj)
                              (--whole-archive)
lib/libbootloader.a(boot_unity.c.obj)
                              (--whole-archive)
lib/libbootloader.a(boot_override.c.obj)
                              (--whole-archive)
lib/libbootloader.a(boot_lcd.c.obj)
                              (--whole-archive)
lib/libbootloader.a(boot_efuse.c.obj)
                              (--whole-archive)
lib/libbootloader.a(boot_pdl.c.obj)
                              (--whole-archive)
lib/libbootloader.a(boot_pdl_uimage.c.obj)
                              (--whole-archive)
lib/libhal.a(hal_clock_init.c.obj)
                              components/bootloader/CMakeFiles/spl.dir/8850/spl_start.c.obj (halRamInit)
lib/libhal.a(hal_rom_api.c.obj)
                              lib/libbootloader.a(boot_userial.c.obj) (halRomApiInit)
lib/libhal.a(hal_pmu.c.obj)   components/bootloader/CMakeFiles/spl.dir/8850/spl_start.c.obj (halPmuExtFlashPowerOn)
lib/libhal.a(hal_wdt.c.obj)   lib/libbootloader.a(boot_platform.c.obj) (halSysWdtStop)
lib/libhal.a(hal_chip.c.obj)  lib/libbootloader.a(boot_ifc_uart.c.obj) (halCalcFracDivider)
lib/libhal.a(hal_chip_armv7a.c.obj)
                              lib/libbootloader.a(boot_spi_flash.c.obj) (osiDCacheInvalidate)
lib/libhal.a(hal_delay.c.obj)
                              components/bootloader/CMakeFiles/spl.dir/8850/spl_start.c.obj (osiDelayUS)
lib/libhal.a(hal_efuse_cache.c.obj)
                              lib/libbootloader.a(boot_secure.c.obj) (halEfuseReadWrite)
lib/libhal.a(hal_spi_flash.c.obj)
                              lib/libbootloader.a(boot_spi_flash.c.obj) (halSpiFlashChipErase)
lib/libhal.a(hal_adi_bus.c.obj)
                              components/bootloader/CMakeFiles/spl.dir/8850/spl_start.c.obj (halAdiBusInit)
lib/libhal.a(hal_blue_screen.c.obj)
                              lib/libbootloader.a(boot_platform.c.obj) (halBlueScreenSaveContext)
lib/libhal.a(hal_hwspinlock.c.obj)
                              lib/libhal.a(hal_adi_bus.c.obj) (halHwspinlockAcquire)
lib/libhal.a(hal_efuse.c.obj)
                              lib/libhal.a(hal_efuse_cache.c.obj) (halEfuseOpen)
lib/libcalclib.a(simage.c.obj)
                              components/bootloader/CMakeFiles/spl.dir/8850/spl_start.c.obj (simageValid)
lib/libcalclib.a(crypto.c.obj)
                              lib/libbootloader.a(boot_secure.c.obj) (sha256Check)
lib/libcalclib.a(sm3.c.obj)   lib/libcalclib.a(crypto.c.obj) (SM3)
lib/libboot_calclib_crc.a(crc32.c.obj)
                              lib/libbootloader.a(boot_uimage.c.obj) (crc32Calc)
lib/libfupdate_core.a(fupdate_bootloader.c.obj)
                              components/bootloader/CMakeFiles/spl.dir/8850/spl_start.c.obj (fupdateGetUpdatingType)
lib/libfupdate_core.a(fupdate_common.c.obj)
                              lib/libfupdate_core.a(fupdate_bootloader.c.obj) (fupdateBlockedFname)
lib/libsffs_core.a(sffs.c.obj)
                              lib/libbootloader.a(boot_vfs.c.obj) (sffsMount)
lib/libsffs_core.a(lzmar.c.obj)
                              lib/libfupdate_core.a(fupdate_bootloader.c.obj) (lzmarCompress)
lib/libsffs_core.a(LzmaEnc.c.obj)
                              lib/libsffs_core.a(lzmar.c.obj) (LzmaEncode)
lib/libsffs_core.a(LzmaDec.c.obj)
[...]
Memory Configuration

Name             Origin             Length             Attributes
syssram          0x00100000         0x00004000         xrw
aonsram          0x50800000         0x00014000         xrw
ram              0x80000000         0x00800000         rw
*default*        0x00000000         0xffffffff

Linker script and memory map

LOAD components/bootloader/CMakeFiles/spl.dir/8850/spl_start.c.obj
LOAD lib/libbootloader.a
START GROUP
LOAD lib/libhal.a
LOAD lib/libcalclib.a
LOAD lib/libboot_calclib_crc.a
LOAD lib/libfupdate_core.a
LOAD lib/libfupdate_security_boot.a
LOAD lib/libsffs_core.a
LOAD lib/libbdev.a
LOAD lib/libosi_lib.a
LOAD lib/libfsmount.a
LOAD lib/libboot_ex_ql.a
END GROUP
LOAD ../../components/newlib/newlib-3.1.0/armca5/libc.a
LOAD ../../prebuilts/win32/gcc-arm-none-eabi/gcc-arm-none-eabi-9.2.1/bin/../lib/gcc/arm-none-eabi/9.2.1/thumb/v7+fp/hard/libgcc.a
LOAD lib/libboot_ex_fat_rdonly.a
LOAD lib/libboot_ex_spi6nor.a
LOAD lib/libboot_ex_ql_pin.a
LOAD lib/libcalclib.a
LOAD lib/libhal.a
LOAD lib/libdriver.a
LOAD lib/libhal_prop.a
LOAD lib/libdriver_lcd.a
LOAD lib/liboql_core_boot_virt_func.a
LOAD lib/libdriver_camera.a
LOAD lib/libhal.a
LOAD lib/libdriver.a
LOAD lib/libhal_prop.a
LOAD lib/libdriver_lcd.a
LOAD lib/liboql_core_boot_virt_func.a
LOAD lib/libdriver_camera.a
LOAD lib/libfs_partinfo.a

.rom_data       0x00100000      0xc00
                0x00100000                __rom_data_start = .
                0x00100c00                . = (. + 0xc00)
 *fill*         0x00100000      0xc00 
                0x00100c00                __rom_data_end = .
                0x00100c00                . = ALIGN (0x20)

.simage         0x50800000      0x100
                0x50800000                __simage_start = .
                0x50800100                . = (. + 0x100)
 *fill*         0x50800000      0x100 
                0x50800100                __simage_end = .
                0x50800100                . = ALIGN (0x20)

.flash_start    0x50800100        0x0
                0x50800100                __flash_start = .

.text           0x50800100     0xe500
                0x50800100                __text_start = .
 *(BOOT_ENTRY)
 BOOT_ENTRY     0x50800100      0x25c lib/libbootloader.a(boot_entry_v7a.S.obj)
                0x50800100                Vectors
                0x508002a4                bootEntry
                0x50800320                bootJumpImageEntry
 SORT_BY_NAME(*)(.sramboottext .sramboottext.*)
 .sramboottext  0x5080035c       0x70 lib/libhal.a(hal_delay.c.obj)
                0x5080035c                osiDelayLoops
                0x50800366                osiDelayUS
                0x50800384                osiDebugEvent
                0x508003c0                osiHWTick16K
 SORT_BY_NAME(*)(.sramtext .sramtext.*)
 .sramtext      0x508003cc       0xae lib/libhal.a(hal_chip_armv7a.c.obj)
                0x508003cc                osiDCacheCleanInvalidateAll
                0x5080045c                vPortDisableInterrupts
                0x5080045c                uxPortEnterCritical
                0x5080045c                osiIrqSave
                0x5080045c                uxPortSetInterruptMaskFromISR
                0x5080045c                osiEnterCritical
                0x5080046c                osiExitCritical
                0x5080046c                osiIrqRestore
                0x5080046c                vPortExitCritical
                0x5080046c                vPortClearInterruptMaskFromISR
 SORT_BY_NAME(*)(.ramtext .ramtext.*)
 .ramtext.flashhal.1042
                0x5080047a       0xe6 lib/libhal.a(hal_spi_flash.c.obj)
                0x5080047a                halSpiFlashCmd
 .ramtext.flashhal.180
                0x50800560       0x1e lib/libhal.a(hal_spi_flash.c.obj)
 *fill*         0x5080057e        0x2 
 .ramtext.flashhal.376
                0x50800580       0x14 lib/libhal.a(hal_spi_flash.c.obj)
 .ramtext.flashhal.392
                0x50800594       0x24 lib/libhal.a(hal_spi_flash.c.obj)
 .ramtext.flashhal.174
                0x508005b8       0x16 lib/libhal.a(hal_spi_flash.c.obj)
 .ramtext.flashhal.566
                0x508005ce       0x18 lib/libhal.a(hal_spi_flash.c.obj)
 .ramtext.flashhal.557
                0x508005e6       0x18 lib/libhal.a(hal_spi_flash.c.obj)
 .ramtext.flashhal.548
                0x508005fe       0x18 lib/libhal.a(hal_spi_flash.c.obj)
 .ramtext.flashhal.960
                0x50800616       0x18 lib/libhal.a(hal_spi_flash.c.obj)
                0x50800616                halSpiFlashErase
 .ramtext.flashhal.162
                0x5080062e       0x12 lib/libhal.a(hal_spi_flash.c.obj)
 .ramtext.flashhal.409
                0x50800640       0x1a lib/libhal.a(hal_spi_flash.c.obj)
 .ramtext.flashhal.460
                0x5080065a       0x24 lib/libhal.a(hal_spi_flash.c.obj)
 .ramtext.flashhal.539
                0x5080067e       0x1c lib/libhal.a(hal_spi_flash.c.obj)
                0x5080067e                halSpiFlashPageProgram
 .ramtext.flashhal.433
                0x5080069a       0x5e lib/libhal.a(hal_spi_flash.c.obj)
 .ramtext.flashhal.1121
                0x508006f8        0xa lib/libhal.a(hal_spi_flash.c.obj)
                0x508006f8                halSpiFlashWriteEnable
 *fill*         0x50800702        0x2 
 .ramtext.flashhal.477
                0x50800704      0x15c lib/libhal.a(hal_spi_flash.c.obj)
                0x50800704                halSpiFlashPrepareEraseProgram
 .ramtext.flashhal.513
                0x50800860       0x6c lib/libhal.a(hal_spi_flash.c.obj)
                0x50800860                halSpiFlashFinishEraseProgram
 .ramtext.flashhal.1129
                0x508008cc        0xa lib/libhal.a(hal_spi_flash.c.obj)
                0x508008cc                halSpiFlashWriteDisable
 .ramtext.flashhal.1137
                0x508008d6        0xa lib/libhal.a(hal_spi_flash.c.obj)
                0x508008d6                halSpiFlashResetEnable
 .ramtext.flashhal.1145
                0x508008e0        0xa lib/libhal.a(hal_spi_flash.c.obj)
                0x508008e0                halSpiFlashReset
 .ramtext.flashhal.1170
                0x508008ea       0x1a lib/libhal.a(hal_spi_flash.c.obj)
                0x508008ea                halSpiFlashReadSR
 .ramtext.flashhal.1206
                0x50800904       0x26 lib/libhal.a(hal_spi_flash.c.obj)
                0x50800904                halSpiFlashIsWipFinished
 .ramtext.flashhal.1219
                0x5080092a       0x10 lib/libhal.a(hal_spi_flash.c.obj)
                0x5080092a                halSpiFlashWaitWipFinish
 .ramtext.flashhal.1178
                0x5080093a       0x6a lib/libhal.a(hal_spi_flash.c.obj)
                0x5080093a                halSpiFlashWriteSR
 .ramtext.flashhal.1342
                0x508009a4      0x18c lib/libhal.a(hal_spi_flash.c.obj)
                0x508009a4                halSpiFlashStatusCheck
 .ramtext.flashhal.1458
                0x50800b30      0x140 lib/libhal.a(hal_spi_flash.c.obj)
                0x50800b30                halSpiFlashInit
 .ramtext.flashhal.118
                0x50800c70       0x44 lib/libhal.a(hal_spi_flash.c.obj)
 .ramtext.flashhal.141
                0x50800cb4       0x44 lib/libhal.a(hal_spi_flash.c.obj)
 .ramtext.flashhal.164
                0x50800cf8       0x44 lib/libhal.a(hal_spi_flash.c.obj)
 .ramtext.flashhal.223
                0x50800d3c       0x3c lib/libhal.a(hal_spi_flash.c.obj)
 .ramtext.flashhal.78
                0x50800d78       0x34 lib/libhal.a(hal_spi_flash.c.obj)
 .ramtext.flashhal.97
                0x50800dac       0x3c lib/libhal.a(hal_spi_flash.c.obj)
 .ramtext       0x50800de8       0x10 lib/libhal.a(hal_wdt.c.obj)
                0x50800de8                halSysWdtStop
 SORT_BY_NAME(*)(.text .text.* .gnu.linkonce.t.* .rdata .rodata .rodata.* .rodata1 .gnu.linkonce.r.*)
 .text.__getreent
                0x50800df8        0xc ../../components/newlib/newlib-3.1.0/armca5/libc.a(lib_a-getreent.o)
                0x50800df8                __getreent
 .text.memcmp   0x50800e04       0x5c ../../components/newlib/newlib-3.1.0/armca5/libc.a(lib_a-memcmp.o)
                0x50800e04                memcmp
 .text.memcpy   0x50800e60       0xc8 ../../components/newlib/newlib-3.1.0/armca5/libc.a(lib_a-memcpy-stub.o)
                0x50800e60                memcpy
 .text.memmove  0x50800f28       0xd4 ../../components/newlib/newlib-3.1.0/armca5/libc.a(lib_a-memmove.o)
                0x50800f28                memmove
 .text.memset   0x50800ffc       0xa8 ../../components/newlib/newlib-3.1.0/armca5/libc.a(lib_a-memset.o)
                0x50800ffc                memset
 .text.strchr   0x508010a4       0xd0 ../../components/newlib/newlib-3.1.0/armca5/libc.a(lib_a-strchr.o)
                0x508010a4                strchr
 .text.strcpy   0x50801174       0xc4 ../../components/newlib/newlib-3.1.0/armca5/libc.a(lib_a-strcpy.o)
                0x50801174                strcpy
 .text.strdup   0x50801238       0x14 ../../components/newlib/newlib-3.1.0/armca5/libc.a(lib_a-strdup.o)
                0x50801238                strdup
 .text._strdup_r
                0x5080124c       0x24 ../../components/newlib/newlib-3.1.0/armca5/libc.a(lib_a-strdup_r.o)
                0x5080124c                _strdup_r
 *fill*         0x50801270       0x10 
 .text          0x50801280       0xdc ../../components/newlib/newlib-3.1.0/armca5/libc.a(lib_a-strlen.o)
                0x50801280                strlen
 .text.strncmp  0x5080135c       0x84 ../../components/newlib/newlib-3.1.0/armca5/libc.a(lib_a-strncmp.o)
                0x5080135c                strncmp
 .text.strrchr  0x508013e0       0x24 ../../components/newlib/newlib-3.1.0/armca5/libc.a(lib_a-strrchr.o)
                0x508013e0                strrchr
 .text          0x50801404       0x30 ../../prebuilts/win32/gcc-arm-none-eabi/gcc-arm-none-eabi-9.2.1/bin/../lib/gcc/arm-none-eabi/9.2.1/thumb/v7+fp/hard/libgcc.a(_aeabi_uldivmod.o)
                0x50801404                __aeabi_uldivmod
 .text          0x50801434        0x4 ../../prebuilts/win32/gcc-arm-none-eabi/gcc-arm-none-eabi-9.2.1/bin/../lib/gcc/arm-none-eabi/9.2.1/thumb/v7+fp/hard/libgcc.a(_dvmd_tls.o)
                0x50801434                __aeabi_idiv0
                0x50801434                __aeabi_ldiv0
 .text          0x50801438      0x11c ../../prebuilts/win32/gcc-arm-none-eabi/gcc-arm-none-eabi-9.2.1/bin/../lib/gcc/arm-none-eabi/9.2.1/thumb/v7+fp/hard/libgcc.a(_udivmoddi4.o)
                0x50801438                __udivmoddi4
 *fill*         0x50801554        0x4 
 .text          0x50801558      0x278 ../../prebuilts/win32/gcc-arm-none-eabi/gcc-arm-none-eabi-9.2.1/bin/../lib/gcc/arm-none-eabi/9.2.1/thumb/v7+fp/hard/libgcc.a(_udivsi3.o)
                0x50801558                __aeabi_uidiv
                0x50801558                __udivsi3
                0x508017b4                __aeabi_uidivmod
 .text.prvFirmwareUpdateProgress
                0x508017d0       0x20 components/bootloader/CMakeFiles/spl.dir/8850/spl_start.c.obj
 .text.prvFirmwareUpdatePreProgress
                0x508017f0       0x4c components/bootloader/CMakeFiles/spl.dir/8850/spl_start.c.obj
 .text.bootSetUartIomux
                0x5080183c       0x60 components/bootloader/CMakeFiles/spl.dir/8850/spl_start.c.obj
                0x5080183c                bootSetUartIomux
 .text.bootStart
                0x5080189c      0x3f4 components/bootloader/CMakeFiles/spl.dir/8850/spl_start.c.obj
                0x5080189c                bootStart
 .text.blockDeviceRead
                0x50801c90        0xc lib/libbdev.a(block_device.c.obj)
                0x50801c90                blockDeviceRead
 .text.blockDeviceWrite
                0x50801c9c        0xc lib/libbdev.a(block_device.c.obj)
                0x50801c9c                blockDeviceWrite
 .text.blockDeviceErase
                0x50801ca8        0xc lib/libbdev.a(block_device.c.obj)
                0x50801ca8                blockDeviceErase
 .text.blockDeviceDestroy
                0x50801cb4        0x8 lib/libbdev.a(block_device.c.obj)
                0x50801cb4                blockDeviceDestroy
 .text._destroy
                0x50801cbc        0x4 lib/libbdev.a(partition_block_device.c.obj)
 .text._erase   0x50801cc0       0x14 lib/libbdev.a(partition_block_device.c.obj)
 .text._write   0x50801cd4       0x14 lib/libbdev.a(partition_block_device.c.obj)
 .text._read    0x50801ce8       0x14 lib/libbdev.a(partition_block_device.c.obj)
 .text.partBlockDeviceCreate
                0x50801cfc       0x78 lib/libbdev.a(partition_block_device.c.obj)
                0x50801cfc                partBlockDeviceCreate
 .text.crc_table_init
                0x50801d74       0x68 lib/libboot_calclib_crc.a(crc32.c.obj)
                0x50801d74                crc_table_init
 .text.crc32Init
                0x50801ddc       0x1c lib/libboot_calclib_crc.a(crc32.c.obj)
                0x50801ddc                crc32Init
 .text.crc32Calc
                0x50801df8       0x3c lib/libboot_calclib_crc.a(crc32.c.obj)
                0x50801df8                crc32Calc
 .text.crc32VariantInit
                0x50801e34       0x1c lib/libboot_calclib_crc.a(crc32.c.obj)
                0x50801e34                crc32VariantInit
 .text.crc32VariantUpdate
                0x50801e50       0x34 lib/libboot_calclib_crc.a(crc32.c.obj)
                0x50801e50                crc32VariantUpdate
 .text.crc32VariantCalc
                0x50801e84       0x38 lib/libboot_calclib_crc.a(crc32.c.obj)
                0x50801e84                crc32VariantCalc
 .text.crc8RohcInit
                0x50801ebc       0x1c lib/libboot_calclib_crc.a(crc32.c.obj)
                0x50801ebc                crc8RohcInit
 .text.crc8RohcCalc
                0x50801ed8       0x2c lib/libboot_calclib_crc.a(crc32.c.obj)
                0x50801ed8                crc8RohcCalc
 .text.disk_readp
                0x50801f04        0x4 lib/libboot_ex_fat_rdonly.a(diskio.c.obj)
                0x50801f04                disk_readp
 .text.ff_convert
                0x50801f08       0x3c lib/libboot_ex_fat_rdonly.a(pff_basic.c.obj)
                0x50801f08                ff_convert
 .text.ld_word  0x50801f44        0x4 lib/libboot_ex_fat_rdonly.a(pff_basic.c.obj)
                0x50801f44                ld_word
 .text.ld_dword
                0x50801f48        0x4 lib/libboot_ex_fat_rdonly.a(pff_basic.c.obj)
                0x50801f48                ld_dword
 .text.mem_set  0x50801f4c        0xe lib/libboot_ex_fat_rdonly.a(pff_basic.c.obj)
                0x50801f4c                mem_set
 .text.mem_cmp  0x50801f5a       0x1c lib/libboot_ex_fat_rdonly.a(pff_basic.c.obj)
                0x50801f5a                mem_cmp
 .text.chk_chr  0x50801f76        0xe lib/libboot_ex_fat_rdonly.a(pff_basic.c.obj)
                0x50801f76                chk_chr
 .text.test_lfn
                0x50801f84       0x58 lib/libboot_ex_fat_rdonly.a(pff_basic.c.obj)
                0x50801f84                test_lfn
 .text.sum_sfn  0x50801fdc       0x1e lib/libboot_ex_fat_rdonly.a(pff_basic.c.obj)
                0x50801fdc                sum_sfn
 *fill*         0x50801ffa        0x2 
 .text.clust2sect
                0x50801ffc       0x20 lib/libboot_ex_fat_rdonly.a(pff_basic.c.obj)
                0x50801ffc                clust2sect
 .text.get_clust
                0x5080201c        0xa lib/libboot_ex_fat_rdonly.a(pff_basic.c.obj)
                0x5080201c                get_clust
 .rodata.create_name.str1.1
                0x50802026       0x10 lib/libboot_ex_fat_rdonly.a(pff_basic.c.obj)
 *fill*         0x50802036        0x2 
 .text.create_name
                0x50802038      0x1d4 lib/libboot_ex_fat_rdonly.a(pff_basic.c.obj)
                0x50802038                create_name
 .rodata.LfnOfs
                0x5080220c        0xd lib/libboot_ex_fat_rdonly.a(pff_basic.c.obj)
                0x5080220c                LfnOfs
 *fill*         0x50802219        0x1 
 .rodata.Tbl    0x5080221a      0x100 lib/libboot_ex_fat_rdonly.a(pff_basic.c.obj)
 *fill*         0x5080231a        0x2 
 .text.get_fat  0x5080231c       0x7c lib/libboot_ex_fat_rdonly.a(pff_rdonly.c.obj)
 .text.dir_seek.constprop.0
                0x50802398       0x44 lib/libboot_ex_fat_rdonly.a(pff_rdonly.c.obj)
 .text.pf_open  0x508023dc      0x214 lib/libboot_ex_fat_rdonly.a(pff_rdonly.c.obj)
                0x508023dc                pf_open
 .text.pf_read  0x508025f0       0xd4 lib/libboot_ex_fat_rdonly.a(pff_rdonly.c.obj)
                0x508025f0                pf_read
 .text.pf_lseek
                0x508026c4       0x1c lib/libboot_ex_fat_rdonly.a(pff_rdonly.c.obj)
                0x508026c4                pf_lseek
 .text.quec_blockDeviceRead
                0x508026e0       0x20 lib/libboot_ex_fat_rdonly.a(quec_boot_block_device.c.obj)
                0x508026e0                quec_blockDeviceRead
 .text.ql_boot_fat_open
                0x50802700       0x1a lib/libboot_ex_fat_rdonly.a(quec_boot_pff_rdonly.c.obj)
                0x50802700                ql_boot_fat_open
 .text.ql_boot_fat_read
                0x5080271a       0x22 lib/libboot_ex_fat_rdonly.a(quec_boot_pff_rdonly.c.obj)
                0x5080271a                ql_boot_fat_read
 .text.ql_boot_fat_file_size
                0x5080273c       0x1c lib/libboot_ex_fat_rdonly.a(quec_boot_pff_rdonly.c.obj)
                0x5080273c                ql_boot_fat_file_size
 .text.ql_boot_fat_lseek
                0x50802758       0x12 lib/libboot_ex_fat_rdonly.a(quec_boot_pff_rdonly.c.obj)
                0x50802758                ql_boot_fat_lseek
 .rodata.quec_get_real_path.str1.1
                0x5080276a       0x10 lib/libboot_ex_fat_rdonly.a(quec_boot_pff_rdonly.c.obj)
 *fill*         0x5080277a        0x2 
 .text.quec_get_real_path
                0x5080277c       0x28 lib/libboot_ex_fat_rdonly.a(quec_boot_pff_rdonly.c.obj)
                0x5080277c                quec_get_real_path
 .rodata.quec_boot_open_file.str1.1
                0x508027a4       0x21 lib/libboot_ex_fat_rdonly.a(quec_boot_pff_rdonly.c.obj)
 *fill*         0x508027c5        0x3 
 .text.quec_boot_open_file
                0x508027c8       0x74 lib/libboot_ex_fat_rdonly.a(quec_boot_pff_rdonly.c.obj)
                0x508027c8                quec_boot_open_file
 .text.quec_bootVfsOpen
                0x5080283c       0x28 lib/libboot_ex_fat_rdonly.a(quec_boot_pff_rdonly.c.obj)
                0x5080283c                quec_bootVfsOpen
 .text.quec_bootVfsRead
                0x50802864       0x30 lib/libboot_ex_fat_rdonly.a(quec_boot_pff_rdonly.c.obj)
                0x50802864                quec_bootVfsRead
 .text.quec_bootVfsClose
                0x50802894       0x28 lib/libboot_ex_fat_rdonly.a(quec_boot_pff_rdonly.c.obj)
                0x50802894                quec_bootVfsClose
 .text.quec_bootVfsFileSize
                0x508028bc       0x40 lib/libboot_ex_fat_rdonly.a(quec_boot_pff_rdonly.c.obj)
                0x508028bc                quec_bootVfsFileSize
 .text.quec_bootVfsCheckPath
                0x508028fc       0x12 lib/libboot_ex_fat_rdonly.a(quec_boot_pff_rdonly.c.obj)
                0x508028fc                quec_bootVfsCheckPath
 *fill*         0x5080290e        0x2 
 .text.ql_boot_fat_disk_read
                0x50802910       0x28 lib/libboot_ex_fat_rdonly.a(quec_boot_vfs.c.obj)
                0x50802910                ql_boot_fat_disk_read
 .rodata.quec_check_path_type.str1.1
                0x50802938       0x1d lib/libboot_ex_ql.a(quec_boot_fota.c.obj)
 *fill*         0x50802955        0x3 
 .text.quec_check_path_type
                0x50802958       0x88 lib/libboot_ex_ql.a(quec_boot_fota.c.obj)
                0x50802958                quec_check_path_type
 .rodata.prvQuec_Load_Fota_nv_Cfg.str1.1
                0x508029e0       0x68 lib/libboot_ex_ql.a(quec_boot_fota.c.obj)
 .text.prvQuec_Load_Fota_nv_Cfg
                0x50802a48       0x90 lib/libboot_ex_ql.a(quec_boot_fota.c.obj)
                0x50802a48                prvQuec_Load_Fota_nv_Cfg
 .rodata.quec_boot_fota_init.str1.1
                0x50802ad8       0x37 lib/libboot_ex_ql.a(quec_boot_fota.c.obj)
 *fill*         0x50802b0f        0x1 
 .text.quec_boot_fota_init
                0x50802b10       0xa4 lib/libboot_ex_ql.a(quec_boot_fota.c.obj)
                0x50802b10                quec_boot_fota_init
 .rodata.quec_boot_fota_pack_verify.str1.1
                0x50802bb4       0x12 lib/libboot_ex_ql.a(quec_boot_fota.c.obj)
 *fill*         0x50802bc6        0x2 
 .text.quec_boot_fota_pack_verify
                0x50802bc8       0xbc lib/libboot_ex_ql.a(quec_boot_fota.c.obj)
                0x50802bc8                quec_boot_fota_pack_verify
 .rodata.gFupdatePackFileNameInvalid
                0x50802c84        0x9 lib/libboot_ex_ql.a(quec_boot_fota.c.obj)
 .rodata.ql_boot_set_power_domain.str1.1
                0x50802c8d       0x1d lib/libboot_ex_spi6nor.a(quec_boot_pin_power_domain.c.obj)
 *fill*         0x50802caa        0x2 
 .text.ql_boot_set_power_domain
                0x50802cac       0xa0 lib/libboot_ex_spi6nor.a(quec_boot_pin_power_domain.c.obj)
                0x50802cac                ql_boot_set_power_domain
 .text.quec_boot_pin_init
                0x50802d4c       0x4c lib/libboot_ex_spi6nor.a(quec_boot_pin_power_domain.c.obj)
                0x50802d4c                quec_boot_pin_init
 .text.quec_boot_get_pin_reg_default_val
                0x50802d98       0x12 lib/libboot_ex_spi6nor.a(quec_boot_pin_power_domain.c.obj)
                0x50802d98                quec_boot_get_pin_reg_default_val
 .text.quec_boot_set_pin_reg_default_val
                0x50802daa       0x28 lib/libboot_ex_spi6nor.a(quec_boot_pin_power_domain.c.obj)
                0x50802daa                quec_boot_set_pin_reg_default_val
 *fill*         0x50802dd2        0x2 
 .text.ql_set_spi6_ext_nor_flash_status
                0x50802dd4        0xc lib/libboot_ex_spi6nor.a(quec_spi6_ext_norflash_cfg.c.obj)
                0x50802dd4                ql_set_spi6_ext_nor_flash_status
 .text.ql_get_spi6_ext_nor_status
                0x50802de0        0xc lib/libboot_ex_spi6nor.a(quec_spi6_ext_norflash_cfg.c.obj)
                0x50802de0                ql_get_spi6_ext_nor_status
 .rodata.quec_set_spi6_ext_nor_flash_capacity.str1.1
                0x50802dec       0x5c lib/libboot_ex_spi6nor.a(quec_spi6_ext_norflash_cfg.c.obj)
 .text.quec_set_spi6_ext_nor_flash_capacity
                0x50802e48       0x84 lib/libboot_ex_spi6nor.a(quec_spi6_ext_norflash_cfg.c.obj)
                0x50802e48                quec_set_spi6_ext_nor_flash_capacity
 .rodata.quec_spi6_ext_nor_flash_mount.str1.1
                0x50802ecc       0x2f lib/libboot_ex_spi6nor.a(quec_spi6_ext_norflash_cfg.c.obj)
 *fill*         0x50802efb        0x1 
 .text.quec_spi6_ext_nor_flash_mount
                0x50802efc       0x7c lib/libboot_ex_spi6nor.a(quec_spi6_ext_norflash_cfg.c.obj)
                0x50802efc                quec_spi6_ext_nor_flash_mount
 .text.quec_boot_spi6_pin_init
                0x50802f78       0xe4 lib/libboot_ex_spi6nor.a(quec_spi6_ext_norflash_cfg.c.obj)
                0x50802f78                quec_boot_spi6_pin_init
 .text.quec_boot_spi6_ext_norflash_gpio_init
                0x5080305c        0xc lib/libboot_ex_spi6nor.a(quec_spi6_ext_norflash_cfg.c.obj)
                0x5080305c                quec_boot_spi6_ext_norflash_gpio_init
 .rodata.quec_boot_spi6_ext_norflash_init.str1.1
                0x50803068       0x27 lib/libboot_ex_spi6nor.a(quec_spi6_ext_norflash_cfg.c.obj)
 *fill*         0x5080308f        0x1 
 .text.quec_boot_spi6_ext_norflash_init
                0x50803090       0x38 lib/libboot_ex_spi6nor.a(quec_spi6_ext_norflash_cfg.c.obj)
                0x50803090                quec_boot_spi6_ext_norflash_init
 .text.quec_boot_get_spi6_ext_norflash_gpio_default_fuction
                0x508030c8       0x98 lib/libboot_ex_spi6nor.a(quec_spi6_ext_norflash_cfg.c.obj)
                0x508030c8                quec_boot_get_spi6_ext_norflash_gpio_default_fuction
 .text.quec_boot_spi6_ext_norflash_gpio_deinit
                0x50803160       0x98 lib/libboot_ex_spi6nor.a(quec_spi6_ext_norflash_cfg.c.obj)
                0x50803160                quec_boot_spi6_ext_norflash_gpio_deinit
 .rodata.__FUNCTION__.44225
                0x508031f8       0x25 lib/libboot_ex_spi6nor.a(quec_spi6_ext_norflash_cfg.c.obj)
 .rodata.__FUNCTION__.44237
                0x5080321d       0x1e lib/libboot_ex_spi6nor.a(quec_spi6_ext_norflash_cfg.c.obj)
 .rodata.__FUNCTION__.44380
                0x5080323b       0x21 lib/libboot_ex_spi6nor.a(quec_spi6_ext_norflash_cfg.c.obj)
 .text.unlikely.bootPanic
                0x5080325c        0x2 lib/libbootloader.a(boot_delay.c.obj)
                0x5080325c                osiPanic
                0x5080325c                bootPanic
 *fill*         0x5080325e        0x2 
 .text.bootElapsedTimerStart
                0x50803260       0x10 lib/libbootloader.a(boot_delay.c.obj)
                0x50803260                osiElapsedTimerStart
                0x50803260                bootElapsedTimerStart
 .text.bootElapsedTimeUS
                0x50803270       0x14 lib/libbootloader.a(boot_delay.c.obj)
                0x50803270                bootElapsedTimeUS
                0x50803270                osiElapsedTimeUS
 .text.bootEfuseReadWrite
                0x50803284       0x3c lib/libbootloader.a(boot_efuse.c.obj)
                0x50803284                bootEfuseReadWrite
 .text.bootEfuseRead
                0x508032c0       0x20 lib/libbootloader.a(boot_efuse.c.obj)
                0x508032c0                bootEfuseRead
 .text.bootUartSetBaud
                0x508032e0      0x150 lib/libbootloader.a(boot_ifc_uart.c.obj)
                0x508032e0                bootUartSetBaud
 .text.bootUartOpen
                0x50803430       0xf4 lib/libbootloader.a(boot_ifc_uart.c.obj)
                0x50803430                bootUartOpen
 .text.bootUartWrite
                0x50803524       0x24 lib/libbootloader.a(boot_ifc_uart.c.obj)
                0x50803524                bootUartWrite
 .text.bootIrqHandler
                0x50803548       0x34 lib/libbootloader.a(boot_irq_gic.c.obj)
                0x50803548                bootIrqHandler
 .text._heap_malloc
                0x5080357c       0x38 lib/libbootloader.a(boot_mem.c.obj)
 .text._heap_calloc
                0x508035b4       0x26 lib/libbootloader.a(boot_mem.c.obj)
 *fill*         0x508035da        0x2 
 .text._heap_free
                0x508035dc       0x78 lib/libbootloader.a(boot_mem.c.obj)
 .text.bootHeapInit
                0x50803654       0x4c lib/libbootloader.a(boot_mem.c.obj)
                0x50803654                bootHeapInit
 .text.bootFree
                0x508036a0       0x34 lib/libbootloader.a(boot_mem.c.obj)
                0x508036a0                bootFree
 .text.bootHeapDefaultExtRam
                0x508036d4       0x10 lib/libbootloader.a(boot_mem.c.obj)
                0x508036d4                bootHeapDefaultExtRam
 .text.bootExtRamMalloc
                0x508036e4        0xc lib/libbootloader.a(boot_mem.c.obj)
                0x508036e4                bootExtRamMalloc
 .text.malloc   0x508036f0       0x10 lib/libbootloader.a(boot_mem.c.obj)
                0x508036f0                malloc
 .text.calloc   0x50803700       0x10 lib/libbootloader.a(boot_mem.c.obj)
                0x50803700                calloc
 .text.free     0x50803710        0x4 lib/libbootloader.a(boot_mem.c.obj)
                0x50803710                free
 .text.bootMmuEnable
                0x50803714      0x1d0 lib/libbootloader.a(boot_mmu.c.obj)
                0x50803714                bootMmuEnable
 .text.osiMutexCreate
                0x508038e4        0x4 lib/libbootloader.a(boot_override.c.obj)
                0x508038e4                osiMutexCreate
 .text.osiMutexDelete
                0x508038e8        0x2 lib/libbootloader.a(boot_override.c.obj)
                0x508038e8                osiMutexDelete
 .text.osiMutexLock
                0x508038ea        0x2 lib/libbootloader.a(boot_override.c.obj)
                0x508038ea                osiMutexLock
 .text.osiMutexUnlock
                0x508038ec        0x2 lib/libbootloader.a(boot_override.c.obj)
                0x508038ec                osiMutexUnlock
 .text.osiThreadSleepUS
                0x508038ee        0x4 lib/libbootloader.a(boot_override.c.obj)
                0x508038ee                osiThreadSleepUS
 *fill*         0x508038f2        0x2 
 .text.bootReset
                0x508038f4       0x48 lib/libbootloader.a(boot_platform.c.obj)
                0x508038f4                bootReset
 .text._psmPrepare
                0x5080393c      0x13c lib/libbootloader.a(boot_platform.c.obj)
                0x5080393c                _psmPrepare
 .text.bootPowerOff
                0x50803a78       0x68 lib/libbootloader.a(boot_platform.c.obj)
                0x50803a78                bootPowerOff
 .text.bootPowerOnCause
                0x50803ae0       0x44 lib/libbootloader.a(boot_platform.c.obj)
                0x50803ae0                bootPowerOnCause
 .text.bootResetPinEnable
                0x50803b24       0x58 lib/libbootloader.a(boot_platform.c.obj)
                0x50803b24                bootResetPinEnable
 .text.bootPlatformInit
                0x50803b7c       0x40 lib/libbootloader.a(boot_platform.c.obj)
                0x50803b7c                bootPlatformInit
 .text.bootBlueScreen
                0x50803bbc        0xc lib/libbootloader.a(boot_platform.c.obj)
                0x50803bbc                bootBlueScreen
 .text.bootGetEfuseCtx
                0x50803bc8       0x34 lib/libbootloader.a(boot_secure.c.obj)
                0x50803bc8                bootGetEfuseCtx
 .text.sha256Calc
                0x50803bfc        0xa lib/libbootloader.a(boot_secure.c.obj)
                0x50803bfc                sha256Calc
 *fill*         0x50803c06        0x2 
 .text.bootSimageCheckSign
                0x50803c08       0x1c lib/libbootloader.a(boot_secure.c.obj)
                0x50803c08                bootSimageCheckSign
 .text.bootUpdateVersion
                0x50803c24       0x94 lib/libbootloader.a(boot_secure.c.obj)
                0x50803c24                bootUpdateVersion
 .text.drvSpiFlashOpen
                0x50803cb8        0x4 lib/libbootloader.a(boot_sffs_port.c.obj)
                0x50803cb8                drvSpiFlashOpen
 .text.drvSpiFlashWrite
                0x50803cbc        0x4 lib/libbootloader.a(boot_sffs_port.c.obj)
                0x50803cbc                drvSpiFlashWrite
 .text.drvSpiFlashErase
                0x50803cc0        0x4 lib/libbootloader.a(boot_sffs_port.c.obj)
                0x50803cc0                drvSpiFlashErase
 .text.drvSpiFlashRead
                0x50803cc4        0x4 lib/libbootloader.a(boot_sffs_port.c.obj)
                0x50803cc4                drvSpiFlashRead
 .text.drvSpiFlashReadCheck
                0x50803cc8        0x4 lib/libbootloader.a(boot_sffs_port.c.obj)
                0x50803cc8                drvSpiFlashReadCheck
 .text.drvSpiFlashCapacity
                0x50803ccc        0x4 lib/libbootloader.a(boot_sffs_port.c.obj)
                0x50803ccc                drvSpiFlashCapacity
 .text.prvErase
                0x50803cd0       0x1e lib/libbootloader.a(boot_spi_flash.c.obj)
 *fill*         0x50803cee        0x2 
 .text.bootSpiFlashOpen
                0x50803cf0       0x40 lib/libbootloader.a(boot_spi_flash.c.obj)
                0x50803cf0                bootSpiFlashOpen
 .text.bootSpiFlashSetRangeWriteProhibit
                0x50803d30       0x38 lib/libbootloader.a(boot_spi_flash.c.obj)
                0x50803d30                bootSpiFlashSetRangeWriteProhibit
 .text.bootSpiFlashCapacity
                0x50803d68        0x6 lib/libbootloader.a(boot_spi_flash.c.obj)
                0x50803d68                bootSpiFlashCapacity
 .text.bootSpiFlashWriteNoWait
                0x50803d6e       0x70 lib/libbootloader.a(boot_spi_flash.c.obj)
                0x50803d6e                bootSpiFlashWriteNoWait
 .text.bootSpiFlashEraseNoWait
                0x50803dde       0xd4 lib/libbootloader.a(boot_spi_flash.c.obj)
                0x50803dde                bootSpiFlashEraseNoWait
 .text.bootSpiFlashErase
                0x50803eb2       0x3c lib/libbootloader.a(boot_spi_flash.c.obj)
                0x50803eb2                bootSpiFlashErase
 .text.bootSpiFlashWrite
                0x50803eee       0x46 lib/libbootloader.a(boot_spi_flash.c.obj)
                0x50803eee                bootSpiFlashWrite
 .text.bootSpiFlashRead
                0x50803f34       0x26 lib/libbootloader.a(boot_spi_flash.c.obj)
                0x50803f34                bootSpiFlashRead
 .text.bootSpiFlashReadCheck
                0x50803f5a       0x2e lib/libbootloader.a(boot_spi_flash.c.obj)
                0x50803f5a                bootSpiFlashReadCheck
 .text.bootTraceInit
                0x50803f88       0x30 lib/libbootloader.a(boot_trace.c.obj)
                0x50803f88                bootTraceInit
 .text.bootTraceBufPut
                0x50803fb8       0x18 lib/libbootloader.a(boot_trace.c.obj)
                0x50803fb8                bootTraceBufPut
                0x50803fb8                osiTraceBufPut
 .text.bootTraceBufPutMulti
                0x50803fd0       0x18 lib/libbootloader.a(boot_trace.c.obj)
                0x50803fd0                bootTraceBufPutMulti
                0x50803fd0                osiTraceBufPutMulti
 .text.osiTraceTick
                0x50803fe8       0x14 lib/libbootloader.a(boot_trace.c.obj)
                0x50803fe8                osiTraceTick
 .text.bootUartWriteAll
                0x50803ffc       0x2a lib/libbootloader.a(boot_uart_cmn.c.obj)
                0x50803ffc                bootUartWriteAll
 .text.prvUartWriteByte
                0x50804026       0x16 lib/libbootloader.a(boot_uart_cmn.c.obj)
 .text.prvUartSendHdlc
                0x5080403c       0x32 lib/libbootloader.a(boot_uart_cmn.c.obj)
 .text.bootUartWriteHdlc
                0x5080406e       0x2e lib/libbootloader.a(boot_uart_cmn.c.obj)
                0x5080406e                bootUartWriteHdlc
 .text.bootUartWriteMultiHdlc
                0x5080409c       0x3c lib/libbootloader.a(boot_uart_cmn.c.obj)
                0x5080409c                bootUartWriteMultiHdlc
 .text._getFileByFd
                0x508040d8       0x34 lib/libbootloader.a(boot_vfs.c.obj)
 .text._getFileByPath
                0x5080410c       0x74 lib/libbootloader.a(boot_vfs.c.obj)
 .text.bootVfsMount
                0x50804180       0x70 lib/libbootloader.a(boot_vfs.c.obj)
                0x50804180                bootVfsMount
 .text.bootVfsMountHandle
                0x508041f0       0x38 lib/libbootloader.a(boot_vfs.c.obj)
                0x508041f0                vfs_mount_handle
                0x508041f0                bootVfsMountHandle
 .text.bootVfsUmountAll
                0x50804228       0x20 lib/libbootloader.a(boot_vfs.c.obj)
                0x50804228                bootVfsUmountAll
                0x50804228                vfs_umount_all
 .rodata.bootVfsOpen.str1.1
                0x50804248       0x1f lib/libbootloader.a(boot_vfs.c.obj)
 *fill*         0x50804267        0x1 
 .text.bootVfsOpen
                0x50804268       0x68 lib/libbootloader.a(boot_vfs.c.obj)
                0x50804268                vfs_open
                0x50804268                bootVfsOpen
 .text.bootVfsRead
                0x508042d0       0x36 lib/libbootloader.a(boot_vfs.c.obj)
                0x508042d0                vfs_read
                0x508042d0                bootVfsRead
 *fill*         0x50804306        0x2 
 .text.bootVfsLseek
                0x50804308       0x48 lib/libbootloader.a(boot_vfs.c.obj)
                0x50804308                vfs_lseek
                0x50804308                bootVfsLseek
 .text.bootVfsFstat
                0x50804350       0x58 lib/libbootloader.a(boot_vfs.c.obj)
                0x50804350                vfs_fstat
                0x50804350                bootVfsFstat
 .text.bootVfsClose
                0x508043a8       0x30 lib/libbootloader.a(boot_vfs.c.obj)
                0x508043a8                vfs_close
                0x508043a8                bootVfsClose
 .text.bootVfsUnlink
                0x508043d8       0x32 lib/libbootloader.a(boot_vfs.c.obj)
                0x508043d8                bootVfsUnlink
                0x508043d8                vfs_unlink
 .text.bootVfsFileSize
                0x5080440a       0x40 lib/libbootloader.a(boot_vfs.c.obj)
                0x5080440a                vfs_file_size
                0x5080440a                bootVfsFileSize
                0x5080440a                vfs_sfile_size
 .text.bootVfsFileRead
                0x5080444a       0x2a lib/libbootloader.a(boot_vfs.c.obj)
                0x5080444a                vfs_sfile_read
                0x5080444a                vfs_file_read
                0x5080444a                bootVfsFileRead
 .text.bootVfsSfileInit
                0x50804474        0xa lib/libbootloader.a(boot_vfs.c.obj)
                0x50804474                bootVfsSfileInit
                0x50804474                vfs_sfile_init
 .text.bootVfsSfileWrite
                0x5080447e       0x38 lib/libbootloader.a(boot_vfs.c.obj)
                0x5080447e                vfs_sfile_write
                0x5080447e                bootVfsSfileWrite
 .rodata.quec_boot_fota_force_finish.str1.1
                0x508044b6       0x31 lib/libbootloader.a(boot_vfs.c.obj)
 *fill*         0x508044e7        0x1 
 .text.quec_boot_fota_force_finish
                0x508044e8       0x40 lib/libbootloader.a(boot_vfs.c.obj)
                0x508044e8                quec_boot_fota_force_finish
 .text.bootVfsMkFilePath
                0x50804528       0x6e lib/libbootloader.a(boot_vfs.c.obj)
                0x50804528                vfs_mkfilepath
                0x50804528                bootVfsMkFilePath
 .text.bootSffsMount
                0x50804596       0x3e lib/libbootloader.a(boot_vfs.c.obj)
                0x50804596                bootSffsMount
                0x50804596                sffsVfsMount
 .text.bootSffsMkfs
                0x508045d4        0xa lib/libbootloader.a(boot_vfs.c.obj)
                0x508045d4                sffsVfsMkfs
                0x508045d4                bootSffsMkfs
 .rodata.__FUNCTION__.9051
                0x508045de       0x1c lib/libbootloader.a(boot_vfs.c.obj)
 .rodata.__FUNCTION__.9095
                0x508045fa        0xc lib/libbootloader.a(boot_vfs.c.obj)
 .text.read_int
                0x50804606       0x24 lib/libcalclib.a(decompress_unlzma.c.obj)
 .text.noerror  0x5080462a        0x2 lib/libcalclib.a(decompress_unlzma.c.obj)
 .text.nofill   0x5080462c        0x6 lib/libcalclib.a(decompress_unlzma.c.obj)
 .rodata.rc_read.str1.1
                0x50804632        0xf lib/libcalclib.a(decompress_unlzma.c.obj)
 *fill*         0x50804641        0x3 
 .text.rc_read  0x50804644       0x2c lib/libcalclib.a(decompress_unlzma.c.obj)
 .text.rc_init_code
                0x50804670       0x2a lib/libcalclib.a(decompress_unlzma.c.obj)
 .text.rc_do_normalize
                0x5080469a       0x28 lib/libcalclib.a(decompress_unlzma.c.obj)
 .text.rc_update_bit_0
                0x508046c2       0x12 lib/libcalclib.a(decompress_unlzma.c.obj)
 .text.rc_update_bit_1
                0x508046d4       0x1a lib/libcalclib.a(decompress_unlzma.c.obj)
 .text.write_byte
                0x508046ee       0x8c lib/libcalclib.a(decompress_unlzma.c.obj)
 .text.peek_old_byte
                0x5080477a       0x38 lib/libcalclib.a(decompress_unlzma.c.obj)
 .text.rc_is_bit_0
                0x508047b2       0x28 lib/libcalclib.a(decompress_unlzma.c.obj)
 .text.rc_get_bit
                0x508047da       0x32 lib/libcalclib.a(decompress_unlzma.c.obj)
 .text.process_bit0.isra.0
                0x5080480c       0xb4 lib/libcalclib.a(decompress_unlzma.c.obj)
 .text.process_bit1
                0x508048c0      0x34a lib/libcalclib.a(decompress_unlzma.c.obj)
 .rodata.lzmaDecompress.str1.1
                0x50804c0a       0x40 lib/libcalclib.a(decompress_unlzma.c.obj)
 *fill*         0x50804c4a        0x2 
 .text.lzmaDecompress
                0x50804c4c      0x2d0 lib/libcalclib.a(decompress_unlzma.c.obj)
                0x50804c4c                lzmaDecompress
 .text.lzmaDecompressProbe
                0x50804f1c       0x8e lib/libcalclib.a(decompress_unlzma.c.obj)
                0x50804f1c                lzmaDecompressProbe
 .text.lzmaDecompressMem
                0x50804faa       0x1e lib/libcalclib.a(decompress_unlzma.c.obj)
                0x50804faa                lzmaDecompressMem
 .text.prvCheckChecksum.part.0
                0x50804fc8       0x4e lib/libcalclib.a(simage.c.obj)
 *fill*         0x50805016        0x2 
 .text.simageHeaderValid
                0x50805018       0xf0 lib/libcalclib.a(simage.c.obj)
                0x50805018                simageHeaderValid
 .text.simagePayloadValid
                0x50805108       0x28 lib/libcalclib.a(simage.c.obj)
                0x50805108                simagePayloadValid
 .text.simageValid
                0x50805130       0x16 lib/libcalclib.a(simage.c.obj)
                0x50805130                simageValid
 .text.simageJumpEntry
                0x50805146       0x12 lib/libcalclib.a(simage.c.obj)
                0x50805146                simageJumpEntry
 .text          0x50805158      0x160 lib/libfs_partinfo.a(partinfo.bin.S.obj)
                0x50805158                gPartInfo
 .text.quec_fs_part_info_init
                0x508052b8       0x10 lib/libfs_partinfo.a(ql_fs_part_info.c.obj)
                0x508052b8                quec_fs_part_info_init
 .text.prvFlagIgnored
                0x508052c8       0x20 lib/libfsmount.a(fs_mount.c.obj)
 .text.prvFlagFormatOnFail
                0x508052e8       0x20 lib/libfsmount.a(fs_mount.c.obj)
 .text.prvRegisterBlockDevice
                0x50805308       0x44 lib/libfsmount.a(fs_mount.c.obj)
 .text.fsFindBlockDeviceByName
                0x5080534c       0x1c lib/libfsmount.a(fs_mount.c.obj)
                0x5080534c                fsFindBlockDeviceByName
 .text.prvCreateSubpart
                0x50805368       0x64 lib/libfsmount.a(fs_mount.c.obj)
 .text.prvMountSffs
                0x508053cc       0xac lib/libfsmount.a(fs_mount.c.obj)
                0x508053cc                prvMountSffs
 .rodata.prvCreateFbdev2.str1.1
                0x50805478       0x1d lib/libfsmount.a(fs_mount.c.obj)
 *fill*         0x50805495        0x3 
 .text.prvCreateFbdev2
                0x50805498       0xc0 lib/libfsmount.a(fs_mount.c.obj)
                0x50805498                prvCreateFbdev2
 .text.fsMountSetScenario
                0x50805558       0x14 lib/libfsmount.a(fs_mount.c.obj)
                0x50805558                fsMountSetScenario
 .text.fsMountAll
                0x5080556c      0x150 lib/libfsmount.a(fs_mount.c.obj)
                0x5080556c                fsMountAll
 .text.fsUmountAll
                0x508056bc       0x24 lib/libfsmount.a(fs_mount.c.obj)
                0x508056bc                fsUmountAll
 .text.prvProgressNone
                0x508056e0        0x2 lib/libfupdate_core.a(fupdate_bootloader.c.obj)
 .text._bulkBlockedFileAllocMem
                0x508056e2       0x50 lib/libfupdate_core.a(fupdate_bootloader.c.obj)
 *fill*         0x50805732        0x2 
 .text._decompressBundle
                0x50805734       0x94 lib/libfupdate_core.a(fupdate_bootloader.c.obj)
 .text._decompBlockedFile
                0x508057c8       0x54 lib/libfupdate_core.a(fupdate_bootloader.c.obj)
 .text._verifyBundle
                0x5080581c       0x28 lib/libfupdate_core.a(fupdate_bootloader.c.obj)
 .text._fileWriteAndCheck
                0x50805844       0x34 lib/libfupdate_core.a(fupdate_bootloader.c.obj)
 .text.fupdateGetUpdatingType
                0x50805878       0x18 lib/libfupdate_core.a(fupdate_bootloader.c.obj)
                0x50805878                fupdateGetUpdatingType
 .text.fupdateGetFlashUpdatingContent
                0x50805890       0x28 lib/libfupdate_core.a(fupdate_bootloader.c.obj)
                0x50805890                fupdateGetFlashUpdatingContent
 .rodata.fupdateRunV2.str1.1
                0x508058b8        0x9 lib/libfupdate_core.a(fupdate_bootloader.c.obj)
 *fill*         0x508058c1        0x3 
 .text.fupdateRunV2
                0x508058c4      0xd0c lib/libfupdate_core.a(fupdate_bootloader.c.obj)
                0x508058c4                fupdateRunV2
 .text._updateFileCrc
                0x508065d0       0x3c lib/libfupdate_core.a(fupdate_common.c.obj)
 .text.fupdateBlockedFname
                0x5080660c       0x60 lib/libfupdate_core.a(fupdate_common.c.obj)
                0x5080660c                fupdateBlockedFname
 .text.fupdateCheckFileSizeCrc
                0x5080666c       0x6e lib/libfupdate_core.a(fupdate_common.c.obj)
                0x5080666c                fupdateCheckFileSizeCrc
 .text.fupdateCheckPlainFileSizeCrc
                0x508066da       0x54 lib/libfupdate_core.a(fupdate_common.c.obj)
                0x508066da                fupdateCheckPlainFileSizeCrc
 .text.fupdateCheckBlockedFileSizeCrc
                0x5080672e       0x8e lib/libfupdate_core.a(fupdate_common.c.obj)
                0x5080672e                fupdateCheckBlockedFileSizeCrc
 .text.fupdateCheckFlashCrc
                0x508067bc       0x54 lib/libfupdate_core.a(fupdate_common.c.obj)
                0x508067bc                fupdateCheckFlashCrc
 .text.fupdateReadContext
                0x50806810       0x1c lib/libfupdate_core.a(fupdate_common.c.obj)
                0x50806810                fupdateReadContext
 .text.fupdateWriteContext
                0x5080682c       0x1c lib/libfupdate_core.a(fupdate_common.c.obj)
                0x5080682c                fupdateWriteContext
 .text.fupdateParseBulk
                0x50806848      0x178 lib/libfupdate_core.a(fupdate_common.c.obj)
                0x50806848                fupdateParseBulk
 .text.fupdateParsePack
                0x508069c0       0x5e lib/libfupdate_core.a(fupdate_common.c.obj)
                0x508069c0                fupdateParsePack
 .text.fupdateParseBundle
                0x50806a1e       0x12 lib/libfupdate_core.a(fupdate_common.c.obj)
                0x50806a1e                fupdateParseBundle
 .text.fupdateParseBundleData
                0x50806a30       0x6a lib/libfupdate_core.a(fupdate_common.c.obj)
                0x50806a30                fupdateParseBundleData
 .text.fupdateParseBlock
                0x50806a9a       0x18 lib/libfupdate_core.a(fupdate_common.c.obj)
                0x50806a9a                fupdateParseBlock
 .text.fupdateParseBlockSize
                0x50806ab2       0x24 lib/libfupdate_core.a(fupdate_common.c.obj)
                0x50806ab2                fupdateParseBlockSize
 .text.fupdateParsePiece
                0x50806ad6       0x18 lib/libfupdate_core.a(fupdate_common.c.obj)
                0x50806ad6                fupdateParsePiece
 .rodata.str1.1
                0x50806aee       0x40 lib/libfupdate_core.a(fupdate_common.c.obj)
 *fill*         0x50806b2e        0x2 
 .text.prvAdiRegInit
                0x50806b30       0x1c lib/libhal.a(hal_adi_bus.c.obj)
 .text.halAdiBusInit
                0x50806b4c        0x4 lib/libhal.a(hal_adi_bus.c.obj)
                0x50806b4c                halAdiBusInit
 .rodata.halAdiBusRead.str1.1
                0x50806b50       0x40 lib/libhal.a(hal_adi_bus.c.obj)
 .text.halAdiBusRead
                0x50806b90       0x78 lib/libhal.a(hal_adi_bus.c.obj)
                0x50806b90                halAdiBusRead
 .text.halAdiBusWrite
                0x50806c08       0x28 lib/libhal.a(hal_adi_bus.c.obj)
                0x50806c08                halAdiBusWrite
 .text.halAdiBusBatchChange
                0x50806c30       0xd0 lib/libhal.a(hal_adi_bus.c.obj)
                0x50806c30                halAdiBusBatchChange
 .text.halAdiBusChange
                0x50806d00       0xa4 lib/libhal.a(hal_adi_bus.c.obj)
                0x50806d00                halAdiBusChange
 .rodata        0x50806da4        0x4 lib/libhal.a(hal_adi_bus.c.obj)
 .text.prvFillHex
                0x50806da8       0x48 lib/libhal.a(hal_blue_screen.c.obj)
 .text.halBlueScreenSaveContext
                0x50806df0       0x5c lib/libhal.a(hal_blue_screen.c.obj)
                0x50806df0                halBlueScreenSaveContext
 .rodata.hex.42854
                0x50806e4c       0x10 lib/libhal.a(hal_blue_screen.c.obj)
 .text.halCalcFracDivider
                0x50806e5c       0xd8 lib/libhal.a(hal_chip.c.obj)
                0x50806e5c                halCalcFracDivider
 .text.halToEfuseAntiRollback64
                0x50806f34       0x34 lib/libhal.a(hal_chip.c.obj)
                0x50806f34                halToEfuseAntiRollback64
 .text.halLzmaReset
                0x50806f68       0x24 lib/libhal.a(hal_chip.c.obj)
                0x50806f68                halLzmaReset
 .text.halLzmaEnable
                0x50806f8c       0x14 lib/libhal.a(hal_chip.c.obj)
                0x50806f8c                halLzmaEnable
 .text.halLzmaDisable
                0x50806fa0       0x14 lib/libhal.a(hal_chip.c.obj)
                0x50806fa0                halLzmaDisable
 .text.osiDCacheClean
                0x50806fb4       0x1c lib/libhal.a(hal_chip_armv7a.c.obj)
                0x50806fb4                osiDCacheClean
 .text.osiDCacheInvalidate
                0x50806fd0       0x18 lib/libhal.a(hal_chip_armv7a.c.obj)
                0x50806fd0                osiDCacheInvalidate
 .text.osiICacheSyncAll
                0x50806fe8       0x94 lib/libhal.a(hal_chip_armv7a.c.obj)
                0x50806fe8                osiICacheSyncAll
 .text.halSaveBlueScreenReg
                0x5080707c      0x210 lib/libhal.a(hal_chip_armv7a.c.obj)
                0x5080707c                halSaveBlueScreenReg
 .text.prvPsramPhyConfig
                0x5080728c      0x150 lib/libhal.a(hal_clock_init.c.obj)
 .text.prvDelayUS
                0x508073dc       0x14 lib/libhal.a(hal_clock_init.c.obj)
 .text.prvPsramDmc400Config
                0x508073f0       0xc0 lib/libhal.a(hal_clock_init.c.obj)
 .text.prvDmc400QosConfig
                0x508074b0       0xb0 lib/libhal.a(hal_clock_init.c.obj)
 .text.pll_cpst0
                0x50807560       0x54 lib/libhal.a(hal_clock_init.c.obj)
 .text.pll_cpst1
                0x508075b4       0x4c lib/libhal.a(hal_clock_init.c.obj)
 .text.halRamInit
                0x50807600      0x104 lib/libhal.a(hal_clock_init.c.obj)
                0x50807600                halRamInit
 .text.halClockInit
                0x50807704       0xf0 lib/libhal.a(hal_clock_init.c.obj)
                0x50807704                halClockInit
 .rodata        0x508077f4        0x4 lib/libhal.a(hal_clock_init.c.obj)
 .text.prvEfuseWrite
                0x508077f8       0x90 lib/libhal.a(hal_efuse.c.obj)
 .text.halEfuseOpen
                0x50807888       0x10 lib/libhal.a(hal_efuse.c.obj)
                0x50807888                halEfuseOpen
 .text.halEfuseClose
                0x50807898       0x10 lib/libhal.a(hal_efuse.c.obj)
                0x50807898                halEfuseClose
 .text.halEfuseSingleRead
                0x508078a8       0x30 lib/libhal.a(hal_efuse.c.obj)
                0x508078a8                halEfuseSingleRead
 .text.halEfuseDoubleRead
                0x508078d8       0x2c lib/libhal.a(hal_efuse.c.obj)
                0x508078d8                halEfuseDoubleRead
 .text.halEfuseSingleWrite
                0x50807904        0xa lib/libhal.a(hal_efuse.c.obj)
                0x50807904                halEfuseSingleWrite
 .text.halEfuseDoubleWrite
                0x5080790e        0xa lib/libhal.a(hal_efuse.c.obj)
                0x5080790e                halEfuseDoubleWrite
 .text.osiBitmapSet
                0x50807918       0x2c lib/libhal.a(hal_efuse_cache.c.obj)
 .text.osiBitmapIsSet
                0x50807944       0x2e lib/libhal.a(hal_efuse_cache.c.obj)
 *fill*         0x50807972        0x2 
 .text.prvEfuseLoadLockBit
                0x50807974       0x60 lib/libhal.a(hal_efuse_cache.c.obj)
 .text.prvEfuseInit
                0x508079d4       0xd4 lib/libhal.a(hal_efuse_cache.c.obj)
 .text.halEfuseReadWrite
                0x50807aa8      0x264 lib/libhal.a(hal_efuse_cache.c.obj)
                0x50807aa8                halEfuseReadWrite
 .text.halHwspinlockAcquire
                0x50807d0c       0x3c lib/libhal.a(hal_hwspinlock.c.obj)
                0x50807d0c                halHwspinlockAcquire
 .rodata.halHwspinlockRelease.str1.1
                0x50807d48       0x19 lib/libhal.a(hal_hwspinlock.c.obj)
 *fill*         0x50807d61        0x3 
 .text.halHwspinlockRelease
                0x50807d64       0x44 lib/libhal.a(hal_hwspinlock.c.obj)
                0x50807d64                halHwspinlockRelease
 .text.halHwspinlockAcquireInCritical
                0x50807da8       0x12 lib/libhal.a(hal_hwspinlock.c.obj)
                0x50807da8                halHwspinlockAcquireInCritical
 *fill*         0x50807dba        0x2 
 .text.halHwspinlockReleaseInCritical
                0x50807dbc       0x14 lib/libhal.a(hal_hwspinlock.c.obj)
                0x50807dbc                halHwspinlockReleaseInCritical
 .text.halLzmaDataSize
                0x50807dd0        0xc lib/libhal.a(hal_lzma.c.obj)
                0x50807dd0                halLzmaDataSize
 .text.halLzmaDecompressBlock
                0x50807ddc      0x11c lib/libhal.a(hal_lzma.c.obj)
                0x50807ddc                halLzmaDecompressBlock
 .text.halLzmaDecompressFile
                0x50807ef8       0xd2 lib/libhal.a(hal_lzma.c.obj)
                0x50807ef8                halLzmaDecompressFile
 *fill*         0x50807fca        0x2 
 .text.halPmuExtFlashPowerOn
                0x50807fcc       0xa8 lib/libhal.a(hal_pmu.c.obj)
                0x50807fcc                halPmuExtFlashPowerOn
 .text.halRomSha256Calc
                0x50808074        0x8 lib/libhal.a(hal_rom_api.c.obj)
                0x50808074                halRomSha256Calc
 .text.halRomSimageSignVerify
                0x5080807c       0x12 lib/libhal.a(hal_rom_api.c.obj)
                0x5080807c                halRomSimageSignVerify
 .text.getEfuseContent
                0x5080808e        0x8 lib/libhal.a(hal_rom_api.c.obj)
                0x5080808e                getEfuseContent
 .rodata.str1.1
                0x50808096       0x19 lib/libhal.a(hal_spi_flash.c.obj)
 *fill*         0x508080af        0x1 
 .text.prvSetPadDriving.isra.0
                0x508080b0       0x16 lib/libhal_prop.a(hal_iomux.c.obj)
 .text.prvSetPadPull.isra.0
                0x508080c6       0x54 lib/libhal_prop.a(hal_iomux.c.obj)
 .text.prvSetPad
                0x5080811a       0x3e lib/libhal_prop.a(hal_iomux.c.obj)
 .text.halIomuxSetFunction
                0x50808158       0x80 lib/libhal_prop.a(hal_iomux.c.obj)
                0x50808158                halIomuxSetFunction
 .rodata.gPadProp
                0x508081d8      0x330 lib/libhal_prop.a(hal_iomux.c.obj)
 .text.quec_spi_flash_props_init
                0x50808508       0x20 lib/libhal_prop.a(ql_hal_spi_flash_prop.c.obj)
                0x50808508                quec_spi_flash_props_init
 .rodata.ql_ext_flash_cfg
                0x50808528        0x3 lib/libhal_prop.a(ql_hal_spi_flash_prop.c.obj)
                0x50808528                ql_ext_flash_cfg
 *fill*         0x5080852b        0x1 
 .text.prvParamCount
                0x5080852c       0x30 lib/libosi_lib.a(osi_log.c.obj)
 .rodata.prvParamBuf.str1.1
                0x5080855c        0x7 lib/libosi_lib.a(osi_log.c.obj)
 *fill*         0x50808563        0x1 
 .text.prvParamBuf
                0x50808564       0xc4 lib/libosi_lib.a(osi_log.c.obj)
 .text.prvTraceBasic
                0x50808628       0x9c lib/libosi_lib.a(osi_log.c.obj)
 .text.prvTraceIdEx
                0x508086c4       0xa4 lib/libosi_lib.a(osi_log.c.obj)
 .text.prvTraceIdBasic
                0x50808768       0x7c lib/libosi_lib.a(osi_log.c.obj)
 .text.osiTraceBasic
                0x508087e4       0x24 lib/libosi_lib.a(osi_log.c.obj)
                0x508087e4                osiTraceBasic
 .text.osiTraceIdBasic
                0x50808808       0x24 lib/libosi_lib.a(osi_log.c.obj)
                0x50808808                osiTraceIdBasic
 .text.osiTraceIdEx
                0x5080882c       0x24 lib/libosi_lib.a(osi_log.c.obj)
                0x5080882c                osiTraceIdEx
 .text.osiTraceVprintf
                0x50808850      0x294 lib/libosi_lib.a(osi_log.c.obj)
                0x50808850                osiTraceVprintf
 .text.osiTracePrintf
                0x50808ae4       0x24 lib/libosi_lib.a(osi_log.c.obj)
                0x50808ae4                osiTracePrintf
 .rodata.parbufsize.42544
                0x50808b08       0x18 lib/libosi_lib.a(osi_log.c.obj)
 .rodata.parcount.42543
                0x50808b20       0x18 lib/libosi_lib.a(osi_log.c.obj)
 .text.prvPbSetStatus
                0x50808b38       0x30 lib/libsffs_core.a(flash_block_device_v2.c.obj)
 .text.prvDestroy
                0x50808b68       0x1c lib/libsffs_core.a(flash_block_device_v2.c.obj)
 .text.prvStat  0x50808b84       0x66 lib/libsffs_core.a(flash_block_device_v2.c.obj)
 *fill*         0x50808bea        0x2 
 .text.prvFlashRead
                0x50808bec       0x40 lib/libsffs_core.a(flash_block_device_v2.c.obj)
 .text.prvPbReadTail
                0x50808c2c        0xe lib/libsffs_core.a(flash_block_device_v2.c.obj)
 .text.prvRead  0x50808c3a       0x7a lib/libsffs_core.a(flash_block_device_v2.c.obj)
 .text.prvFlashWrite
                0x50808cb4       0x48 lib/libsffs_core.a(flash_block_device_v2.c.obj)
 .text.prvPbDelete
                0x50808cfc       0x1e lib/libsffs_core.a(flash_block_device_v2.c.obj)
 .text.prvErase
                0x50808d1a       0x6c lib/libsffs_core.a(flash_block_device_v2.c.obj)
 .text.prvSetGeom
                0x50808d86       0xb8 lib/libsffs_core.a(flash_block_device_v2.c.obj)
 .text.prvPbGetStatus.isra.0
                0x50808e3e       0x14 lib/libsffs_core.a(flash_block_device_v2.c.obj)
 .text.prbPbFindWritable
                0x50808e52       0x28 lib/libsffs_core.a(flash_block_device_v2.c.obj)
 .text.prvEbFindGcTo
                0x50808e7a       0x56 lib/libsffs_core.a(flash_block_device_v2.c.obj)
 .text.prvPbReadStatus
                0x50808ed0       0xbc lib/libsffs_core.a(flash_block_device_v2.c.obj)
 .text.prvPbMemSetCrc
                0x50808f8c       0x28 lib/libsffs_core.a(flash_block_device_v2.c.obj)
 .text.prvScan  0x50808fb4      0x22c lib/libsffs_core.a(flash_block_device_v2.c.obj)
 .text.prvWrite
                0x508091e0      0x350 lib/libsffs_core.a(flash_block_device_v2.c.obj)
 .text.flashBlockDeviceCreateV2
                0x50809530       0xfc lib/libsffs_core.a(flash_block_device_v2.c.obj)
                0x50809530                flashBlockDeviceCreateV2
 .text.flashBlockDeviceFormatV2
                0x5080962c       0x70 lib/libsffs_core.a(flash_block_device_v2.c.obj)
                0x5080962c                flashBlockDeviceFormatV2
 .rodata.gFbdev2Ops
                0x5080969c       0x14 lib/libsffs_core.a(flash_block_device_v2.c.obj)
 .text.MatchFinder_GetPointerToCurrentPos
                0x508096b0        0x4 lib/libsffs_core.a(LzFind.c.obj)
                0x508096b0                MatchFinder_GetPointerToCurrentPos
 .text.MatchFinder_GetIndexByte
                0x508096b4        0x6 lib/libsffs_core.a(LzFind.c.obj)
                0x508096b4                MatchFinder_GetIndexByte
 .text.MatchFinder_GetNumAvailableBytes
                0x508096ba        0x8 lib/libsffs_core.a(LzFind.c.obj)
                0x508096ba                MatchFinder_GetNumAvailableBytes
 .text.MatchFinder_SetLimits
                0x508096c2       0x3e lib/libsffs_core.a(LzFind.c.obj)
 .text.Hc_GetMatchesSpec
                0x50809700       0x90 lib/libsffs_core.a(LzFind.c.obj)
 .text.SkipMatchesSpec
                0x50809790       0xa4 lib/libsffs_core.a(LzFind.c.obj)
 .text.MatchFinder_ReadBlock
                0x50809834       0x6c lib/libsffs_core.a(LzFind.c.obj)
 .text.MatchFinder_Init
                0x508098a0       0x38 lib/libsffs_core.a(LzFind.c.obj)
                0x508098a0                MatchFinder_Init
 .text.MatchFinder_ReduceOffsets
                0x508098d8       0x14 lib/libsffs_core.a(LzFind.c.obj)
                0x508098d8                MatchFinder_ReduceOffsets
 .text.MatchFinder_MoveBlock
                0x508098ec       0x22 lib/libsffs_core.a(LzFind.c.obj)
                0x508098ec                MatchFinder_MoveBlock
 .text.MatchFinder_NeedMove
                0x5080990e       0x1e lib/libsffs_core.a(LzFind.c.obj)
                0x5080990e                MatchFinder_NeedMove
 .text.MatchFinder_Construct
                0x5080992c       0x40 lib/libsffs_core.a(LzFind.c.obj)
                0x5080992c                MatchFinder_Construct
 .text.MatchFinder_Free
                0x5080996c       0x22 lib/libsffs_core.a(LzFind.c.obj)
                0x5080996c                MatchFinder_Free
 *fill*         0x5080998e        0x2 
 .text.MatchFinder_Create
                0x50809990      0x124 lib/libsffs_core.a(LzFind.c.obj)
                0x50809990                MatchFinder_Create
 .text.MatchFinder_Normalize3
                0x50809ab4       0x1a lib/libsffs_core.a(LzFind.c.obj)
                0x50809ab4                MatchFinder_Normalize3
 .text.MatchFinder_CheckLimits
                0x50809ace       0x66 lib/libsffs_core.a(LzFind.c.obj)
 .text.MatchFinder_MovePos
                0x50809b34       0x1e lib/libsffs_core.a(LzFind.c.obj)
 .text.Bt4_MatchFinder_Skip
                0x50809b52       0xa0 lib/libsffs_core.a(LzFind.c.obj)
 .text.Bt3_MatchFinder_Skip
                0x50809bf2       0x86 lib/libsffs_core.a(LzFind.c.obj)
 .text.Bt2_MatchFinder_Skip
                0x50809c78       0x66 lib/libsffs_core.a(LzFind.c.obj)
 .text.Hc4_MatchFinder_Skip
                0x50809cde       0x8a lib/libsffs_core.a(LzFind.c.obj)
 .text.Hc4_MatchFinder_GetMatches
                0x50809d68      0x14e lib/libsffs_core.a(LzFind.c.obj)
 .text.GetMatchesSpec1
                0x50809eb6       0xe8 lib/libsffs_core.a(LzFind.c.obj)
                0x50809eb6                GetMatchesSpec1
 .text.Bt4_MatchFinder_GetMatches
                0x50809f9e      0x160 lib/libsffs_core.a(LzFind.c.obj)
 .text.Bt3_MatchFinder_GetMatches
                0x5080a0fe      0x118 lib/libsffs_core.a(LzFind.c.obj)
 .text.Bt2_MatchFinder_GetMatches
                0x5080a216       0x72 lib/libsffs_core.a(LzFind.c.obj)
 .text.MatchFinder_CreateVTable
                0x5080a288       0x70 lib/libsffs_core.a(LzFind.c.obj)
                0x5080a288                MatchFinder_CreateVTable
 .text.LitEnc_GetPrice
                0x5080a2f8       0x2c lib/libsffs_core.a(LzmaEnc.c.obj)
 .text.LitEnc_GetPriceMatched
                0x5080a324       0x42 lib/libsffs_core.a(LzmaEnc.c.obj)
 .text.RcTree_GetPrice
                0x5080a366       0x2c lib/libsffs_core.a(LzmaEnc.c.obj)
 .text.RcTree_ReverseGetPrice
                0x5080a392       0x32 lib/libsffs_core.a(LzmaEnc.c.obj)
 .text.LenEnc_Init
                0x5080a3c4       0x3a lib/libsffs_core.a(LzmaEnc.c.obj)
 .text.LenPriceEnc_UpdateTable
                0x5080a3fe       0xd0 lib/libsffs_core.a(LzmaEnc.c.obj)
 .text.ReadMatchDistances
                0x5080a4ce       0x84 lib/libsffs_core.a(LzmaEnc.c.obj)
 .text.Backward
                0x5080a552       0x8a lib/libsffs_core.a(LzmaEnc.c.obj)
 .text.FillAlignPrices
                0x5080a5dc       0x34 lib/libsffs_core.a(LzmaEnc.c.obj)
 .text.FillDistancesPrices
                0x5080a610       0xfa lib/libsffs_core.a(LzmaEnc.c.obj)
 .text.MyWrite  0x5080a70a       0x2c lib/libsffs_core.a(LzmaEnc.c.obj)
 .text.RangeEnc_FlushStream.part.0
                0x5080a736       0x2e lib/libsffs_core.a(LzmaEnc.c.obj)
 .text.RangeEnc_ShiftLow
                0x5080a764       0x62 lib/libsffs_core.a(LzmaEnc.c.obj)
 .text.RangeEnc_EncodeDirectBits
                0x5080a7c6       0x3e lib/libsffs_core.a(LzmaEnc.c.obj)
 .text.RangeEnc_EncodeBit
                0x5080a804       0x46 lib/libsffs_core.a(LzmaEnc.c.obj)
 .text.LitEnc_Encode
                0x5080a84a       0x24 lib/libsffs_core.a(LzmaEnc.c.obj)
 .text.RcTree_Encode
                0x5080a86e       0x34 lib/libsffs_core.a(LzmaEnc.c.obj)
 .text.RcTree_ReverseEncode
                0x5080a8a2       0x36 lib/libsffs_core.a(LzmaEnc.c.obj)
 .text.LenEnc_Encode2
                0x5080a8d8       0x92 lib/libsffs_core.a(LzmaEnc.c.obj)
 .text.MovePos  0x5080a96a       0x24 lib/libsffs_core.a(LzmaEnc.c.obj)
 .text.GetPureRepPrice
                0x5080a98e       0x7a lib/libsffs_core.a(LzmaEnc.c.obj)
 .text.CheckErrors
                0x5080aa08       0x32 lib/libsffs_core.a(LzmaEnc.c.obj)
 *fill*         0x5080aa3a        0x2 
 .text.Flush    0x5080aa3c       0xf8 lib/libsffs_core.a(LzmaEnc.c.obj)
 .text.LzmaEnc_CodeOneBlock
                0x5080ab34     0x1524 lib/libsffs_core.a(LzmaEnc.c.obj)
 .text.LzmaEnc_Encode2
                0x5080c058       0x58 lib/libsffs_core.a(LzmaEnc.c.obj)
 .text.LzmaEncProps_Init
                0x5080c0b0       0x22 lib/libsffs_core.a(LzmaEnc.c.obj)
                0x5080c0b0                LzmaEncProps_Init
 .text.LzmaEncProps_Normalize
                0x5080c0d2       0x84 lib/libsffs_core.a(LzmaEnc.c.obj)
                0x5080c0d2                LzmaEncProps_Normalize
 .text.LzmaEnc_FastPosInit
                0x5080c156       0x2c lib/libsffs_core.a(LzmaEnc.c.obj)
                0x5080c156                LzmaEnc_FastPosInit
 .text.LzmaEnc_SetProps
                0x5080c182       0xa8 lib/libsffs_core.a(LzmaEnc.c.obj)
                0x5080c182                LzmaEnc_SetProps
 .text.LzmaEnc_InitPriceTables
                0x5080c22a       0x32 lib/libsffs_core.a(LzmaEnc.c.obj)
                0x5080c22a                LzmaEnc_InitPriceTables
 .text.LzmaEnc_Construct
                0x5080c25c       0x48 lib/libsffs_core.a(LzmaEnc.c.obj)
                0x5080c25c                LzmaEnc_Construct
 .text.LzmaEnc_Create
                0x5080c2a4       0x18 lib/libsffs_core.a(LzmaEnc.c.obj)
                0x5080c2a4                LzmaEnc_Create
 .text.LzmaEnc_FreeLits
                0x5080c2bc       0x2e lib/libsffs_core.a(LzmaEnc.c.obj)
                0x5080c2bc                LzmaEnc_FreeLits
 .text.LzmaEnc_Destruct
                0x5080c2ea       0x2c lib/libsffs_core.a(LzmaEnc.c.obj)
                0x5080c2ea                LzmaEnc_Destruct
 .text.LzmaEnc_Destroy
                0x5080c316       0x16 lib/libsffs_core.a(LzmaEnc.c.obj)
                0x5080c316                LzmaEnc_Destroy
 .text.LzmaEnc_Init
                0x5080c32c      0x128 lib/libsffs_core.a(LzmaEnc.c.obj)
                0x5080c32c                LzmaEnc_Init
 .text.LzmaEnc_InitPrices
                0x5080c454       0x76 lib/libsffs_core.a(LzmaEnc.c.obj)
                0x5080c454                LzmaEnc_InitPrices
 .text.LzmaEnc_AllocAndInit
                0x5080c4ca      0x11a lib/libsffs_core.a(LzmaEnc.c.obj)
 .text.LzmaEnc_WriteProperties
                0x5080c5e4       0x6a lib/libsffs_core.a(LzmaEnc.c.obj)
                0x5080c5e4                LzmaEnc_WriteProperties
 *fill*         0x5080c64e        0x2 
 .text.LzmaEnc_MemEncode
                0x5080c650       0x5c lib/libsffs_core.a(LzmaEnc.c.obj)
                0x5080c650                LzmaEnc_MemEncode
 .text.LzmaEncode
                0x5080c6ac       0x74 lib/libsffs_core.a(LzmaEnc.c.obj)
                0x5080c6ac                LzmaEncode
 .rodata.kLiteralNextStates
                0x5080c720       0x30 lib/libsffs_core.a(LzmaEnc.c.obj)
 .rodata.kMatchNextStates
                0x5080c750       0x30 lib/libsffs_core.a(LzmaEnc.c.obj)
 .rodata.kRepNextStates
                0x5080c780       0x30 lib/libsffs_core.a(LzmaEnc.c.obj)
 .rodata.kShortRepNextStates
                0x5080c7b0       0x30 lib/libsffs_core.a(LzmaEnc.c.obj)
 .text.SzFree   0x5080c7e0        0x6 lib/libsffs_core.a(lzmar.c.obj)
 .text.SzAlloc  0x5080c7e6        0x6 lib/libsffs_core.a(lzmar.c.obj)
 .text._encodeBlock
                0x5080c7ec       0x64 lib/libsffs_core.a(lzmar.c.obj)
 .text.lzmarCompress
                0x5080c850       0xd4 lib/libsffs_core.a(lzmar.c.obj)
                0x5080c850                lzmarCompress
 .text._cacheSetDirty
                0x5080c924       0x36 lib/libsffs_core.a(sffs.c.obj)
 .text._pathFileName
                0x5080c95a       0x12 lib/libsffs_core.a(sffs.c.obj)
 .text._blockAllocFree
                0x5080c96c       0x5c lib/libsffs_core.a(sffs.c.obj)
 .text._cacheFlush
                0x5080c9c8       0x28 lib/libsffs_core.a(sffs.c.obj)
 .text._cacheFlushAll
                0x5080c9f0       0x1a lib/libsffs_core.a(sffs.c.obj)
 .text._isNodeOpened
                0x5080ca0a       0x24 lib/libsffs_core.a(sffs.c.obj)
 .text._cacheFindNotBusyByState.isra.0
                0x5080ca2e       0x14 lib/libsffs_core.a(sffs.c.obj)
 .text._getFileFromFd.isra.0
                0x5080ca42        0xe lib/libsffs_core.a(sffs.c.obj)
 .text._blockIsFree.isra.0
                0x5080ca50       0x1a lib/libsffs_core.a(sffs.c.obj)
 .text._blockSetFree
                0x5080ca6a       0x30 lib/libsffs_core.a(sffs.c.obj)
 .text._removeNode
                0x5080ca9a       0x3a lib/libsffs_core.a(sffs.c.obj)
 .text._blockSetUsed
                0x5080cad4       0x2e lib/libsffs_core.a(sffs.c.obj)
 *fill*         0x5080cb02        0x2 
 .text._cacheDataIsRootDir.isra.0
                0x5080cb04       0x1c lib/libsffs_core.a(sffs.c.obj)
 .text._cacheAllocForNode
                0x5080cb20       0xe2 lib/libsffs_core.a(sffs.c.obj)
 .text._cacheAllocWithData
                0x5080cc02        0x6 lib/libsffs_core.a(sffs.c.obj)
 .text._blockScanDir
                0x5080cc08      0x214 lib/libsffs_core.a(sffs.c.obj)
 .text._fileGetDataNode
                0x5080ce1c       0x98 lib/libsffs_core.a(sffs.c.obj)
 .text._removeMultiTabl
                0x5080ceb4       0x70 lib/libsffs_core.a(sffs.c.obj)
 .text._dirAddChildNodeIfNotExist
                0x5080cf24       0x7a lib/libsffs_core.a(sffs.c.obj)
 .text._dirRemoveChildNode
                0x5080cf9e       0x6a lib/libsffs_core.a(sffs.c.obj)
 .text.prvIsRootDirFull
                0x5080d008       0x42 lib/libsffs_core.a(sffs.c.obj)
 *fill*         0x5080d04a        0x2 
 .text._findByPathInParent
                0x5080d04c       0x98 lib/libsffs_core.a(sffs.c.obj)
 .text._findByPath
                0x5080d0e4       0x4c lib/libsffs_core.a(sffs.c.obj)
 .text._findParentByPath
                0x5080d130       0x40 lib/libsffs_core.a(sffs.c.obj)
 .text._fileDecreaseSize
                0x5080d170      0x2ec lib/libsffs_core.a(sffs.c.obj)
 .text._moveNodeRecovery
                0x5080d45c      0x120 lib/libsffs_core.a(sffs.c.obj)
 .text._scanMoveRecovery
                0x5080d57c       0x98 lib/libsffs_core.a(sffs.c.obj)
 .text._cacheAllocForWrite
                0x5080d614        0x6 lib/libsffs_core.a(sffs.c.obj)
 *fill*         0x5080d61a        0x2 
 .text._allocTablBlock
                0x5080d61c       0x3c lib/libsffs_core.a(sffs.c.obj)
 .text._fileWriteAll
                0x5080d658      0x1a8 lib/libsffs_core.a(sffs.c.obj)
 .text.prvFileWriteAllNotExit
                0x5080d800       0x3e lib/libsffs_core.a(sffs.c.obj)
 .text.sffsFileBlockNeeded
                0x5080d83e       0x4e lib/libsffs_core.a(sffs.c.obj)
                0x5080d83e                sffsFileBlockNeeded
 .text.sffsMount
                0x5080d88c      0x1f0 lib/libsffs_core.a(sffs.c.obj)
                0x5080d88c                sffsMount
 .text.sffsUnmount
                0x5080da7c       0x14 lib/libsffs_core.a(sffs.c.obj)
                0x5080da7c                sffsUnmount
 .text.sffsMakeFs
                0x5080da90       0x84 lib/libsffs_core.a(sffs.c.obj)
                0x5080da90                sffsMakeFs
 .text.sffsOpen
                0x5080db14      0x268 lib/libsffs_core.a(sffs.c.obj)
                0x5080db14                sffsOpen
 .text.sffsSfileWrite
                0x5080dd7c      0x3e8 lib/libsffs_core.a(sffs.c.obj)
                0x5080dd7c                sffsSfileWrite
 .text.sffsRead
                0x5080e164      0x124 lib/libsffs_core.a(sffs.c.obj)
                0x5080e164                sffsRead
 .text.sffsSeek
                0x5080e288       0x7c lib/libsffs_core.a(sffs.c.obj)
                0x5080e288                sffsSeek
 .text.sffsClose
                0x5080e304       0x4c lib/libsffs_core.a(sffs.c.obj)
                0x5080e304                sffsClose
 .text.sffsFstat
                0x5080e350       0x6c lib/libsffs_core.a(sffs.c.obj)
                0x5080e350                sffsFstat
 .text.sffsMkDir
                0x5080e3bc      0x150 lib/libsffs_core.a(sffs.c.obj)
                0x5080e3bc                sffsMkDir
 .text.sffsUnlink
                0x5080e50c       0xc4 lib/libsffs_core.a(sffs.c.obj)
                0x5080e50c                sffsUnlink
 .text.sffsSetSfileReserveCount
                0x5080e5d0       0x14 lib/libsffs_core.a(sffs.c.obj)
                0x5080e5d0                sffsSetSfileReserveCount
                0x5080e5e4                __text_end = .
                0x5080e600                . = ALIGN (0x20)
 *fill*         0x5080e5e4       0x1c 

.data           0x5080e600      0xd40
                0x5080e600                __data_start = .
 SORT_BY_NAME(*)(.sramdata .sramdata.*)
 SORT_BY_NAME(*)(.data .data.* .sdata .sdata.* .data1 .gnu.linkonce.d.*)
 .data._impure_ptr
                0x5080e600        0x4 ../../components/newlib/newlib-3.1.0/armca5/libc.a(lib_a-impure.o)
                0x5080e600                _impure_ptr
 *fill*         0x5080e604        0x4 
 .data.impure_data
                0x5080e608      0x428 ../../components/newlib/newlib-3.1.0/armca5/libc.a(lib_a-impure.o)
 .data.quec_pff_sector_size
                0x5080ea30        0x4 lib/libboot_ex_fat_rdonly.a(pff_basic.c.obj)
                0x5080ea30                quec_pff_sector_size
 .data.quec_boot_fs_type
                0x5080ea34        0x1 lib/libboot_ex_ql.a(quec_boot_fota.c.obj)
                0x5080ea34                quec_boot_fs_type
 .data.quec_fota_stage
                0x5080ea35        0x9 lib/libboot_ex_ql.a(quec_boot_fota.c.obj)
                0x5080ea35                quec_fota_stage
 *fill*         0x5080ea3e        0x2 
 .data.quec_boot_spi6_pin_cfg_map
                0x5080ea40       0xf8 lib/libboot_ex_ql_pin.a(quec_boot_pin_map.c.obj)
                0x5080ea40                quec_boot_spi6_pin_cfg_map
 .data.ext_flash_gpio_cfg_pad_reg
                0x5080eb38       0x18 lib/libboot_ex_spi6nor.a(quec_spi6_ext_norflash_cfg.c.obj)
 .data.ext_flash_gpio_cfg_reg
                0x5080eb50       0x18 lib/libboot_ex_spi6nor.a(quec_spi6_ext_norflash_cfg.c.obj)
 .data.gPartInfo_extflash
                0x5080eb68       0x70 lib/libboot_ex_spi6nor.a(quec_spi6_ext_norflash_cfg.c.obj)
                0x5080eb68                gPartInfo_extflash
 .data.ql_spi6_clk_div
                0x5080ebd8        0x1 lib/libboot_ex_spi6nor.a(quec_spi6_ext_norflash_cfg.c.obj)
                0x5080ebd8                ql_spi6_clk_div
 .data.quec_skip_spi6_ext_nor_flash_init
                0x5080ebd9        0x1 lib/libboot_ex_spi6nor.a(quec_spi6_ext_norflash_cfg.c.obj)
                0x5080ebd9                quec_skip_spi6_ext_nor_flash_init
 *fill*         0x5080ebda        0x2 
 .data.gBootUarts
                0x5080ebdc       0x30 lib/libbootloader.a(boot_ifc_uart.c.obj)
 .data.gDrvSpiFlashCtx
                0x5080ec0c       0x80 lib/libbootloader.a(boot_spi_flash.c.obj)
 .data.gFsScenario
                0x5080ec8c        0x1 lib/libfsmount.a(fs_mount.c.obj)
 *fill*         0x5080ec8d        0x3 
 .data.gFupdatePackFileName
                0x5080ec90        0x4 lib/libfupdate_core.a(fupdate_common.c.obj)
                0x5080ec90                gFupdatePackFileName
 .data.gFupdateStageFileName
                0x5080ec94        0x4 lib/libfupdate_core.a(fupdate_common.c.obj)
                0x5080ec94                gFupdateStageFileName
 .data.gFupdateTempFileName
                0x5080ec98        0x4 lib/libfupdate_core.a(fupdate_common.c.obj)
                0x5080ec98                gFupdateTempFileName
 .data.gBlueScreenInfo
                0x5080ec9c       0x5a lib/libhal.a(hal_blue_screen.c.obj)
                0x5080ec9c                gBlueScreenInfo
 .data.gFunProp
                0x5080ecf6      0x434 lib/libhal_prop.a(hal_iomux.c.obj)
 *fill*         0x5080f12a        0x2 
 .data.ql_SpiFlashProps
                0x5080f12c      0x1f4 lib/libhal_prop.a(ql_hal_spi_flash_prop.c.obj)
                0x5080f12c                ql_SpiFlashProps
 .data.ql_SpiFlashPropsLen
                0x5080f320        0x4 lib/libhal_prop.a(ql_hal_spi_flash_prop.c.obj)
                0x5080f320                ql_SpiFlashPropsLen
 .data.g_Alloc  0x5080f324        0x8 lib/libsffs_core.a(lzmar.c.obj)
                0x5080f32c                __data_end = .
                0x5080f340                . = ALIGN (0x20)
 *fill*         0x5080f32c       0x14 

.rwkeep         0x5080f340        0x8
 .rwkeep        0x5080f340        0x8 lib/libhal.a(hal_chip_armv7a.c.obj)
                0x5080f340                gGdbRegAddress
                0x5080f344                gGdbCtxType

.flash_end      0x5080f348        0x0
                0x5080f348                __flash_end = .

.bss            0x5080f348     0x1398
                0x5080f348                __bss_start = .
 *(.srambss .srambss.*)
 *(.bss .bss.* COMMON .scommon .sbss .sbss.* .sbss2 .sbss2.* .gnu.linkonce.b.*)
 .bss.gEfuse    0x5080f348       0x30 lib/libbootloader.a(boot_secure.c.obj)
 .bss.gDefaultHeap
                0x5080f378        0x4 lib/libbootloader.a(boot_mem.c.obj)
 .bss.gExtRamHeap
                0x5080f37c        0xc lib/libbootloader.a(boot_mem.c.obj)
 .bss.gIramHeap
                0x5080f388        0xc lib/libbootloader.a(boot_mem.c.obj)
 .bss.gBootTraceUart
                0x5080f394        0x4 lib/libbootloader.a(boot_trace.c.obj)
 .bss.gBootVfsRegList
                0x5080f398        0x4 lib/libbootloader.a(boot_vfs.c.obj)
 .bss.gBootIrqBody
                0x5080f39c      0x408 lib/libbootloader.a(boot_irq_gic.c.obj)
                0x5080f39c                gBootIrqBody
 .bss.gDrvEfuseLock
                0x5080f7a4        0x4 lib/libbootloader.a(boot_efuse.c.obj)
 .bss.quec_ext_flash_gpio_first_time_init
                0x5080f7a8        0x1 lib/libhal.a(hal_pmu.c.obj)
 *fill*         0x5080f7a9        0x3 
 COMMON         0x5080f7ac      0x290 lib/libhal.a(hal_chip_armv7a.c.obj)
                0x5080f7ac                gBlueScreenCp15
                0x5080f880                gBlueScreenRegs
 .bss.gEfuseCache
                0x5080fa3c      0x4dc lib/libhal.a(hal_efuse_cache.c.obj)
 .bss.gSpiFlashProps
                0x5080ff18        0x4 lib/libhal.a(hal_spi_flash.c.obj)
 .bss.gSpiFlashPropsLen
                0x5080ff1c        0x4 lib/libhal.a(hal_spi_flash.c.obj)
 .bss.gCrc32TableInited
                0x5080ff20        0x1 lib/libboot_calclib_crc.a(crc32.c.obj)
 .bss.gCrc8Table
                0x5080ff21      0x100 lib/libboot_calclib_crc.a(crc32.c.obj)
 .bss.gCrc8TableInited
                0x50810021        0x1 lib/libboot_calclib_crc.a(crc32.c.obj)
 *fill*         0x50810022        0x2 
 .bss.vds_crc32_table
                0x50810024      0x400 lib/libboot_calclib_crc.a(crc32.c.obj)
                0x50810024                vds_crc32_table
 .bss.gFotaEngine
                0x50810424        0x4 lib/libfupdate_core.a(fupdate_bootloader.c.obj)
 .bss.gTraceEnabled
                0x50810428        0x1 lib/libosi_lib.a(osi_log.c.obj)
                0x50810428                gTraceEnabled
 *fill*         0x50810429        0x3 
 COMMON         0x5081042c       0x54 lib/libosi_lib.a(osi_log.c.obj)
                0x5081042c                v_tra_pubModuleControl
                0x50810430                v_tra_categoryControl
                0x50810434                gTraceSequence
                0x50810438                v_tra_lteModuleControl
                0x5081043c                sxs_IoCtx
 .bss.gBdevList
                0x50810480        0x4 lib/libfsmount.a(fs_mount.c.obj)
                0x50810480                gBdevList
 .bss.gPartInfo_ptr
                0x50810484        0x4 lib/libfsmount.a(fs_mount.c.obj)
                0x50810484                gPartInfo_ptr
 .bss.boot_fota_param
                0x50810488       0xc4 lib/libboot_ex_ql.a(quec_boot_fota.c.obj)
                0x50810488                boot_fota_param
 .bss.boot_urc_enable
                0x5081054c        0x1 lib/libboot_ex_ql.a(quec_boot_fota.c.obj)
                0x5081054c                boot_urc_enable
 .bss.quec_current_partition
                0x5081054d        0x1 lib/libboot_ex_ql.a(quec_boot_fota.c.obj)
                0x5081054d                quec_current_partition
 .bss.quec_partition_num
                0x5081054e        0x1 lib/libboot_ex_ql.a(quec_boot_fota.c.obj)
                0x5081054e                quec_partition_num
 *fill*         0x5081054f        0x1 
 .bss.updata_urc_num
                0x50810550        0x4 lib/libboot_ex_ql.a(quec_boot_fota.c.obj)
                0x50810550                updata_urc_num
 .bss.bootfs    0x50810554       0xb0 lib/libboot_ex_fat_rdonly.a(quec_boot_vfs.c.obj)
                0x50810554                bootfs
 .bss.quec_boot_vfs_state
                0x50810604        0x2 lib/libboot_ex_fat_rdonly.a(quec_boot_vfs.c.obj)
                0x50810604                quec_boot_vfs_state
 *fill*         0x50810606        0x2 
 COMMON         0x50810608        0x8 lib/libboot_ex_fat_rdonly.a(quec_boot_vfs.c.obj)
                0x50810608                quec_boot_block_dev
 COMMON         0x50810610       0xaa lib/libboot_ex_fat_rdonly.a(pff_basic.c.obj)
                0x50810610                FatFs
                0x50810618                LfnBuf
 *fill*         0x508106ba        0x2 
 .bss.quec_spi6_ext_nor_flash_capacity
                0x508106bc        0x4 lib/libboot_ex_spi6nor.a(quec_spi6_ext_norflash_cfg.c.obj)
                0x508106bc                quec_spi6_ext_nor_flash_capacity
 .bss.quec_spi6_ext_nor_flash_is_exist
                0x508106c0        0x1 lib/libboot_ex_spi6nor.a(quec_spi6_ext_norflash_cfg.c.obj)
                0x508106c0                quec_spi6_ext_nor_flash_is_exist
 .bss.quec_spi6_ext_norflash_mount_status
                0x508106c1        0x1 lib/libboot_ex_spi6nor.a(quec_spi6_ext_norflash_cfg.c.obj)
                0x508106c1                quec_spi6_ext_norflash_mount_status
 .bss.ql_boot_cur_spi6_port
                0x508106c2        0x1 lib/libboot_ex_ql_pin.a(quec_boot_pin_map.c.obj)
                0x508106c2                ql_boot_cur_spi6_port
 *fill*         0x508106c3        0x1 
 .bss.quec_nor_ext_mount_size
                0x508106c4        0x4 lib/libhal_prop.a(ql_hal_spi_flash_prop.c.obj)
                0x508106c4                quec_nor_ext_mount_size
 .bss.quec_nor_ext_mount_start_addr
                0x508106c8        0x4 lib/libhal_prop.a(ql_hal_spi_flash_prop.c.obj)
                0x508106c8                quec_nor_ext_mount_start_addr
                0x508106cc                __bss_end = .
                0x508106e0                . = ALIGN (0x20)
 *fill*         0x508106cc       0x14 

.sys_stack      0x00100c00     0x1800
                0x00100c00                __sys_stack_start = .
                0x00102400                . = (. + 0x1800)
 *fill*         0x00100c00     0x1800 
                0x00102400                __sys_stack_end = .
                0x00102400                . = ALIGN (0x20)

.irq_stack      0x00102400      0x800
                0x00102400                __irq_stack_start = .
                0x00102c00                . = (. + 0x800)
 *fill*         0x00102400      0x800 
                0x00102c00                __irq_stack_end = .
                0x00102c00                . = ALIGN (0x20)

.blue_screen    0x00102c00      0x600
                0x00102c00                __blue_screen_start = .
                0x00103200                . = (. + 0x600)
 *fill*         0x00102c00      0x600 
                0x00103200                __blue_screen_end = .
                0x00103200                . = ALIGN (0x20)

.sram_heap      0x00103200      0xe00
                0x00103200                __sram_heap_start = .
                0x00104000                . = (ORIGIN (syssram) + LENGTH (syssram))
 *fill*         0x00103200      0xe00 
                0x00104000                __sram_heap_end = .
                0x00104000                . = ALIGN (0x20)

.mmu_ttbl1      0x80000000     0x4000
                0x80000000                __mmu_ttbl1_start = .
                0x80004000                . = (. + 0x4000)
 *fill*         0x80000000     0x4000 
                0x80004000                __mmu_ttbl1_end = .
                0x80004000                . = ALIGN (0x20)

.ram_heap       0x80004000   0x7fc000
                0x80004000                __ram_heap_start = .
                0x80800000                . = (ORIGIN (ram) + LENGTH (ram))
 *fill*         0x80004000   0x7fc000 
                0x80800000                __ram_heap_end = .
                0x80800000                . = ALIGN (0x20)

.comment        0x00000000       0xc6
 *(.comment)
 .comment       0x00000000       0x79 components/bootloader/CMakeFiles/spl.dir/8850/spl_start.c.obj
                                 0x7a (size before relaxing)
 .comment       0x00000079       0x7a lib/libbootloader.a(boot_platform.c.obj)
 .comment       0x00000079       0x7a lib/libbootloader.a(boot_secure.c.obj)
 .comment       0x00000079       0x7a lib/libbootloader.a(boot_sffs_port.c.obj)
 .comment       0x00000079       0x7a lib/libbootloader.a(boot_delay.c.obj)
 .comment       0x00000079       0x7a lib/libbootloader.a(boot_mem.c.obj)
 .comment       0x00000079       0x7a lib/libbootloader.a(boot_spi_flash.c.obj)
 .comment       0x00000079       0x7a lib/libbootloader.a(boot_trace.c.obj)
 .comment       0x00000079       0x7a lib/libbootloader.a(boot_vfs.c.obj)
 .comment       0x00000079       0x7a lib/libbootloader.a(boot_irq_gic.c.obj)
 .comment       0x00000079       0x7a lib/libbootloader.a(boot_ifc_uart.c.obj)
 .comment       0x00000079       0x7a lib/libbootloader.a(boot_uart_cmn.c.obj)
 .comment       0x00000079       0x7a lib/libbootloader.a(boot_mmu.c.obj)
 .comment       0x00000079       0x7a lib/libbootloader.a(boot_override.c.obj)
 .comment       0x00000079       0x7a lib/libbootloader.a(boot_efuse.c.obj)
 .comment       0x00000079       0x7a lib/libhal.a(hal_clock_init.c.obj)
 .comment       0x00000079       0x7a lib/libhal.a(hal_rom_api.c.obj)
 .comment       0x00000079       0x7a lib/libhal.a(hal_pmu.c.obj)
 .comment       0x00000079       0x7a lib/libhal.a(hal_wdt.c.obj)
 .comment       0x00000079       0x7a lib/libhal.a(hal_chip.c.obj)
 .comment       0x00000079       0x7a lib/libhal.a(hal_chip_armv7a.c.obj)
 .comment       0x00000079       0x7a lib/libhal.a(hal_delay.c.obj)
 .comment       0x00000079       0x7a lib/libhal.a(hal_efuse_cache.c.obj)
 .comment       0x00000079       0x7a lib/libhal.a(hal_spi_flash.c.obj)
 .comment       0x00000079       0x7a lib/libhal.a(hal_adi_bus.c.obj)
 .comment       0x00000079       0x7a lib/libhal.a(hal_blue_screen.c.obj)
 .comment       0x00000079       0x7a lib/libhal.a(hal_hwspinlock.c.obj)
 .comment       0x00000079       0x7a lib/libhal.a(hal_efuse.c.obj)
 .comment       0x00000079       0x7a lib/libcalclib.a(simage.c.obj)
 .comment       0x00000079       0x7a lib/libboot_calclib_crc.a(crc32.c.obj)
 .comment       0x00000079       0x4d lib/libfupdate_core.a(fupdate_bootloader.c.obj)
                                 0x4e (size before relaxing)
 .comment       0x000000c6       0x4e lib/libfupdate_core.a(fupdate_common.c.obj)
 .comment       0x000000c6       0x4e lib/libsffs_core.a(sffs.c.obj)
 .comment       0x000000c6       0x4e lib/libsffs_core.a(lzmar.c.obj)
 .comment       0x000000c6       0x4e lib/libsffs_core.a(LzmaEnc.c.obj)
 .comment       0x000000c6       0x4e lib/libsffs_core.a(LzFind.c.obj)
 .comment       0x000000c6       0x7a lib/libbdev.a(block_device.c.obj)
 .comment       0x000000c6       0x7a lib/libosi_lib.a(osi_log.c.obj)
 .comment       0x000000c6       0x7a lib/libfsmount.a(fs_mount.c.obj)
 .comment       0x000000c6       0x7a lib/libboot_ex_ql.a(quec_boot_fota.c.obj)
 .comment       0x000000c6       0x7a lib/libhal.a(hal_lzma.c.obj)
 .comment       0x000000c6       0x7a lib/libhal.a(hal_chip.c.obj)
 .comment       0x000000c6       0x7a lib/libcalclib.a(decompress_unlzma.c.obj)
 .comment       0x000000c6       0x4e lib/libsffs_core.a(flash_block_device_v2.c.obj)
 .comment       0x000000c6       0x7a lib/libbdev.a(partition_block_device.c.obj)
 .comment       0x000000c6       0x7a ../../components/newlib/newlib-3.1.0/armca5/libc.a(lib_a-getreent.o)
 .comment       0x000000c6       0x7a ../../components/newlib/newlib-3.1.0/armca5/libc.a(lib_a-impure.o)
 .comment       0x000000c6       0x7a ../../components/newlib/newlib-3.1.0/armca5/libc.a(lib_a-memcmp.o)
 .comment       0x000000c6       0x7a ../../components/newlib/newlib-3.1.0/armca5/libc.a(lib_a-memcpy-stub.o)
 .comment       0x000000c6       0x7a ../../components/newlib/newlib-3.1.0/armca5/libc.a(lib_a-memmove.o)
 .comment       0x000000c6       0x7a ../../components/newlib/newlib-3.1.0/armca5/libc.a(lib_a-memset.o)
 .comment       0x000000c6       0x7a ../../components/newlib/newlib-3.1.0/armca5/libc.a(lib_a-strchr.o)
 .comment       0x000000c6       0x7a ../../components/newlib/newlib-3.1.0/armca5/libc.a(lib_a-strcpy.o)
 .comment       0x000000c6       0x7a ../../components/newlib/newlib-3.1.0/armca5/libc.a(lib_a-strdup.o)
 .comment       0x000000c6       0x7a ../../components/newlib/newlib-3.1.0/armca5/libc.a(lib_a-strdup_r.o)
 .comment       0x000000c6       0x7a ../../components/newlib/newlib-3.1.0/armca5/libc.a(lib_a-strncmp.o)
 .comment       0x000000c6       0x7a ../../components/newlib/newlib-3.1.0/armca5/libc.a(lib_a-strrchr.o)
 .comment       0x000000c6       0x7a lib/libboot_ex_fat_rdonly.a(quec_boot_pff_rdonly.c.obj)
 .comment       0x000000c6       0x7a lib/libboot_ex_fat_rdonly.a(quec_boot_vfs.c.obj)
 .comment       0x000000c6       0x7a lib/libboot_ex_fat_rdonly.a(pff_basic.c.obj)
 .comment       0x000000c6       0x7a lib/libboot_ex_fat_rdonly.a(pff_rdonly.c.obj)
 .comment       0x000000c6       0x7a lib/libboot_ex_fat_rdonly.a(quec_boot_block_device.c.obj)
 .comment       0x000000c6       0x7a lib/libboot_ex_fat_rdonly.a(diskio.c.obj)
 .comment       0x000000c6       0x7a lib/libboot_ex_spi6nor.a(quec_spi6_ext_norflash_cfg.c.obj)
 .comment       0x000000c6       0x7a lib/libboot_ex_spi6nor.a(quec_boot_pin_power_domain.c.obj)
 .comment       0x000000c6       0x7a lib/libboot_ex_ql_pin.a(quec_boot_pin_map.c.obj)
 .comment       0x000000c6       0x7a lib/libhal_prop.a(ql_hal_spi_flash_prop.c.obj)
 .comment       0x000000c6       0x7a lib/libhal_prop.a(hal_iomux.c.obj)
 .comment       0x000000c6       0x7a lib/libfs_partinfo.a(ql_fs_part_info.c.obj)

.ARM.attributes
                0x00000000       0x37
 *(.ARM.attributes)
 .ARM.attributes
                0x00000000       0x37 components/bootloader/CMakeFiles/spl.dir/8850/spl_start.c.obj
 .ARM.attributes
                0x00000037       0x37 lib/libbootloader.a(boot_platform.c.obj)
 .ARM.attributes
                0x0000006e       0x37 lib/libbootloader.a(boot_secure.c.obj)
 .ARM.attributes
                0x000000a5       0x25 lib/libbootloader.a(boot_entry_v7a.S.obj)
 .ARM.attributes
                0x000000ca       0x37 lib/libbootloader.a(boot_sffs_port.c.obj)
 .ARM.attributes
                0x00000101       0x37 lib/libbootloader.a(boot_delay.c.obj)
 .ARM.attributes
                0x00000138       0x37 lib/libbootloader.a(boot_mem.c.obj)
 .ARM.attributes
                0x0000016f       0x37 lib/libbootloader.a(boot_spi_flash.c.obj)
 .ARM.attributes
                0x000001a6       0x37 lib/libbootloader.a(boot_trace.c.obj)
 .ARM.attributes
                0x000001dd       0x37 lib/libbootloader.a(boot_vfs.c.obj)
 .ARM.attributes
                0x00000214       0x37 lib/libbootloader.a(boot_irq_gic.c.obj)
 .ARM.attributes